Archive member included to satisfy reference by file (symbol)

../../Compiler/COMMON/SGL_302j/LIB_ELF/SEGA_SYS.A(sys_exit.o)
                              ../../jo_engine/core.o (symbol from plugin) (SYS_Exit)
../../Compiler/COMMON/SGL_302j/LIB_ELF/SEGA_SYS.A(sys_sub.o)
                              ../../Compiler/COMMON/SGL_302j/LIB_ELF/SEGA_SYS.A(sys_exit.o) (SYSUB_SetStackptr)
../../Compiler/COMMON/SGL_302j/LIB_ELF/LIBCD.A(CDC_CMN.O)
                              ../../Compiler/COMMON/SGL_302j/LIB_ELF/SEGA_SYS.A(sys_exit.o) (CDC_GetCurStat)
../../Compiler/COMMON/SGL_302j/LIB_ELF/LIBCD.A(CDC_CFS.O)
                              ../../Compiler/COMMON/SGL_302j/LIB_ELF/SEGA_SYS.A(sys_exit.o) (CDC_ChgDir)
../../Compiler/COMMON/SGL_302j/LIB_ELF/LIBCD.A(CDC_REG.O)
                              ../../Compiler/COMMON/SGL_302j/LIB_ELF/SEGA_SYS.A(sys_exit.o) (CDC_GetHirqReq)
../../Compiler/COMMON/SGL_302j/LIB_ELF/LIBCD.A(CDC_SUB.O)
                              ../../Compiler/COMMON/SGL_302j/LIB_ELF/LIBCD.A(CDC_CMN.O) (CDSUB_UpdStatus)
../../Compiler/COMMON/SGL_302j/LIB_ELF/LIBCD.A(GFS.O)
                              ../../jo_engine/fs.o (symbol from plugin) (GFS_Init)
../../Compiler/COMMON/SGL_302j/LIB_ELF/LIBCD.A(GFS_BUF.O)
                              ../../Compiler/COMMON/SGL_302j/LIB_ELF/LIBCD.A(GFS.O) (GFBF_GetNumData)
../../Compiler/COMMON/SGL_302j/LIB_ELF/LIBCD.A(GFS_CDB.O)
                              ../../Compiler/COMMON/SGL_302j/LIB_ELF/LIBCD.A(GFS.O) (GFCB_Close)
../../Compiler/COMMON/SGL_302j/LIB_ELF/LIBCD.A(GFS_CDC.O)
                              ../../Compiler/COMMON/SGL_302j/LIB_ELF/LIBCD.A(GFS.O) (GFCD_SetCdbfs)
../../Compiler/COMMON/SGL_302j/LIB_ELF/LIBCD.A(GFS_CDF.O)
                              ../../Compiler/COMMON/SGL_302j/LIB_ELF/LIBCD.A(GFS.O) (GFCF_Init)
../../Compiler/COMMON/SGL_302j/LIB_ELF/LIBCD.A(GFS_DIR.O)
                              ../../Compiler/COMMON/SGL_302j/LIB_ELF/LIBCD.A(GFS.O) (GFDR_SetupDirTbl)
../../Compiler/COMMON/SGL_302j/LIB_ELF/LIBCD.A(GFS_TRN.O)
                              ../../Compiler/COMMON/SGL_302j/LIB_ELF/LIBCD.A(GFS.O) (GFTR_Setup)
../../Compiler/COMMON/SGL_302j/LIB_ELF/LIBCD.A(CDC_DRV.O)
                              ../../Compiler/COMMON/SGL_302j/LIB_ELF/LIBCD.A(GFS_CDC.O) (CDC_CdPlay)
../../Compiler/COMMON/SGL_302j/LIB_ELF/LIBCD.A(CDC_DEV.O)
                              ../../Compiler/COMMON/SGL_302j/LIB_ELF/LIBCD.A(GFS_CDC.O) (CDC_CdSetCon)
../../Compiler/COMMON/SGL_302j/LIB_ELF/LIBCD.A(CDC_SEL.O)
                              ../../Compiler/COMMON/SGL_302j/LIB_ELF/LIBCD.A(GFS_CDC.O) (CDC_SetFiltRange)
../../Compiler/COMMON/SGL_302j/LIB_ELF/LIBCD.A(CDC_BIF.O)
                              ../../Compiler/COMMON/SGL_302j/LIB_ELF/LIBCD.A(GFS_CDC.O) (CDC_GetBufSiz)
../../Compiler/COMMON/SGL_302j/LIB_ELF/LIBCD.A(CDC_BIO.O)
                              ../../Compiler/COMMON/SGL_302j/LIB_ELF/LIBCD.A(GFS_CDC.O) (CDC_SetSctLen)
../../Compiler/COMMON/SGL_302j/LIB_ELF/LIBSGL.A(sglA15.o)
                              ../../jo_engine/slave.o (symbol from plugin) (slSlaveFunc)
../../Compiler/COMMON/SGL_302j/LIB_ELF/LIBSGL.A(sglB001.o)
                              ../../jo_engine/core.o (symbol from plugin) (slTVOn)
../../Compiler/COMMON/SGL_302j/LIB_ELF/LIBSGL.A(sglB011.o)
                              ../../jo_engine/vdp2.o (symbol from plugin) (slBitMapNbg1)
../../Compiler/COMMON/SGL_302j/LIB_ELF/LIBSGL.A(sglB014.o)
                              ../../jo_engine/vdp2.o (symbol from plugin) (slScrTransparent)
../../Compiler/COMMON/SGL_302j/LIB_ELF/LIBSGL.A(sglB015.o)
                              ../../jo_engine/vdp2.o (symbol from plugin) (slScrAutoDisp)
../../Compiler/COMMON/SGL_302j/LIB_ELF/LIBSGL.A(sglB016.o)
                              ../../jo_engine/vdp2.o (symbol from plugin) (slBack1ColSet)
../../Compiler/COMMON/SGL_302j/LIB_ELF/LIBSGL.A(sglB020.o)
                              ../../jo_engine/vdp2.o (symbol from plugin) (slColorCalc)
../../Compiler/COMMON/SGL_302j/LIB_ELF/LIBSGL.A(sglB021.o)
                              ../../jo_engine/vdp2.o (symbol from plugin) (slColorCalcOn)
../../Compiler/COMMON/SGL_302j/LIB_ELF/LIBSGL.A(sglB023.o)
                              ../../jo_engine/vdp2.o (symbol from plugin) (slColRate)
../../Compiler/COMMON/SGL_302j/LIB_ELF/LIBSGL.A(sglB032.o)
                              ../../jo_engine/vdp2.o (symbol from plugin) (slMapNbg1)
../../Compiler/COMMON/SGL_302j/LIB_ELF/LIBSGL.A(sglB035.o)
                              ../../jo_engine/vdp2.o (symbol from plugin) (sl1MapRA)
../../Compiler/COMMON/SGL_302j/LIB_ELF/LIBSGL.A(sglB036.o)
                              ../../jo_engine/vdp2.o (symbol from plugin) (sl1MapRB)
../../Compiler/COMMON/SGL_302j/LIB_ELF/LIBSGL.A(sglB038.o)
                              ../../jo_engine/vdp2.o (symbol from plugin) (slRparaInitSet)
../../Compiler/COMMON/SGL_302j/LIB_ELF/LIBSGL.A(sglB039.o)
                              ../../jo_engine/vdp2.o (symbol from plugin) (slMakeKtable)
[...]
Memory Configuration

Name             Origin             Length             Attributes
*default*        0x0000000000000000 0xffffffffffffffff

Linker script and memory map


SLSTART         0x0000000006004000       0x30
                0x0000000006004000                ___Start = .
 *(SLSTART)
 SLSTART        0x0000000006004000       0x28 ../../Compiler/COMMON/SGL_302j/LIB_ELF/LIBSGL.A(sglI00.o)
                0x0000000006004000                SGL_Start
                0x0000000006004002                slStartSGL

.text           0x0000000006004040     0xe370
 *(.text)
 .text          0x0000000006004040        0x0 ../../Compiler/COMMON/SGL_302j/LIB_ELF/SGLAREA.O
 .text          0x0000000006004040     0x1478 /tmp/ccQZH8G0.ltrans0.ltrans.o
 *fill*         0x00000000060054b8        0x8 
 .text          0x00000000060054c0      0x238 ../../Compiler/COMMON/SGL_302j/LIB_ELF/SEGA_SYS.A(sys_exit.o)
                0x00000000060054c0                sys_version
                0x00000000060054e0                SYS_Exit
 *fill*         0x00000000060056f8        0x8 
 .text          0x0000000006005700        0x6 ../../Compiler/COMMON/SGL_302j/LIB_ELF/SEGA_SYS.A(sys_sub.o)
                0x0000000006005700                SYSUB_SetStackptr
 *fill*         0x0000000006005706        0xa 
 .text          0x0000000006005710      0x3a0 ../../Compiler/COMMON/SGL_302j/LIB_ELF/LIBCD.A(CDC_CMN.O)
                0x0000000006005710                CDC_GetCurStat
                0x0000000006005760                CDC_GetLastStat
                0x0000000006005778                CDC_GetPeriStat
                0x000000000600584c                CDC_GetHwInfo
                0x00000000060058b4                CDC_TgetToc
                0x0000000006005904                CDC_GetSes
                0x0000000006005940                CDC_CdInit
                0x00000000060059c4                CDC_CdOpen
                0x00000000060059ec                CDC_DataReady
                0x0000000006005a58                CDC_DataEnd
 .text          0x0000000006005ab0      0x194 ../../Compiler/COMMON/SGL_302j/LIB_ELF/LIBCD.A(CDC_CFS.O)
                0x0000000006005ab0                CDC_ChgDir
                0x0000000006005ae4                CDC_ReadDir
                0x0000000006005b18                CDC_GetFileScope
                0x0000000006005b78                CDC_TgetFileInfo
                0x0000000006005bd4                CDC_ReadFile
                0x0000000006005c08                CDC_AbortFile
 *fill*         0x0000000006005c44        0xc 
 .text          0x0000000006005c50      0x2dc ../../Compiler/COMMON/SGL_302j/LIB_ELF/LIBCD.A(CDC_REG.O)
                0x0000000006005c50                CDC_GetDataPtr
                0x0000000006005c60                CDC_GetHirqReq
                0x0000000006005c74                CDC_ClrHirqReq
                0x0000000006005ca4                CDREG_ClrHirqReq
                0x0000000006005cb4                CDREG_InitHirqReq
                0x0000000006005cdc                CDREG_SetHirqFlag
                0x0000000006005cf0                CDC_GetHirqMsk
                0x0000000006005d04                CDC_SetHirqMsk
                0x0000000006005d14                CDC_GetMpegPtr
                0x0000000006005d24                CDREG_TgetData
                0x0000000006005d80                CDREG_CmdRsp
                0x0000000006005e80                CDREG_WaitHirq
                0x0000000006005ef0                CDREG_ReadRsp
 *fill*         0x0000000006005f2c        0x4 
 .text          0x0000000006005f30      0x152 ../../Compiler/COMMON/SGL_302j/LIB_ELF/LIBCD.A(CDC_SUB.O)
                0x0000000006005f30                CDSUB_UpdStatus
                0x0000000006005f48                CDSUB_UpdCdstat
                0x0000000006005f68                CDSUB_CdCmd
                0x0000000006005fd8                CDSUB_GetCdstat
                0x0000000006006018                CDSUB_RspToCdstat
                0x0000000006006060                CDSUB_SoftTimer
 *fill*         0x0000000006006082        0xe 
 .text          0x0000000006006090     0x1adc ../../Compiler/COMMON/SGL_302j/LIB_ELF/LIBCD.A(GFS.O)
                0x0000000006006090                gfs_version
                0x00000000060060b0                GFS_Init
                0x0000000006006198                GFS_LoadDir
                0x0000000006006240                GFS_SetDir
                0x00000000060062a8                GFS_NameToId
                0x000000000600630c                GFS_IdToName
                0x0000000006006378                GFS_GetDirInfo
                0x00000000060063e8                GFS_Reset
                0x000000000600646c                GFS_Open
                0x0000000006006520                GFS_Close
                0x0000000006006558                GFS_Seek
                0x000000000600660c                GFS_Tell
                0x000000000600665c                GFS_IsEof
                0x00000000060066b0                GFS_ByteToSct
                0x000000000600670c                GFS_GetFileSize
                0x0000000006006768                GFS_GetFileInfo
                0x00000000060067dc                GFS_GetNumCdbuf
                0x0000000006006804                GFS_Load
                0x00000000060068c8                GFS_Fread
                0x0000000006006964                gfs_waitRead
                0x0000000006006a0c                GFS_NwFread
                0x0000000006006b18                GFS_NwCdRead
                0x0000000006006b90                GFS_NwIsComplete
                0x0000000006006bc8                GFS_NwStop
                0x0000000006006c34                GFS_NwGetStat
                0x0000000006006cb0                gfs_recovRdErr
                0x0000000006006ce0                GFS_NwExecOne
                0x0000000006006da0                GFS_NwExecServer
                0x0000000006006e1c                GFS_SetGmode
                0x0000000006006e80                GFS_SetTmode
                0x0000000006006eec                GFS_SetReadPara
                0x0000000006006f50                GFS_SetTransPara
                0x0000000006006fbc                GFS_SetTrFunc
                0x0000000006007020                GFS_StartTrans
                0x000000000600706c                GFS_CdMovePickup
                0x00000000060070d8                GFS_SetErrFunc
                0x0000000006007104                GFS_GetErrStat
                0x0000000006007128                GFS_ConvTno
                0x0000000006007150                gfs_chgRoot
                0x000000000600721c                gfs_aborttrans
                0x0000000006007228                gfs_mngSetupFuncTbl
                0x000000000600725c                gfs_mngInitWork
                0x0000000006007300                gfs_mngGetNumFile
                0x0000000006007368                GFS_mngAllocGrp
                0x00000000060073b0                gfs_mngFreeGrp
                0x00000000060073bc                gfs_mngTermAccess
                0x0000000006007440                gfs_mngSetErrCode
                0x00000000060074c0                gfs_svrSearchHndl
                0x0000000006007500                gfs_svrAddHndl
                0x000000000600753c                gfs_svrRemoveHndl
                0x0000000006007598                GFS_OpenSub
                0x00000000060075f0                gfs_loadVol
                0x00000000060076b4                gfs_getRootDir
                0x00000000060077b0                gfs_loadRootDir
                0x0000000006007838                gfs_flowIn
                0x00000000060078e0                gfs_transData
                0x0000000006007984                GFS_GetFad
                0x00000000060079dc                gfs_SetSct
                0x0000000006007a1c                gfs_GetFinfo
                0x0000000006007a5c                gfs_closeSub
                0x0000000006007a98                gfs_getGmode
                0x0000000006007aa4                gfs_isTaskDone
                0x0000000006007af8                gfs_convFinStat
 *fill*         0x0000000006007b6c        0x4 
 .text          0x0000000006007b70      0x106 ../../Compiler/COMMON/SGL_302j/LIB_ELF/LIBCD.A(GFS_BUF.O)
                0x0000000006007ba0                GFBF_GetTranData
                0x0000000006007bc8                GFBF_GetNumData
                0x0000000006007bf8                GFBF_GetSrcPk
                0x0000000006007c20                GFBF_GetSctData
                0x0000000006007c44                GFBF_RtnPk
                0x0000000006007c6c                gfbf_getSctDt
 *fill*         0x0000000006007c76        0xa 
 .text          0x0000000006007c80      0x600 ../../Compiler/COMMON/SGL_302j/LIB_ELF/LIBCD.A(GFS_CDB.O)
                0x0000000006007c80                GFCB_Setup
                0x0000000006007da0                GFCB_Close
                0x0000000006007dc8                GFCB_GetLenData
                0x0000000006007e74                GFCB_GetLenRoom
                0x0000000006007e80                GFCB_SetFilt
                0x0000000006007ee8                GFCB_DeleteAllData
                0x0000000006007f10                GFCB_Tell
                0x0000000006007f20                gfcb_getSctNum
                0x0000000006007f70                GFCB_Seek
                0x000000000600806c                GFCB_GetSrcPack
                0x000000000600814c                GFCB_GetSctData
                0x0000000006008184                GFCB_GetDstPack
                0x0000000006008190                GFCB_RtnPk
                0x00000000060081d8                GFCB_MovePickup
                0x00000000060081f4                GFCB_SetCon
                0x0000000006008228                GFCB_GetPickup
                0x0000000006008250                GFCB_IsPuOwner
                0x0000000006008268                GFCB_UngetPickup
 .text          0x0000000006008280     0x1a10 ../../Compiler/COMMON/SGL_302j/LIB_ELF/LIBCD.A(GFS_CDC.O)
                0x0000000006008280                GFCD_SetCdbfs
                0x00000000060082ac                GFCD_Init
                0x00000000060084b0                GFCD_AllocFilt
                0x00000000060084ec                GFCD_FreeFilt
                0x000000000600851c                GFCD_AllocBuf
                0x0000000006008550                GFCD_FreeBuf
                0x00000000060085f4                GFCD_GetBaseFad
                0x0000000006008628                GFCD_GetPickup
                0x000000000600865c                GFCD_UngetPickup
                0x0000000006008688                GFCD_IsPuOwner
                0x00000000060086ac                GFCD_SetFilt
                0x0000000006008770                GFCD_GetFilt
                0x00000000060087b8                GFCD_SetCon
                0x0000000006008810                GFCD_Play
                0x0000000006008870                GFCD_GetLenData
                0x00000000060088d8                GFCD_ReqData
                0x0000000006008934                GFCD_EndData
                0x000000000600897c                GFCD_DelSctData
                0x00000000060089d4                GFCD_CheckDelSctData
                0x0000000006008a04                GFCD_GetStat
                0x0000000006008ab8                GFCD_MovePickup
                0x0000000006008b04                GFCD_MoveSctData
                0x0000000006008b78                GFCD_CheckMove
                0x0000000006008b9c                GFCD_GetSctInfo
                0x0000000006008be4                GFCD_ChgDir
                0x0000000006008c58                GFCD_SetFiltCon
                0x0000000006008d40                GFCD_GetFileInfo
                0x0000000006008e1c                GFCD_GetBufSiz
                0x0000000006008e54                GFCD_ExecServer
                0x0000000006008f28                gfcd_isIdleTask
                0x0000000006008fb4                gfcd_doTask
                0x0000000006009060                GFCD_SetTimer
                0x0000000006009074                GFCD_WaitServer
                0x00000000060090b0                gfcd_doSetFiltTsk
                0x0000000006009274                gfcd_doSetConTsk
                0x0000000006009304                gfcd_doGetLenDataTsk
                0x0000000006009458                gfcd_doReqDataTsk
                0x00000000060094f8                gfcd_doDelSctDataTsk
                0x000000000600962c                gfcd_doMoveSctTsk
                0x0000000006009790                gfcd_doChgDirTsk
                0x000000000600998c                gfcd_doSetFiltConTsk
                0x0000000006009ad0                gfcd_checkEflag
                0x0000000006009af4                gfcd_initCdbMng
                0x0000000006009b74                gfcd_setStat
                0x0000000006009ba0                GFCD_SetCsctFunc
                0x0000000006009bbc                GFCD_ChkScdqFlag
                0x0000000006009be0                GFCD_ClrScdqFlag
                0x0000000006009bfc                GFCD_WaitScdqFlag
                0x0000000006009c40                GFCD_WaitPause
 .text          0x0000000006009c90      0x8d8 ../../Compiler/COMMON/SGL_302j/LIB_ELF/LIBCD.A(GFS_CDF.O)
                0x0000000006009c90                GFCF_Init
                0x0000000006009d30                GFCF_Setup
                0x0000000006009e78                GFCF_SetSct
                0x0000000006009ebc                GFCF_GetFileInfo
                0x0000000006009f30                GFCF_FlowInBuf
                0x000000000600a084                GFCF_StopInBuf
                0x000000000600a124                GFCF_Recover
                0x000000000600a16c                GFCF_Tell
                0x000000000600a184                GFCF_Seek
                0x000000000600a19c                GFCF_MovePickup
                0x000000000600a238                GFCF_cnvIntlvOfs
                0x000000000600a28c                GFCF_GetStat
                0x000000000600a324                gfcf_getSctSize
                0x000000000600a360                gfcf_isCdOk
                0x000000000600a420                gfcf_getPlayRange
 *fill*         0x000000000600a568        0x8 
 .text          0x000000000600a570      0x92c ../../Compiler/COMMON/SGL_302j/LIB_ELF/LIBCD.A(GFS_DIR.O)
                0x000000000600a570                GFDR_SetupDirTbl
                0x000000000600a5e4                GFDR_NameToId
                0x000000000600a644                GFDR_GetInfoDirId
                0x000000000600a658                GFDR_GetInfoDirName
                0x000000000600a66c                GFDR_GetAtrDirId
                0x000000000600a684                GFDR_GetAtrDirName
                0x000000000600a69c                GFDR_ChgRoot
                0x000000000600a6b4                GFDR_ChgDir
                0x000000000600a728                gfdr_setupDirIdTbl
                0x000000000600a7ac                gfdr_setupDirNameTbl
                0x000000000600a858                gfdr_open
                0x000000000600a880                gfdr_read
                0x000000000600a940                gfdr_readByte
                0x000000000600a96c                gfdr_readWord
                0x000000000600a998                gfdr_readWordNB
                0x000000000600a9ec                gfdr_readLongNB
                0x000000000600aa38                gfdr_readLongNM
                0x000000000600aa60                gfdr_setNextRec
                0x000000000600aae4                gfdr_readDirEnt
                0x000000000600ae60                gfdr_setDirrecCd
 *fill*         0x000000000600ae9c        0x4 
 .text          0x000000000600aea0      0x9c6 ../../Compiler/COMMON/SGL_302j/LIB_ELF/LIBCD.A(GFS_TRN.O)
                0x000000000600aed0                GFTR_Setup
                0x000000000600af14                GFTR_SetMode
                0x000000000600af28                GFTR_SetUnit
                0x000000000600af34                GFTR_SetTransPara
                0x000000000600af68                GFTR_GetTransPara
                0x000000000600af74                GFTR_GetNumTrans
                0x000000000600af80                GFTR_SetTransMax
                0x000000000600af8c                GFTR_Start
                0x000000000600af98                GFTR_Pause
                0x000000000600afa4                GFTR_Stop
                0x000000000600b05c                GFTR_Exec
                0x000000000600b0e0                GFTR_Idle
                0x000000000600b158                GFTR_ExecSvr
                0x000000000600b260                gftr_getSrcPack
                0x000000000600b2e8                gftr_getDstPack
                0x000000000600b344                gftr_reqScu
                0x000000000600b350                gftr_execScu
                0x000000000600b3ec                gftr_remScu
                0x000000000600b420                gfdma_canUse
                0x000000000600b42c                gfdma_exec
                0x000000000600b49c                gfdma_getBytecnt
                0x000000000600b4d4                gftr_reqDma0
                0x000000000600b4ec                gftr_execSdma0
                0x000000000600b510                gftr_remDma0
                0x000000000600b528                gftr_reqDma1
                0x000000000600b540                gftr_execSdma1
                0x000000000600b564                gftr_remDma1
                0x000000000600b57c                gftr_reqCpu
                0x000000000600b588                gftr_execCpu
                0x000000000600b5c8                gftr_remCpu
                0x000000000600b5d4                gftr_reqTrn
                0x000000000600b644                gftr_execTrn
                0x000000000600b71c                gftr_remTrn
                0x000000000600b790                gftr_copyFrac
                0x000000000600b7b8                GFTR_GetLenData
                0x000000000600b7c4                GFTR_GetLenRoom
                0x000000000600b7dc                GFTR_GetDstPack
                0x000000000600b810                GFTR_RtnDstPk
                0x000000000600b82c                GFTR_GetData
                0x000000000600b840                GFTR_SetData
                0x000000000600b854                GFTR_SetTransFunc
 *fill*         0x000000000600b866        0xa 
 .text          0x000000000600b870      0x130 ../../Compiler/COMMON/SGL_302j/LIB_ELF/LIBCD.A(CDC_DRV.O)
                0x000000000600b870                CDC_CdPlay
                0x000000000600b93c                CDC_CdSeek
                0x000000000600b970                CDC_CdScan
 .text          0x000000000600b9a0       0xa8 ../../Compiler/COMMON/SGL_302j/LIB_ELF/LIBCD.A(CDC_DEV.O)
                0x000000000600b9a0                CDC_CdSetCon
                0x000000000600b9d0                CDC_CdGetCon
                0x000000000600ba0c                CDC_CdGetLastBuf
 *fill*         0x000000000600ba48        0x8 
 .text          0x000000000600ba50      0x2b8 ../../Compiler/COMMON/SGL_302j/LIB_ELF/LIBCD.A(CDC_SEL.O)
                0x000000000600ba50                CDC_SetFiltRange
                0x000000000600ba84                CDC_GetFiltRange
                0x000000000600badc                CDC_SetFiltSubh
                0x000000000600bb4c                CDC_GetFiltSubh
                0x000000000600bbc8                CDC_SetFiltMode
                0x000000000600bbfc                CDC_GetFiltMode
                0x000000000600bc40                CDC_SetFiltCon
                0x000000000600bc80                CDC_GetFiltCon
                0x000000000600bcd4                CDC_ResetSelector
 *fill*         0x000000000600bd08        0x8 
 .text          0x000000000600bd10      0x270 ../../Compiler/COMMON/SGL_302j/LIB_ELF/LIBCD.A(CDC_BIF.O)
                0x000000000600bd10                CDC_GetBufSiz
                0x000000000600bd6c                CDC_GetSctNum
                0x000000000600bdb0                CDC_CalActSiz
                0x000000000600bdec                CDC_GetActSiz
                0x000000000600be6c                CDC_GetSctInfo
                0x000000000600beec                CDC_ExeFadSearch
                0x000000000600bf24                CDC_GetFadSearch
 .text          0x000000000600bf80      0x1e4 ../../Compiler/COMMON/SGL_302j/LIB_ELF/LIBCD.A(CDC_BIO.O)
                0x000000000600bf80                CDC_SetSctLen
                0x000000000600bfb4                CDC_GetSctData
                0x000000000600bff0                CDC_DelSctData
                0x000000000600c02c                CDC_GetdelSctData
                0x000000000600c068                CDC_PutSctData
                0x000000000600c0a0                CDC_CopySctData
                0x000000000600c0e4                CDC_MoveSctData
                0x000000000600c128                CDC_GetCopyErr
 *fill*         0x000000000600c164        0xc 
 .text          0x000000000600c170        0x0 ../../Compiler/COMMON/SGL_302j/LIB_ELF/LIBSGL.A(sglA15.o)
 .text          0x000000000600c170        0x0 ../../Compiler/COMMON/SGL_302j/LIB_ELF/LIBSGL.A(sglB001.o)
 .text          0x000000000600c170        0x0 ../../Compiler/COMMON/SGL_302j/LIB_ELF/LIBSGL.A(sglB011.o)
 .text          0x000000000600c170        0x0 ../../Compiler/COMMON/SGL_302j/LIB_ELF/LIBSGL.A(sglB014.o)
 .text          0x000000000600c170        0x0 ../../Compiler/COMMON/SGL_302j/LIB_ELF/LIBSGL.A(sglB015.o)
 .text          0x000000000600c170        0x0 ../../Compiler/COMMON/SGL_302j/LIB_ELF/LIBSGL.A(sglB016.o)
 .text          0x000000000600c170        0x0 ../../Compiler/COMMON/SGL_302j/LIB_ELF/LIBSGL.A(sglB020.o)
 .text          0x000000000600c170        0x0 ../../Compiler/COMMON/SGL_302j/LIB_ELF/LIBSGL.A(sglB021.o)
 .text          0x000000000600c170        0x0 ../../Compiler/COMMON/SGL_302j/LIB_ELF/LIBSGL.A(sglB023.o)
 .text          0x000000000600c170        0x0 ../../Compiler/COMMON/SGL_302j/LIB_ELF/LIBSGL.A(sglB032.o)
 .text          0x000000000600c170        0x0 ../../Compiler/COMMON/SGL_302j/LIB_ELF/LIBSGL.A(sglB035.o)
 .text          0x000000000600c170        0x0 ../../Compiler/COMMON/SGL_302j/LIB_ELF/LIBSGL.A(sglB036.o)
 .text          0x000000000600c170        0x0 ../../Compiler/COMMON/SGL_302j/LIB_ELF/LIBSGL.A(sglB038.o)
 .text          0x000000000600c170        0x0 ../../Compiler/COMMON/SGL_302j/LIB_ELF/LIBSGL.A(sglB039.o)
 .text          0x000000000600c170        0x0 ../../Compiler/COMMON/SGL_302j/LIB_ELF/LIBSGL.A(sglB040.o)
 .text          0x000000000600c170        0x0 ../../Compiler/COMMON/SGL_302j/LIB_ELF/LIBSGL.A(sglB041.o)
 .text          0x000000000600c170        0x0 ../../Compiler/COMMON/SGL_302j/LIB_ELF/LIBSGL.A(sglB043.o)
 .text          0x000000000600c170        0x0 ../../Compiler/COMMON/SGL_302j/LIB_ELF/LIBSGL.A(sglB047.o)
 .text          0x000000000600c170        0x0 ../../Compiler/COMMON/SGL_302j/LIB_ELF/LIBSGL.A(sglB048.o)
 .text          0x000000000600c170        0x0 ../../Compiler/COMMON/SGL_302j/LIB_ELF/LIBSGL.A(sglB056.o)
 .text          0x000000000600c170        0x0 ../../Compiler/COMMON/SGL_302j/LIB_ELF/LIBSGL.A(sglB059.o)
 .text          0x000000000600c170        0x0 ../../Compiler/COMMON/SGL_302j/LIB_ELF/LIBSGL.A(sglB060.o)
 .text          0x000000000600c170        0x0 ../../Compiler/COMMON/SGL_302j/LIB_ELF/LIBSGL.A(sglB063.o)
 .text          0x000000000600c170        0x0 ../../Compiler/COMMON/SGL_302j/LIB_ELF/LIBSGL.A(sglB087.o)
 .text          0x000000000600c170        0x0 ../../Compiler/COMMON/SGL_302j/LIB_ELF/LIBSGL.A(sglB088.o)
 .text          0x000000000600c170        0x0 ../../Compiler/COMMON/SGL_302j/LIB_ELF/LIBSGL.A(sglB090.o)
 .text          0x000000000600c170        0x0 ../../Compiler/COMMON/SGL_302j/LIB_ELF/LIBSGL.A(sglB200.o)
 .text          0x000000000600c170        0x0 ../../Compiler/COMMON/SGL_302j/LIB_ELF/LIBSGL.A(sglC05.o)
 .text          0x000000000600c170        0x0 ../../Compiler/COMMON/SGL_302j/LIB_ELF/LIBSGL.A(sglC06.o)
 .text          0x000000000600c170        0x0 ../../Compiler/COMMON/SGL_302j/LIB_ELF/LIBSGL.A(sglC07.o)
 .text          0x000000000600c170        0x0 ../../Compiler/COMMON/SGL_302j/LIB_ELF/LIBSGL.A(sglC17.o)
 .text          0x000000000600c170        0x0 ../../Compiler/COMMON/SGL_302j/LIB_ELF/LIBSGL.A(sglC19.o)
 .text          0x000000000600c170        0x0 ../../Compiler/COMMON/SGL_302j/LIB_ELF/LIBSGL.A(sglC20.o)
 .text          0x000000000600c170        0x0 ../../Compiler/COMMON/SGL_302j/LIB_ELF/LIBSGL.A(sglC21.o)
 .text          0x000000000600c170        0x0 ../../Compiler/COMMON/SGL_302j/LIB_ELF/LIBSGL.A(sglD00.o)
 .text          0x000000000600c170        0x0 ../../Compiler/COMMON/SGL_302j/LIB_ELF/LIBSGL.A(sglD01.o)
 .text          0x000000000600c170        0x0 ../../Compiler/COMMON/SGL_302j/LIB_ELF/LIBSGL.A(sglD03.o)
 .text          0x000000000600c170        0x0 ../../Compiler/COMMON/SGL_302j/LIB_ELF/LIBSGL.A(sglD15.o)
 .text          0x000000000600c170        0x0 ../../Compiler/COMMON/SGL_302j/LIB_ELF/LIBSGL.A(sglD16.o)
 .text          0x000000000600c170        0x0 ../../Compiler/COMMON/SGL_302j/LIB_ELF/LIBSGL.A(sglD17.o)
 .text          0x000000000600c170        0x0 ../../Compiler/COMMON/SGL_302j/LIB_ELF/LIBSGL.A(sglD18.o)
 .text          0x000000000600c170        0x0 ../../Compiler/COMMON/SGL_302j/LIB_ELF/LIBSGL.A(sglF00.o)
 .text          0x000000000600c170        0x0 ../../Compiler/COMMON/SGL_302j/LIB_ELF/LIBSGL.A(sglF05.o)
 .text          0x000000000600c170        0x0 ../../Compiler/COMMON/SGL_302j/LIB_ELF/LIBSGL.A(sglF08.o)
 .text          0x000000000600c170        0x0 ../../Compiler/COMMON/SGL_302j/LIB_ELF/LIBSGL.A(sglH00.o)
 .text          0x000000000600c170        0x0 ../../Compiler/COMMON/SGL_302j/LIB_ELF/LIBSGL.A(sglH01.o)
 .text          0x000000000600c170        0x0 ../../Compiler/COMMON/SGL_302j/LIB_ELF/LIBSGL.A(sglH02.o)
 .text          0x000000000600c170        0x0 ../../Compiler/COMMON/SGL_302j/LIB_ELF/LIBSGL.A(sglH04.o)
 .text          0x000000000600c170        0x0 ../../Compiler/COMMON/SGL_302j/LIB_ELF/LIBSGL.A(sglI01.o)
 .text          0x000000000600c170        0x0 ../../Compiler/COMMON/SGL_302j/LIB_ELF/LIBSGL.A(sglI04.o)
 .text          0x000000000600c170      0x128 ../../Compiler/COMMON/SGL_302j/LIB_ELF/LIBSGL.A(sglIc0.o)
                0x000000000600c170                slInitSystem
 *fill*         0x000000000600c298        0x8 
 .text          0x000000000600c2a0        0x0 ../../Compiler/COMMON/SGL_302j/LIB_ELF/LIBSGL.A(sglJ00.o)
 .text          0x000000000600c2a0        0x0 ../../Compiler/COMMON/SGL_302j/LIB_ELF/LIBSGL.A(sglJ01.o)
 .text          0x000000000600c2a0        0x0 ../../Compiler/COMMON/SGL_302j/LIB_ELF/LIBSGL.A(sglJ02.o)
 .text          0x000000000600c2a0        0x0 ../../Compiler/COMMON/SGL_302j/LIB_ELF/LIBSGL.A(sglJ03.o)
 .text          0x000000000600c2a0        0x0 ../../Compiler/COMMON/SGL_302j/LIB_ELF/LIBSGL.A(sglJ04.o)
 .text          0x000000000600c2a0        0x0 ../../Compiler/COMMON/SGL_302j/LIB_ELF/LIBSGL.A(sglJ05.o)
 .text          0x000000000600c2a0        0x0 ../../Compiler/COMMON/SGL_302j/LIB_ELF/LIBSGL.A(sglK01.o)
 .text          0x000000000600c2a0        0x0 ../../Compiler/COMMON/SGL_302j/LIB_ELF/LIBSGL.A(sglM01.o)
 .text          0x000000000600c2a0        0x0 ../../Compiler/COMMON/SGL_302j/LIB_ELF/LIBSGL.A(sglA00.o)
 .text          0x000000000600c2a0        0x0 ../../Compiler/COMMON/SGL_302j/LIB_ELF/LIBSGL.A(sglA01.o)
 .text          0x000000000600c2a0        0x0 ../../Compiler/COMMON/SGL_302j/LIB_ELF/LIBSGL.A(sglA20.o)
 .text          0x000000000600c2a0        0x0 ../../Compiler/COMMON/SGL_302j/LIB_ELF/LIBSGL.A(sglB000.o)
 .text          0x000000000600c2a0        0x0 ../../Compiler/COMMON/SGL_302j/LIB_ELF/LIBSGL.A(sglC00.o)
 .text          0x000000000600c2a0        0x0 ../../Compiler/COMMON/SGL_302j/LIB_ELF/LIBSGL.A(sglI00.o)
 .text          0x000000000600c2a0        0x0 ../../Compiler/COMMON/SGL_302j/LIB_ELF/LIBSGL.A(sglH03.o)
 .text          0x000000000600c2a0       0x52 /run/media/HDD/programmier8/TeamStarlane/blueskies/joengine/joengine-master/Compiler/LINUX/bin/../lib/gcc/sh-none-elf/8.2.0/libgcc.a(_ashiftrt.o)
                0x000000000600c2a0                __ashiftrt_r4_31
                0x000000000600c2a0                __ashiftrt_r4_32
                0x000000000600c2a6                __ashiftrt_r4_30
                0x000000000600c2a8                __ashiftrt_r4_29
                0x000000000600c2aa                __ashiftrt_r4_28
                0x000000000600c2ac                __ashiftrt_r4_27
                0x000000000600c2ae                __ashiftrt_r4_26
                0x000000000600c2b0                __ashiftrt_r4_25
                0x000000000600c2b2                __ashiftrt_r4_24
                0x000000000600c2ba                __ashiftrt_r4_23
                0x000000000600c2bc                __ashiftrt_r4_22
                0x000000000600c2be                __ashiftrt_r4_21
                0x000000000600c2c0                __ashiftrt_r4_20
                0x000000000600c2c2                __ashiftrt_r4_19
                0x000000000600c2c4                __ashiftrt_r4_18
                0x000000000600c2c6                __ashiftrt_r4_17
                0x000000000600c2c8                __ashiftrt_r4_16
                0x000000000600c2ce                __ashiftrt_r4_15
                0x000000000600c2d0                __ashiftrt_r4_14
                0x000000000600c2d2                __ashiftrt_r4_13
                0x000000000600c2d4                __ashiftrt_r4_12
                0x000000000600c2d6                __ashiftrt_r4_11
                0x000000000600c2d8                __ashiftrt_r4_10
                0x000000000600c2da                __ashiftrt_r4_9
                0x000000000600c2dc                __ashiftrt_r4_8
                0x000000000600c2de                __ashiftrt_r4_7
                0x000000000600c2e0                __ashiftrt_r4_6
                0x000000000600c2e2                __ashiftrt_r4_5
                0x000000000600c2e4                __ashiftrt_r4_4
                0x000000000600c2e6                __ashiftrt_r4_3
                0x000000000600c2e8                __ashiftrt_r4_2
                0x000000000600c2ea                __ashiftrt_r4_1
                0x000000000600c2ee                __ashiftrt_r4_0
 *fill*         0x000000000600c2f2        0x2 
 .text          0x000000000600c2f4       0xa0 /run/media/HDD/programmier8/TeamStarlane/blueskies/joengine/joengine-master/Compiler/LINUX/bin/../lib/gcc/sh-none-elf/8.2.0/libgcc.a(_sdivsi3.o)
                0x000000000600c2f4                __sdivsi3
 .text          0x000000000600c394       0x6c /run/media/HDD/programmier8/TeamStarlane/blueskies/joengine/joengine-master/Compiler/LINUX/bin/../lib/gcc/sh-none-elf/8.2.0/libgcc.a(_udivsi3.o)
                0x000000000600c3b6                __udivsi3
 .text          0x000000000600c400      0x134 /run/media/HDD/programmier8/TeamStarlane/blueskies/joengine/joengine-master/Compiler/LINUX/bin/../lib/gcc/sh-none-elf/8.2.0/libgcc.a(_mul_sf.o)
                0x000000000600c400                __mulsf3
 .text          0x000000000600c534       0xdc /run/media/HDD/programmier8/TeamStarlane/blueskies/joengine/joengine-master/Compiler/LINUX/bin/../lib/gcc/sh-none-elf/8.2.0/libgcc.a(_div_sf.o)
                0x000000000600c534                __divsf3
 .text          0x000000000600c610       0x7c /run/media/HDD/programmier8/TeamStarlane/blueskies/joengine/joengine-master/Compiler/LINUX/bin/../lib/gcc/sh-none-elf/8.2.0/libgcc.a(_sf_to_si.o)
                0x000000000600c610                __fixsfsi
 .text          0x000000000600c68c        0x0 /run/media/HDD/programmier8/TeamStarlane/blueskies/joengine/joengine-master/Compiler/LINUX/bin/../lib/gcc/sh-none-elf/8.2.0/libgcc.a(_thenan_sf.o)
 .text          0x000000000600c68c       0x94 /run/media/HDD/programmier8/TeamStarlane/blueskies/joengine/joengine-master/Compiler/LINUX/bin/../lib/gcc/sh-none-elf/8.2.0/libgcc.a(_usi_to_sf.o)
                0x000000000600c68c                __floatunsisf
 .text          0x000000000600c720      0x114 /run/media/HDD/programmier8/TeamStarlane/blueskies/joengine/joengine-master/Compiler/LINUX/bin/../lib/gcc/sh-none-elf/8.2.0/libgcc.a(_pack_sf.o)
                0x000000000600c720                __pack_f
 .text          0x000000000600c834       0xa0 /run/media/HDD/programmier8/TeamStarlane/blueskies/joengine/joengine-master/Compiler/LINUX/bin/../lib/gcc/sh-none-elf/8.2.0/libgcc.a(_unpack_sf.o)
                0x000000000600c834                __unpack_f
 .text          0x000000000600c8d4       0x1e /run/media/HDD/programmier8/TeamStarlane/blueskies/joengine/joengine-master/Compiler/LINUX/bin/../lib/gcc/sh-none-elf/8.2.0/../../../../sh-none-elf/lib/libc.a(lib_a-memcmp.o)
                0x000000000600c8d4                memcmp
 *fill*         0x000000000600c8f2        0x2 
 .text          0x000000000600c8f4       0x94 /run/media/HDD/programmier8/TeamStarlane/blueskies/joengine/joengine-master/Compiler/LINUX/bin/../lib/gcc/sh-none-elf/8.2.0/../../../../sh-none-elf/lib/libc.a(lib_a-memcpy.o)
                0x000000000600c8f4                memcpy
 .text          0x000000000600c988       0x40 /run/media/HDD/programmier8/TeamStarlane/blueskies/joengine/joengine-master/Compiler/LINUX/bin/../lib/gcc/sh-none-elf/8.2.0/../../../../sh-none-elf/lib/libc.a(lib_a-memset.o)
                0x000000000600c988                memset
 .text          0x000000000600c9c8       0x8c /run/media/HDD/programmier8/TeamStarlane/blueskies/joengine/joengine-master/Compiler/LINUX/bin/../lib/gcc/sh-none-elf/8.2.0/../../../../sh-none-elf/lib/libc.a(lib_a-sprintf.o)
                0x000000000600c9c8                _sprintf_r
                0x000000000600ca08                sprintf
 .text          0x000000000600ca54       0x2a /run/media/HDD/programmier8/TeamStarlane/blueskies/joengine/joengine-master/Compiler/LINUX/bin/../lib/gcc/sh-none-elf/8.2.0/../../../../sh-none-elf/lib/libc.a(lib_a-strncmp.o)
                0x000000000600ca54                strncmp
 .text          0x000000000600ca7e       0x32 /run/media/HDD/programmier8/TeamStarlane/blueskies/joengine/joengine-master/Compiler/LINUX/bin/../lib/gcc/sh-none-elf/8.2.0/../../../../sh-none-elf/lib/libc.a(lib_a-strncpy.o)
                0x000000000600ca7e                strncpy
 .text          0x000000000600cab0     0x1378 /run/media/HDD/programmier8/TeamStarlane/blueskies/joengine/joengine-master/Compiler/LINUX/bin/../lib/gcc/sh-none-elf/8.2.0/../../../../sh-none-elf/lib/libc.a(lib_a-svfprintf.o)
                0x000000000600cab0                _svfprintf_r
 .text          0x000000000600de28      0xef4 /run/media/HDD/programmier8/TeamStarlane/blueskies/joengine/joengine-master/Compiler/LINUX/bin/../lib/gcc/sh-none-elf/8.2.0/../../../../sh-none-elf/lib/libc.a(lib_a-dtoa.o)
                0x000000000600df5c                _dtoa_r
 .text          0x000000000600ed1c        0x0 /run/media/HDD/programmier8/TeamStarlane/blueskies/joengine/joengine-master/Compiler/LINUX/bin/../lib/gcc/sh-none-elf/8.2.0/../../../../sh-none-elf/lib/libc.a(lib_a-impure.o)
 .text          0x000000000600ed1c       0x40 /run/media/HDD/programmier8/TeamStarlane/blueskies/joengine/joengine-master/Compiler/LINUX/bin/../lib/gcc/sh-none-elf/8.2.0/../../../../sh-none-elf/lib/libc.a(lib_a-localeconv.o)
                0x000000000600ed1c                __localeconv_l
                0x000000000600ed24                _localeconv_r
                0x000000000600ed40                localeconv
 .text          0x000000000600ed5c       0xa8 /run/media/HDD/programmier8/TeamStarlane/blueskies/joengine/joengine-master/Compiler/LINUX/bin/../lib/gcc/sh-none-elf/8.2.0/../../../../sh-none-elf/lib/libc.a(lib_a-locale.o)
                0x000000000600ed5c                _setlocale_r
                0x000000000600eda8                __locale_mb_cur_max
                0x000000000600edc8                __locale_ctype_ptr_l
                0x000000000600edd2                __locale_ctype_ptr
                0x000000000600edf0                setlocale
 .text          0x000000000600ee04       0x4c /run/media/HDD/programmier8/TeamStarlane/blueskies/joengine/joengine-master/Compiler/LINUX/bin/../lib/gcc/sh-none-elf/8.2.0/../../../../sh-none-elf/lib/libc.a(lib_a-mbtowc_r.o)
                0x000000000600ee04                _mbtowc_r
                0x000000000600ee28                __ascii_mbtowc
 .text          0x000000000600ee50       0x1c /run/media/HDD/programmier8/TeamStarlane/blueskies/joengine/joengine-master/Compiler/LINUX/bin/../lib/gcc/sh-none-elf/8.2.0/../../../../sh-none-elf/lib/libc.a(lib_a-memchr.o)
                0x000000000600ee50                memchr
 .text          0x000000000600ee6c      0xa9c /run/media/HDD/programmier8/TeamStarlane/blueskies/joengine/joengine-master/Compiler/LINUX/bin/../lib/gcc/sh-none-elf/8.2.0/../../../../sh-none-elf/lib/libc.a(lib_a-mprec.o)
                0x000000000600ee6c                _Balloc
                0x000000000600eee0                _Bfree
                0x000000000600eef8                __multadd
                0x000000000600efa0                __s2b
                0x000000000600f060                __hi0bits
                0x000000000600f0b4                __lo0bits
                0x000000000600f118                __i2b
                0x000000000600f134                __multiply
                0x000000000600f278                __pow5mult
                0x000000000600f334                __lshift
                0x000000000600f428                __mcmp
                0x000000000600f460                __mdiff
                0x000000000600f53c                __ulp
                0x000000000600f5a8                __b2d
                0x000000000600f690                __d2b
                0x000000000600f77c                __ratio
                0x000000000600f800                _mprec_log10
                0x000000000600f858                __copybits
                0x000000000600f89c                __any_on
 .text          0x000000000600f908       0x34 /run/media/HDD/programmier8/TeamStarlane/blueskies/joengine/joengine-master/Compiler/LINUX/bin/../lib/gcc/sh-none-elf/8.2.0/../../../../sh-none-elf/lib/libc.a(lib_a-nano-callocr.o)
                0x000000000600f908                _calloc_r
 .text          0x000000000600f93c       0xf4 /run/media/HDD/programmier8/TeamStarlane/blueskies/joengine/joengine-master/Compiler/LINUX/bin/../lib/gcc/sh-none-elf/8.2.0/../../../../sh-none-elf/lib/libc.a(lib_a-nano-mallocr.o)
                0x000000000600f93c                _malloc_r
 .text          0x000000000600fa30       0x30 /run/media/HDD/programmier8/TeamStarlane/blueskies/joengine/joengine-master/Compiler/LINUX/bin/../lib/gcc/sh-none-elf/8.2.0/../../../../sh-none-elf/lib/libc.a(lib_a-sbrkr.o)
                0x000000000600fa30                _sbrk_r
 .text          0x000000000600fa60       0x38 /run/media/HDD/programmier8/TeamStarlane/blueskies/joengine/joengine-master/Compiler/LINUX/bin/../lib/gcc/sh-none-elf/8.2.0/../../../../sh-none-elf/lib/libc.a(lib_a-strcmp.o)
                0x000000000600fa60                strcmp
 .text          0x000000000600fa98       0x20 /run/media/HDD/programmier8/TeamStarlane/blueskies/joengine/joengine-master/Compiler/LINUX/bin/../lib/gcc/sh-none-elf/8.2.0/../../../../sh-none-elf/lib/libc.a(lib_a-strlen.o)
                0x000000000600fa98                strlen
 .text          0x000000000600fab8      0xa60 /run/media/HDD/programmier8/TeamStarlane/blueskies/joengine/joengine-master/Compiler/LINUX/bin/../lib/gcc/sh-none-elf/8.2.0/../../../../sh-none-elf/lib/libc.a(lib_a-svfiprintf.o)
                0x000000000600fab8                __ssprint_r
                0x000000000600fbec                _svfiprintf_r
 .text          0x0000000006010518      0x25c /run/media/HDD/programmier8/TeamStarlane/blueskies/joengine/joengine-master/Compiler/LINUX/bin/../lib/gcc/sh-none-elf/8.2.0/../../../../sh-none-elf/lib/libc.a(lib_a-syscalls.o)
                0x0000000006010590                _read
                0x00000000060105a0                _lseek
                0x00000000060105b0                _write
                0x00000000060105c0                _close
                0x00000000060105d0                _link
                0x00000000060105d4                _sbrk
                0x000000000601062c                _fstat
                0x0000000006010636                _open
                0x0000000006010648                _creat
                0x0000000006010658                _unlink
                0x000000000601065c                isatty
                0x0000000006010660                _isatty
                0x0000000006010664                _exit
                0x0000000006010674                _kill
                0x0000000006010688                _getpid
                0x000000000601068c                _raise
                0x0000000006010690                _stat
                0x00000000060106a0                _chmod
                0x00000000060106b0                _chown
                0x00000000060106c0                _utime
                0x00000000060106d4                _fork
                0x00000000060106e0                _wait
                0x00000000060106f0                _execve
                0x0000000006010700                _execv
                0x0000000006010710                _pipe
                0x000000000601071c                _times
                0x0000000006010720                _gettimeofday
                0x0000000006010748                __setup_argv_and_call_main
 .text          0x0000000006010774       0x14 /run/media/HDD/programmier8/TeamStarlane/blueskies/joengine/joengine-master/Compiler/LINUX/bin/../lib/gcc/sh-none-elf/8.2.0/../../../../sh-none-elf/lib/libc.a(lib_a-trap.o)
                0x0000000006010774                __trap34
 .text          0x0000000006010788       0x40 /run/media/HDD/programmier8/TeamStarlane/blueskies/joengine/joengine-master/Compiler/LINUX/bin/../lib/gcc/sh-none-elf/8.2.0/../../../../sh-none-elf/lib/libc.a(lib_a-wctomb_r.o)
                0x0000000006010788                _wctomb_r
                0x00000000060107a8                __ascii_wctomb
 .text          0x00000000060107c8       0x18 /run/media/HDD/programmier8/TeamStarlane/blueskies/joengine/joengine-master/Compiler/LINUX/bin/../lib/gcc/sh-none-elf/8.2.0/../../../../sh-none-elf/lib/libc.a(lib_a-abort.o)
                0x00000000060107c8                abort
 .text          0x00000000060107e0        0x0 /run/media/HDD/programmier8/TeamStarlane/blueskies/joengine/joengine-master/Compiler/LINUX/bin/../lib/gcc/sh-none-elf/8.2.0/../../../../sh-none-elf/lib/libc.a(lib_a-ctype_.o)
 .text          0x00000000060107e0       0x3c /run/media/HDD/programmier8/TeamStarlane/blueskies/joengine/joengine-master/Compiler/LINUX/bin/../lib/gcc/sh-none-elf/8.2.0/../../../../sh-none-elf/lib/libc.a(lib_a-memmove.o)
                0x00000000060107e0                memmove
 .text          0x000000000601081c        0x8 /run/media/HDD/programmier8/TeamStarlane/blueskies/joengine/joengine-master/Compiler/LINUX/bin/../lib/gcc/sh-none-elf/8.2.0/../../../../sh-none-elf/lib/libc.a(lib_a-mlock.o)
                0x000000000601081c                __malloc_lock
                0x0000000006010820                __malloc_unlock
 .text          0x0000000006010824       0xc8 /run/media/HDD/programmier8/TeamStarlane/blueskies/joengine/joengine-master/Compiler/LINUX/bin/../lib/gcc/sh-none-elf/8.2.0/../../../../sh-none-elf/lib/libc.a(lib_a-nano-freer.o)
                0x0000000006010824                _free_r
 .text          0x00000000060108ec       0x7c /run/media/HDD/programmier8/TeamStarlane/blueskies/joengine/joengine-master/Compiler/LINUX/bin/../lib/gcc/sh-none-elf/8.2.0/../../../../sh-none-elf/lib/libc.a(lib_a-nano-reallocr.o)
                0x00000000060108ec                _realloc_r
 .text          0x0000000006010968      0x1b0 /run/media/HDD/programmier8/TeamStarlane/blueskies/joengine/joengine-master/Compiler/LINUX/bin/../lib/gcc/sh-none-elf/8.2.0/../../../../sh-none-elf/lib/libc.a(lib_a-signal.o)
                0x0000000006010968                _init_signal_r
                0x00000000060109a4                _signal_r
                0x00000000060109f0                _raise_r
                0x0000000006010a68                __sigtramp_r
                0x0000000006010acc                raise
                0x0000000006010ae0                signal
                0x0000000006010af4                _init_signal
                0x0000000006010b04                __sigtramp
 .text          0x0000000006010b18       0x40 /run/media/HDD/programmier8/TeamStarlane/blueskies/joengine/joengine-master/Compiler/LINUX/bin/../lib/gcc/sh-none-elf/8.2.0/../../../../sh-none-elf/lib/libc.a(lib_a-signalr.o)
                0x0000000006010b18                _kill_r
                0x0000000006010b4c                _getpid_r
 .text          0x0000000006010b58       0x16 /run/media/HDD/programmier8/TeamStarlane/blueskies/joengine/joengine-master/Compiler/LINUX/bin/../lib/gcc/sh-none-elf/8.2.0/../../../../sh-none-elf/lib/libc.a(lib_a-nano-msizer.o)
                0x0000000006010b58                _malloc_usable_size_r
 *fill*         0x0000000006010b6e        0x2 
 .text          0x0000000006010b70       0x80 /run/media/HDD/programmier8/TeamStarlane/blueskies/joengine/joengine-master/Compiler/LINUX/bin/../lib/gcc/sh-none-elf/8.2.0/libgcc.a(_ashiftrt_n.o)
                0x0000000006010b70                __ashrsi3
 .text          0x0000000006010bf0       0xbc /run/media/HDD/programmier8/TeamStarlane/blueskies/joengine/joengine-master/Compiler/LINUX/bin/../lib/gcc/sh-none-elf/8.2.0/libgcc.a(_ashiftlt.o)
                0x0000000006010bf0                __ashlsi3
                0x0000000006010bf4                __ashlsi3_r0
 .text          0x0000000006010cac       0xbc /run/media/HDD/programmier8/TeamStarlane/blueskies/joengine/joengine-master/Compiler/LINUX/bin/../lib/gcc/sh-none-elf/8.2.0/libgcc.a(_lshiftrt.o)
                0x0000000006010cac                __lshrsi3
                0x0000000006010cb0                __lshrsi3_r0
 .text          0x0000000006010d68      0x258 /run/media/HDD/programmier8/TeamStarlane/blueskies/joengine/joengine-master/Compiler/LINUX/bin/../lib/gcc/sh-none-elf/8.2.0/libgcc.a(_udivdi3.o)
                0x0000000006010d68                __udivdi3
 .text          0x0000000006010fc0      0x2bc /run/media/HDD/programmier8/TeamStarlane/blueskies/joengine/joengine-master/Compiler/LINUX/bin/../lib/gcc/sh-none-elf/8.2.0/libgcc.a(_umoddi3.o)
                0x0000000006010fc0                __umoddi3
 .text          0x000000000601127c      0x3b4 /run/media/HDD/programmier8/TeamStarlane/blueskies/joengine/joengine-master/Compiler/LINUX/bin/../lib/gcc/sh-none-elf/8.2.0/libgcc.a(_addsub_df.o)
                0x000000000601158c                __adddf3
                0x00000000060115dc                __subdf3
 .text          0x0000000006011630      0x208 /run/media/HDD/programmier8/TeamStarlane/blueskies/joengine/joengine-master/Compiler/LINUX/bin/../lib/gcc/sh-none-elf/8.2.0/libgcc.a(_mul_df.o)
                0x0000000006011630                __muldf3
 .text          0x0000000006011838      0x130 /run/media/HDD/programmier8/TeamStarlane/blueskies/joengine/joengine-master/Compiler/LINUX/bin/../lib/gcc/sh-none-elf/8.2.0/libgcc.a(_div_df.o)
                0x0000000006011838                __divdf3
 .text          0x0000000006011968       0x58 /run/media/HDD/programmier8/TeamStarlane/blueskies/joengine/joengine-master/Compiler/LINUX/bin/../lib/gcc/sh-none-elf/8.2.0/libgcc.a(_eq_df.o)
                0x0000000006011968                __eqdf2
 .text          0x00000000060119c0       0x58 /run/media/HDD/programmier8/TeamStarlane/blueskies/joengine/joengine-master/Compiler/LINUX/bin/../lib/gcc/sh-none-elf/8.2.0/libgcc.a(_ne_df.o)
                0x00000000060119c0                __nedf2
 .text          0x0000000006011a18       0x50 /run/media/HDD/programmier8/TeamStarlane/blueskies/joengine/joengine-master/Compiler/LINUX/bin/../lib/gcc/sh-none-elf/8.2.0/libgcc.a(_gt_df.o)
                0x0000000006011a18                __gtdf2
 .text          0x0000000006011a68       0x50 /run/media/HDD/programmier8/TeamStarlane/blueskies/joengine/joengine-master/Compiler/LINUX/bin/../lib/gcc/sh-none-elf/8.2.0/libgcc.a(_ge_df.o)
                0x0000000006011a68                __gedf2
 .text          0x0000000006011ab8       0x58 /run/media/HDD/programmier8/TeamStarlane/blueskies/joengine/joengine-master/Compiler/LINUX/bin/../lib/gcc/sh-none-elf/8.2.0/libgcc.a(_lt_df.o)
                0x0000000006011ab8                __ltdf2
 .text          0x0000000006011b10       0x58 /run/media/HDD/programmier8/TeamStarlane/blueskies/joengine/joengine-master/Compiler/LINUX/bin/../lib/gcc/sh-none-elf/8.2.0/libgcc.a(_le_df.o)
                0x0000000006011b10                __ledf2
 .text          0x0000000006011b68       0x40 /run/media/HDD/programmier8/TeamStarlane/blueskies/joengine/joengine-master/Compiler/LINUX/bin/../lib/gcc/sh-none-elf/8.2.0/libgcc.a(_unord_df.o)
                0x0000000006011b68                __unorddf2
 .text          0x0000000006011ba8       0xa8 /run/media/HDD/programmier8/TeamStarlane/blueskies/joengine/joengine-master/Compiler/LINUX/bin/../lib/gcc/sh-none-elf/8.2.0/libgcc.a(_si_to_df.o)
                0x0000000006011ba8                __floatsidf
 .text          0x0000000006011c50       0xa4 /run/media/HDD/programmier8/TeamStarlane/blueskies/joengine/joengine-master/Compiler/LINUX/bin/../lib/gcc/sh-none-elf/8.2.0/libgcc.a(_df_to_si.o)
                0x0000000006011c50                __fixdfsi
 .text          0x0000000006011cf4        0x0 /run/media/HDD/programmier8/TeamStarlane/blueskies/joengine/joengine-master/Compiler/LINUX/bin/../lib/gcc/sh-none-elf/8.2.0/libgcc.a(_thenan_df.o)
 .text          0x0000000006011cf4       0x88 /run/media/HDD/programmier8/TeamStarlane/blueskies/joengine/joengine-master/Compiler/LINUX/bin/../lib/gcc/sh-none-elf/8.2.0/libgcc.a(_usi_to_df.o)
                0x0000000006011cf4                __floatunsidf
 *fill*         0x0000000006011d7c        0x4 
 .text          0x0000000006011d80       0x60 /run/media/HDD/programmier8/TeamStarlane/blueskies/joengine/joengine-master/Compiler/LINUX/bin/../lib/gcc/sh-none-elf/8.2.0/libgcc.a(_udiv_qrnnd_16.o)
                0x0000000006011d80                __udiv_qrnnd_16
 .text          0x0000000006011de0        0x0 /run/media/HDD/programmier8/TeamStarlane/blueskies/joengine/joengine-master/Compiler/LINUX/bin/../lib/gcc/sh-none-elf/8.2.0/libgcc.a(_clz.o)
 .text          0x0000000006011de0       0x58 /run/media/HDD/programmier8/TeamStarlane/blueskies/joengine/joengine-master/Compiler/LINUX/bin/../lib/gcc/sh-none-elf/8.2.0/libgcc.a(_clzsi2.o)
                0x0000000006011de0                __clzsi2
 .text          0x0000000006011e38      0x25c /run/media/HDD/programmier8/TeamStarlane/blueskies/joengine/joengine-master/Compiler/LINUX/bin/../lib/gcc/sh-none-elf/8.2.0/libgcc.a(_pack_df.o)
                0x0000000006011e38                __pack_d
 .text          0x0000000006012094       0xcc /run/media/HDD/programmier8/TeamStarlane/blueskies/joengine/joengine-master/Compiler/LINUX/bin/../lib/gcc/sh-none-elf/8.2.0/libgcc.a(_unpack_df.o)
                0x0000000006012094                __unpack_d
 .text          0x0000000006012160       0xc8 /run/media/HDD/programmier8/TeamStarlane/blueskies/joengine/joengine-master/Compiler/LINUX/bin/../lib/gcc/sh-none-elf/8.2.0/libgcc.a(_fpcmp_parts_df.o)
                0x0000000006012160                __fpcmp_parts_d
 *(.strings)
 *(SEGA_P)
 *(.eh_frame_hdr)
 *(.eh_frame)
 .eh_frame      0x0000000006012228       0xa8 /run/media/HDD/programmier8/TeamStarlane/blueskies/joengine/joengine-master/Compiler/LINUX/bin/../lib/gcc/sh-none-elf/8.2.0/libgcc.a(_udivdi3.o)
 .eh_frame      0x00000000060122d0       0xdc /run/media/HDD/programmier8/TeamStarlane/blueskies/joengine/joengine-master/Compiler/LINUX/bin/../lib/gcc/sh-none-elf/8.2.0/libgcc.a(_umoddi3.o)
                0x00000000060123ac                __etext = .

.text.startup   0x00000000060123b0      0xb30
 .text.startup  0x00000000060123b0      0xb2c /tmp/ccQZH8G0.ltrans0.ltrans.o
                0x00000000060123b0                main

SLPROG          0x0000000006012ee0    0x10da0
                0x0000000006012ee0                __slprog_start = .
 *(SLPROG)
 SLPROG         0x0000000006012ee0     0x6540 ../../Compiler/COMMON/SGL_302j/LIB_ELF/SGLAREA.O
                0x0000000006012ee0                MasterStack
                0x0000000006012ee4                SlaveStack
                0x0000000006012ee8                MaxVertices
                0x0000000006012eea                MaxPolygons
                0x0000000006012eec                SortList
                0x0000000006012ef0                SortListSize
                0x0000000006012ef4                TransList
                0x0000000006012ef8                Zbuffer
                0x0000000006012efc                SpriteBuf
                0x0000000006012f00                SpriteBufSize
                0x0000000006012f04                Pbuffer
                0x0000000006012f08                CommandBuf
                0x0000000006012f0c                CLOfstBuf
                0x0000000006012f10                PCM_Work
                0x0000000006012f14                PCM_WkSize
                0x0000000006012f18                MaxEvents
                0x0000000006012f1a                EventSize
                0x0000000006012f1c                MaxWorks
                0x0000000006012f1e                WorkSize
                0x0000000006012f20                RemainEvent
                0x0000000006013020                RemainWork
                0x0000000006013420                EventBuf
                0x0000000006015420                WorkBuf
 SLPROG         0x0000000006019420       0x18 ../../Compiler/COMMON/SGL_302j/LIB_ELF/LIBSGL.A(sglA15.o)
                0x0000000006019420                slSlaveFunc
 *fill*         0x0000000006019438        0x8 
 SLPROG         0x0000000006019440       0x20 ../../Compiler/COMMON/SGL_302j/LIB_ELF/LIBSGL.A(sglB001.o)
                0x0000000006019440                slTVOn
                0x000000000601944a                slTVOff
 SLPROG         0x0000000006019460       0x24 ../../Compiler/COMMON/SGL_302j/LIB_ELF/LIBSGL.A(sglB011.o)
                0x0000000006019460                slBitMapNbg1
 *fill*         0x0000000006019484        0xc 
 SLPROG         0x0000000006019490        0x8 ../../Compiler/COMMON/SGL_302j/LIB_ELF/LIBSGL.A(sglB014.o)
                0x0000000006019490                slScrTransparent
 *fill*         0x0000000006019498        0x8 
 SLPROG         0x00000000060194a0      0x40c ../../Compiler/COMMON/SGL_302j/LIB_ELF/LIBSGL.A(sglB015.o)
                0x00000000060194a0                slScrAutoDisp
 *fill*         0x00000000060198ac        0x4 
 SLPROG         0x00000000060198b0        0xc ../../Compiler/COMMON/SGL_302j/LIB_ELF/LIBSGL.A(sglB016.o)
                0x00000000060198b0                slBack1ColSet
 *fill*         0x00000000060198bc        0x4 
 SLPROG         0x00000000060198c0       0x10 ../../Compiler/COMMON/SGL_302j/LIB_ELF/LIBSGL.A(sglB020.o)
                0x00000000060198c0                slColorCalc
 SLPROG         0x00000000060198d0        0xc ../../Compiler/COMMON/SGL_302j/LIB_ELF/LIBSGL.A(sglB021.o)
                0x00000000060198d0                slColorCalcOn
 *fill*         0x00000000060198dc        0x4 
 SLPROG         0x00000000060198e0        0xc ../../Compiler/COMMON/SGL_302j/LIB_ELF/LIBSGL.A(sglB023.o)
                0x00000000060198e0                slColRate
 *fill*         0x00000000060198ec        0x4 
 SLPROG         0x00000000060198f0       0xb4 ../../Compiler/COMMON/SGL_302j/LIB_ELF/LIBSGL.A(sglB032.o)
                0x00000000060198f0                slMapNbg1
 *fill*         0x00000000060199a4        0xc 
 SLPROG         0x00000000060199b0       0xd4 ../../Compiler/COMMON/SGL_302j/LIB_ELF/LIBSGL.A(sglB035.o)
                0x00000000060199b0                sl1MapRA
                0x0000000006019a42                rbank_set
 *fill*         0x0000000006019a84        0xc 
 SLPROG         0x0000000006019a90       0xa0 ../../Compiler/COMMON/SGL_302j/LIB_ELF/LIBSGL.A(sglB036.o)
                0x0000000006019a90                sl1MapRB
 SLPROG         0x0000000006019b30       0x70 ../../Compiler/COMMON/SGL_302j/LIB_ELF/LIBSGL.A(sglB038.o)
                0x0000000006019b30                slRparaInitSet
 SLPROG         0x0000000006019ba0       0x7e ../../Compiler/COMMON/SGL_302j/LIB_ELF/LIBSGL.A(sglB039.o)
                0x0000000006019ba0                slMakeKtable
 *fill*         0x0000000006019c1e        0x2 
 SLPROG         0x0000000006019c20       0x58 ../../Compiler/COMMON/SGL_302j/LIB_ELF/LIBSGL.A(sglB040.o)
                0x0000000006019c20                slKtableRA
 *fill*         0x0000000006019c78        0x8 
 SLPROG         0x0000000006019c80       0x5c ../../Compiler/COMMON/SGL_302j/LIB_ELF/LIBSGL.A(sglB041.o)
                0x0000000006019c80                slKtableRB
 *fill*         0x0000000006019cdc        0x4 
 SLPROG         0x0000000006019ce0        0x8 ../../Compiler/COMMON/SGL_302j/LIB_ELF/LIBSGL.A(sglB043.o)
                0x0000000006019ce0                slRparaMode
 *fill*         0x0000000006019ce8        0x8 
 SLPROG         0x0000000006019cf0        0xc ../../Compiler/COMMON/SGL_302j/LIB_ELF/LIBSGL.A(sglB047.o)
                0x0000000006019cf0                slOverRA
 *fill*         0x0000000006019cfc        0x4 
 SLPROG         0x0000000006019d00       0x10 ../../Compiler/COMMON/SGL_302j/LIB_ELF/LIBSGL.A(sglB048.o)
                0x0000000006019d00                slOverRB
 SLPROG         0x0000000006019d10        0xc ../../Compiler/COMMON/SGL_302j/LIB_ELF/LIBSGL.A(sglB056.o)
                0x0000000006019d10                slPlaneNbg1
 *fill*         0x0000000006019d1c        0x4 
 SLPROG         0x0000000006019d20        0xc ../../Compiler/COMMON/SGL_302j/LIB_ELF/LIBSGL.A(sglB059.o)
                0x0000000006019d20                slPlaneRA
 *fill*         0x0000000006019d2c        0x4 
 SLPROG         0x0000000006019d30       0x10 ../../Compiler/COMMON/SGL_302j/LIB_ELF/LIBSGL.A(sglB060.o)
                0x0000000006019d30                slPlaneRB
 SLPROG         0x0000000006019d40        0xc ../../Compiler/COMMON/SGL_302j/LIB_ELF/LIBSGL.A(sglB063.o)
                0x0000000006019d40                slPriority
 *fill*         0x0000000006019d4c        0x4 
 SLPROG         0x0000000006019d50       0x18 ../../Compiler/COMMON/SGL_302j/LIB_ELF/LIBSGL.A(sglB087.o)
                0x0000000006019d50                slLineScrollTable0
 *fill*         0x0000000006019d68        0x8 
 SLPROG         0x0000000006019d70        0x8 ../../Compiler/COMMON/SGL_302j/LIB_ELF/LIBSGL.A(sglB088.o)
                0x0000000006019d70                slLineScrollTable1
 *fill*         0x0000000006019d78        0x8 
 SLPROG         0x0000000006019d80        0xc ../../Compiler/COMMON/SGL_302j/LIB_ELF/LIBSGL.A(sglB090.o)
                0x0000000006019d80                slLineScrollMode
 *fill*         0x0000000006019d8c        0x4 
 SLPROG         0x0000000006019d90      0x114 ../../Compiler/COMMON/SGL_302j/LIB_ELF/LIBSGL.A(sglB200.o)
                0x0000000006019d90                slCharRbg0
                0x0000000006019d9c                slCharNbg0
                0x0000000006019da8                slCharNbg1
                0x0000000006019db4                slCharNbg2
                0x0000000006019dca                slCharNbg3
                0x0000000006019de2                slPageRbg0
                0x0000000006019df8                slPageNbg1
                0x0000000006019e00                slPageNbg2
                0x0000000006019e08                slPageNbg3
                0x0000000006019e14                slPageNbg0
 *fill*         0x0000000006019ea4        0xc 
 SLPROG         0x0000000006019eb0       0x78 ../../Compiler/COMMON/SGL_302j/LIB_ELF/LIBSGL.A(sglC05.o)
                0x0000000006019eb0                slSetSprite
 *fill*         0x0000000006019f28        0x8 
 SLPROG         0x0000000006019f30       0xfa ../../Compiler/COMMON/SGL_302j/LIB_ELF/LIBSGL.A(sglC06.o)
                0x0000000006019f30                slDispSprite
 *fill*         0x000000000601a02a        0x6 
 SLPROG         0x000000000601a030      0x162 ../../Compiler/COMMON/SGL_302j/LIB_ELF/LIBSGL.A(sglC07.o)
                0x000000000601a036                slPutSprite
 *fill*         0x000000000601a192        0xe 
 SLPROG         0x000000000601a1a0       0x4c ../../Compiler/COMMON/SGL_302j/LIB_ELF/LIBSGL.A(sglC17.o)
                0x000000000601a1a0                slDispSpriteHV
 *fill*         0x000000000601a1ec        0x4 
 SLPROG         0x000000000601a1f0       0xd4 ../../Compiler/COMMON/SGL_302j/LIB_ELF/LIBSGL.A(sglC19.o)
                0x000000000601a1f0                slDispSprite4P
 *fill*         0x000000000601a2c4        0xc 
 SLPROG         0x000000000601a2d0       0x40 ../../Compiler/COMMON/SGL_302j/LIB_ELF/LIBSGL.A(sglC20.o)
                0x000000000601a2d0                SpriteEntry
 SLPROG         0x000000000601a310      0x4ae ../../Compiler/COMMON/SGL_302j/LIB_ELF/LIBSGL.A(sglC21.o)
                0x000000000601a398                RotSprite
                0x000000000601a426                SetSprPosition
 *fill*         0x000000000601a7be        0x2 
 SLPROG         0x000000000601a7c0       0x84 ../../Compiler/COMMON/SGL_302j/LIB_ELF/LIBSGL.A(sglD00.o)
                0x000000000601a7c0                slDMACopy
                0x000000000601a7c0                slCpuDMACopy
                0x000000000601a81a                slCashPurge
                0x000000000601a81a                CSH_AllClr
 *fill*         0x000000000601a844        0xc 
 SLPROG         0x000000000601a850       0xa0 ../../Compiler/COMMON/SGL_302j/LIB_ELF/LIBSGL.A(sglD01.o)
                0x000000000601a850                slDMAXCopy
 SLPROG         0x000000000601a8f0        0xc ../../Compiler/COMMON/SGL_302j/LIB_ELF/LIBSGL.A(sglD03.o)
                0x000000000601a8f0                slDMAStatus
 *fill*         0x000000000601a8fc        0x4 
 SLPROG         0x000000000601a900       0x20 ../../Compiler/COMMON/SGL_302j/LIB_ELF/LIBSGL.A(sglD15.o)
                0x000000000601a900                CSH_Purge
 SLPROG         0x000000000601a920       0x84 ../../Compiler/COMMON/SGL_302j/LIB_ELF/LIBSGL.A(sglD16.o)
                0x000000000601a920                DMA_ScuSetPrm
                0x000000000601a968                DMA_SCU_PRM0
 *fill*         0x000000000601a9a4        0xc 
 SLPROG         0x000000000601a9b0       0x88 ../../Compiler/COMMON/SGL_302j/LIB_ELF/LIBSGL.A(sglD17.o)
                0x000000000601a9b0                DMA_ScuStart
 *fill*         0x000000000601aa38        0x8 
 SLPROG         0x000000000601aa40       0x34 ../../Compiler/COMMON/SGL_302j/LIB_ELF/LIBSGL.A(sglD18.o)
                0x000000000601aa40                DMA_ScuGetStatus
 *fill*         0x000000000601aa74        0xc 
 SLPROG         0x000000000601aa80       0x4e ../../Compiler/COMMON/SGL_302j/LIB_ELF/LIBSGL.A(sglF00.o)
                0x000000000601aa80                slCurScrn
                0x000000000601aa90                slCurColor
                0x000000000601aa9a                slLocate
                0x000000000601aacc                CurrentScreen
 *fill*         0x000000000601aace        0x2 
 SLPROG         0x000000000601aad0       0x1c ../../Compiler/COMMON/SGL_302j/LIB_ELF/LIBSGL.A(sglF05.o)
                0x000000000601aad0                slPrint
 *fill*         0x000000000601aaec        0x4 
 SLPROG         0x000000000601aaf0       0x34 ../../Compiler/COMMON/SGL_302j/LIB_ELF/LIBSGL.A(sglF08.o)
                0x000000000601aaf0                slDec2Hex
 *fill*         0x000000000601ab24        0xc 
 SLPROG         0x000000000601ab30      0xfc8 ../../Compiler/COMMON/SGL_302j/LIB_ELF/LIBSGL.A(sglH00.o)
                0x000000000601ab48                slGetPortDir1
                0x000000000601ab50                slGetPortDir2
                0x000000000601ab58                slSetPortDir1
                0x000000000601ab82                slSetPortDir2
                0x000000000601abbc                slGetPortData1
                0x000000000601abc4                slGetPortData2
                0x000000000601abcc                slSetPortData1
                0x000000000601abd6                slSetPortData2
                0x000000000601abe8                slGetPortSelect1
                0x000000000601abf2                slGetPortSelect2
                0x000000000601abfc                slSetPortSelect1
                0x000000000601ac30                slSetPortSelect2
                0x000000000601ac6c                slGetPortExt1
                0x000000000601ac76                slGetPortExt2
                0x000000000601ac80                slSetPortExt1
                0x000000000601acb0                slSetPortExt2
                0x000000000601ae24                slSmpcDirectAccess
                0x000000000601aea4                slInitPeripheral
                0x000000000601af36                slSetResultBuffer
                0x000000000601afc2                slCheckIntBackSet
                0x000000000601afce                slIntBackCancel
                0x000000000601aff8                slCheckReset
                0x000000000601b002                slClearReset
                0x000000000601b1c8                slSmpcCashSend
                0x000000000601b284                slSmpcCashBlow
                0x000000000601b360                slGetOptimize
                0x000000000601b36a                slSetOptimize
                0x000000000601b390                slGetPortMode1
                0x000000000601b39c                slGetPortMode2
                0x000000000601b3aa                slSetPortMode1
                0x000000000601b3e8                slSetPortMode2
                0x000000000601b574                slRequestCommand
                0x000000000601b5e4                Smpc_Status
                0x000000000601b5e8                Smpc_Result
                0x000000000601b5ec                Smpc_Peripheral
                0x000000000601b5f2                Per_Connect1
                0x000000000601b5f3                Per_Connect2
                0x000000000601b614                SmpcStatusBuf
 *fill*         0x000000000601baf8        0x8 
 SLPROG         0x000000000601bb00       0xa8 ../../Compiler/COMMON/SGL_302j/LIB_ELF/LIBSGL.A(sglH01.o)
                0x000000000601bb00                slGetLanguage
                0x000000000601bb0a                slSetLanguage
                0x000000000601bb2c                slGetSoundEffect
                0x000000000601bb38                slSetSoundEffect
                0x000000000601bb54                slGetSoundOutput
                0x000000000601bb60                slSetSoundOutput
                0x000000000601bb7c                slGetHelpWindow
                0x000000000601bb88                slSetHelpWindow
 *fill*         0x000000000601bba8        0x8 
 SLPROG         0x000000000601bbb0      0x470 ../../Compiler/COMMON/SGL_302j/LIB_ELF/LIBSGL.A(sglH02.o)
                0x000000000601bfa0                smpc_pfr_tbl
                0x000000000601bfe0                smpc_ptf_tbl
 SLPROG         0x000000000601c020       0x60 ../../Compiler/COMMON/SGL_302j/LIB_ELF/LIBSGL.A(sglH04.o)
                0x000000000601c020                slComPrmIntBack
                0x000000000601c034                slComPrmSetMemory
                0x000000000601c04a                slComPrmSetTime
 SLPROG         0x000000000601c080      0x3a4 ../../Compiler/COMMON/SGL_302j/LIB_ELF/LIBSGL.A(sglI01.o)
                0x000000000601c080                slInitSynch
                0x000000000601c09a                slSynch
                0x000000000601c190                slRandom
                0x000000000601c1ae                PCM_EndCheck
                0x000000000601c26a                RetPCMBuf
                0x000000000601c304                PCM_Buf
                0x000000000601c3a4                Sound_Buf
 *fill*         0x000000000601c424        0xc 
 SLPROG         0x000000000601c430       0x10 ../../Compiler/COMMON/SGL_302j/LIB_ELF/LIBSGL.A(sglI04.o)
                0x000000000601c430                slIntFunction
 SLPROG         0x000000000601c440       0x74 ../../Compiler/COMMON/SGL_302j/LIB_ELF/LIBSGL.A(sglJ00.o)
                0x000000000601c440                InitSlaveSH
                0x000000000601c4a8                SlaveCommand
 *fill*         0x000000000601c4b4        0xc 
 SLPROG         0x000000000601c4c0      0x3d0 ../../Compiler/COMMON/SGL_302j/LIB_ELF/LIBSGL.A(sglJ01.o)
                0x000000000601c4c0                SlaveControl
                0x000000000601c87c                ErasePolygonData
 SLPROG         0x000000000601c890     0x12b8 ../../Compiler/COMMON/SGL_302j/LIB_ELF/LIBSGL.A(sglJ02.o)
                0x000000000601c890                sbMakePolygon
                0x000000000601ca78                sbCalcPolygon
                0x000000000601d7b0                SetTexture
                0x000000000601d7bc                SetPolygon
                0x000000000601d7c4                SetPosition
                0x000000000601d7fc                stvtc_4
                0x000000000601d8b4                stvtc_3
                0x000000000601dac4                stvtc_1
                0x000000000601dad8                stvtc_2
                0x000000000601daec                stvtc_0
 *fill*         0x000000000601db48        0x8 
 SLPROG         0x000000000601db50      0x140 ../../Compiler/COMMON/SGL_302j/LIB_ELF/LIBSGL.A(sglJ03.o)
                0x000000000601db50                sbMakeDMATable
 SLPROG         0x000000000601dc90      0x470 ../../Compiler/COMMON/SGL_302j/LIB_ELF/LIBSGL.A(sglJ04.o)
                0x000000000601dcee                sbMakeSprite
                0x000000000601dd54                sbMakeRotSprite
 SLPROG         0x000000000601e100       0x3c ../../Compiler/COMMON/SGL_302j/LIB_ELF/LIBSGL.A(sglJ05.o)
                0x000000000601e100                sbSortEntry
 *fill*         0x000000000601e13c        0x4 
 SLPROG         0x000000000601e140       0x6a ../../Compiler/COMMON/SGL_302j/LIB_ELF/LIBSGL.A(sglM01.o)
                0x000000000601e140                slSetDepthLimit
                0x000000000601e16c                slSetDepthTbl
                0x000000000601e19c                DepthWorkArea
 *fill*         0x000000000601e1aa        0x6 
 SLPROG         0x000000000601e1b0       0x20 ../../Compiler/COMMON/SGL_302j/LIB_ELF/LIBSGL.A(sglA00.o)
                0x000000000601e1b0                set_imask
                0x000000000601e1b0                _builtin_set_imask
                0x000000000601e1c4                get_imask
                0x000000000601e1c4                _builtin_get_imask
 SLPROG         0x000000000601e1d0     0x411e ../../Compiler/COMMON/SGL_302j/LIB_ELF/LIBSGL.A(sglA01.o)
                0x000000000601e1d0                slSin
                0x000000000601e1f4                slCos
                0x000000000601e218                GetSinCos
                0x000000000601e2ac                sin_cos_index_tbl
                0x000000000601e2ec                sin_tbl
 *fill*         0x00000000060222ee        0x2 
 SLPROG         0x00000000060222f0      0x42c ../../Compiler/COMMON/SGL_302j/LIB_ELF/LIBSGL.A(sglA20.o)
                0x00000000060222f0                slInitMatrix
                0x00000000060222fa                slPushUnitMatrix
                0x000000000602230e                slUnitMatrix
 *fill*         0x000000000602271c        0x4 
 SLPROG         0x0000000006022720      0xbd0 ../../Compiler/COMMON/SGL_302j/LIB_ELF/LIBSGL.A(sglB000.o)
                0x0000000006022720                slInitScroll
                0x0000000006022840                setASC_1to8
                0x0000000006022870                setASC_4to8
                0x0000000006022980                TVSizeTbl
                0x0000000006022a00                TVModeTbl
                0x0000000006022bd8                SGL_ASCII_CG
 SLPROG         0x00000000060232f0      0x134 ../../Compiler/COMMON/SGL_302j/LIB_ELF/LIBSGL.A(sglC00.o)
                0x00000000060232f0                slInitSprite
 *fill*         0x0000000006023424        0xc 
 SLPROG         0x0000000006023430      0x75c ../../Compiler/COMMON/SGL_302j/LIB_ELF/LIBSGL.A(sglI00.o)
                0x0000000006023720                slInitInterrupt
 *fill*         0x0000000006023b8c        0x4 
 SLPROG         0x0000000006023b90       0xf0 ../../Compiler/COMMON/SGL_302j/LIB_ELF/LIBSGL.A(sglH03.o)
                0x0000000006023bf4                slSmpcIntBack
                0x0000000006023c80                __slprog_end = .

.tors           0x0000000006023c80        0x0
                0x0000000006023c80                ___ctors = .
 *(.ctors)
                0x0000000006023c80                ___ctors_end = .
                0x0000000006023c80                ___dtors = .
 *(.dtors)
                0x0000000006023c80                ___dtors_end = .

.data           0x0000000006023c80      0x690
 *(.data)
 .data          0x0000000006023c80        0x0 ../../Compiler/COMMON/SGL_302j/LIB_ELF/SGLAREA.O
 .data          0x0000000006023c80       0x64 /tmp/ccQZH8G0.ltrans0.ltrans.o
 *fill*         0x0000000006023ce4        0xc 
 .data          0x0000000006023cf0        0x0 ../../Compiler/COMMON/SGL_302j/LIB_ELF/SEGA_SYS.A(sys_exit.o)
 .data          0x0000000006023cf0        0x0 ../../Compiler/COMMON/SGL_302j/LIB_ELF/SEGA_SYS.A(sys_sub.o)
 .data          0x0000000006023cf0        0x0 ../../Compiler/COMMON/SGL_302j/LIB_ELF/LIBCD.A(CDC_CMN.O)
 .data          0x0000000006023cf0        0x0 ../../Compiler/COMMON/SGL_302j/LIB_ELF/LIBCD.A(CDC_CFS.O)
 .data          0x0000000006023cf0        0x0 ../../Compiler/COMMON/SGL_302j/LIB_ELF/LIBCD.A(CDC_REG.O)
 .data          0x0000000006023cf0        0x0 ../../Compiler/COMMON/SGL_302j/LIB_ELF/LIBCD.A(CDC_SUB.O)
 .data          0x0000000006023cf0        0x0 ../../Compiler/COMMON/SGL_302j/LIB_ELF/LIBCD.A(GFS.O)
 .data          0x0000000006023cf0        0x0 ../../Compiler/COMMON/SGL_302j/LIB_ELF/LIBCD.A(GFS_BUF.O)
 .data          0x0000000006023cf0        0x0 ../../Compiler/COMMON/SGL_302j/LIB_ELF/LIBCD.A(GFS_CDB.O)
 .data          0x0000000006023cf0        0x0 ../../Compiler/COMMON/SGL_302j/LIB_ELF/LIBCD.A(GFS_CDC.O)
 .data          0x0000000006023cf0        0x0 ../../Compiler/COMMON/SGL_302j/LIB_ELF/LIBCD.A(GFS_CDF.O)
 .data          0x0000000006023cf0        0x0 ../../Compiler/COMMON/SGL_302j/LIB_ELF/LIBCD.A(GFS_DIR.O)
 .data          0x0000000006023cf0        0x0 ../../Compiler/COMMON/SGL_302j/LIB_ELF/LIBCD.A(GFS_TRN.O)
 .data          0x0000000006023cf0        0x0 ../../Compiler/COMMON/SGL_302j/LIB_ELF/LIBCD.A(CDC_DRV.O)
 .data          0x0000000006023cf0        0x0 ../../Compiler/COMMON/SGL_302j/LIB_ELF/LIBCD.A(CDC_DEV.O)
 .data          0x0000000006023cf0        0x0 ../../Compiler/COMMON/SGL_302j/LIB_ELF/LIBCD.A(CDC_SEL.O)
 .data          0x0000000006023cf0        0x0 ../../Compiler/COMMON/SGL_302j/LIB_ELF/LIBCD.A(CDC_BIF.O)
 .data          0x0000000006023cf0        0x0 ../../Compiler/COMMON/SGL_302j/LIB_ELF/LIBCD.A(CDC_BIO.O)
 .data          0x0000000006023cf0        0x0 ../../Compiler/COMMON/SGL_302j/LIB_ELF/LIBSGL.A(sglA15.o)
 .data          0x0000000006023cf0        0x0 ../../Compiler/COMMON/SGL_302j/LIB_ELF/LIBSGL.A(sglB001.o)
 .data          0x0000000006023cf0        0x0 ../../Compiler/COMMON/SGL_302j/LIB_ELF/LIBSGL.A(sglB011.o)
 .data          0x0000000006023cf0        0x0 ../../Compiler/COMMON/SGL_302j/LIB_ELF/LIBSGL.A(sglB014.o)
 .data          0x0000000006023cf0        0x0 ../../Compiler/COMMON/SGL_302j/LIB_ELF/LIBSGL.A(sglB015.o)
 .data          0x0000000006023cf0        0x0 ../../Compiler/COMMON/SGL_302j/LIB_ELF/LIBSGL.A(sglB016.o)
 .data          0x0000000006023cf0        0x0 ../../Compiler/COMMON/SGL_302j/LIB_ELF/LIBSGL.A(sglB020.o)
 .data          0x0000000006023cf0        0x0 ../../Compiler/COMMON/SGL_302j/LIB_ELF/LIBSGL.A(sglB021.o)
 .data          0x0000000006023cf0        0x0 ../../Compiler/COMMON/SGL_302j/LIB_ELF/LIBSGL.A(sglB023.o)
 .data          0x0000000006023cf0        0x0 ../../Compiler/COMMON/SGL_302j/LIB_ELF/LIBSGL.A(sglB032.o)
 .data          0x0000000006023cf0        0x0 ../../Compiler/COMMON/SGL_302j/LIB_ELF/LIBSGL.A(sglB035.o)
 .data          0x0000000006023cf0        0x0 ../../Compiler/COMMON/SGL_302j/LIB_ELF/LIBSGL.A(sglB036.o)
 .data          0x0000000006023cf0        0x0 ../../Compiler/COMMON/SGL_302j/LIB_ELF/LIBSGL.A(sglB038.o)
 .data          0x0000000006023cf0        0x0 ../../Compiler/COMMON/SGL_302j/LIB_ELF/LIBSGL.A(sglB039.o)
 .data          0x0000000006023cf0        0x0 ../../Compiler/COMMON/SGL_302j/LIB_ELF/LIBSGL.A(sglB040.o)
 .data          0x0000000006023cf0        0x0 ../../Compiler/COMMON/SGL_302j/LIB_ELF/LIBSGL.A(sglB041.o)
 .data          0x0000000006023cf0        0x0 ../../Compiler/COMMON/SGL_302j/LIB_ELF/LIBSGL.A(sglB043.o)
 .data          0x0000000006023cf0        0x0 ../../Compiler/COMMON/SGL_302j/LIB_ELF/LIBSGL.A(sglB047.o)
 .data          0x0000000006023cf0        0x0 ../../Compiler/COMMON/SGL_302j/LIB_ELF/LIBSGL.A(sglB048.o)
 .data          0x0000000006023cf0        0x0 ../../Compiler/COMMON/SGL_302j/LIB_ELF/LIBSGL.A(sglB056.o)
 .data          0x0000000006023cf0        0x0 ../../Compiler/COMMON/SGL_302j/LIB_ELF/LIBSGL.A(sglB059.o)
 .data          0x0000000006023cf0        0x0 ../../Compiler/COMMON/SGL_302j/LIB_ELF/LIBSGL.A(sglB060.o)
 .data          0x0000000006023cf0        0x0 ../../Compiler/COMMON/SGL_302j/LIB_ELF/LIBSGL.A(sglB063.o)
 .data          0x0000000006023cf0        0x0 ../../Compiler/COMMON/SGL_302j/LIB_ELF/LIBSGL.A(sglB087.o)
 .data          0x0000000006023cf0        0x0 ../../Compiler/COMMON/SGL_302j/LIB_ELF/LIBSGL.A(sglB088.o)
 .data          0x0000000006023cf0        0x0 ../../Compiler/COMMON/SGL_302j/LIB_ELF/LIBSGL.A(sglB090.o)
 .data          0x0000000006023cf0        0x0 ../../Compiler/COMMON/SGL_302j/LIB_ELF/LIBSGL.A(sglB200.o)
 .data          0x0000000006023cf0        0x0 ../../Compiler/COMMON/SGL_302j/LIB_ELF/LIBSGL.A(sglC05.o)
 .data          0x0000000006023cf0        0x0 ../../Compiler/COMMON/SGL_302j/LIB_ELF/LIBSGL.A(sglC06.o)
 .data          0x0000000006023cf0        0x0 ../../Compiler/COMMON/SGL_302j/LIB_ELF/LIBSGL.A(sglC07.o)
 .data          0x0000000006023cf0        0x0 ../../Compiler/COMMON/SGL_302j/LIB_ELF/LIBSGL.A(sglC17.o)
 .data          0x0000000006023cf0        0x0 ../../Compiler/COMMON/SGL_302j/LIB_ELF/LIBSGL.A(sglC19.o)
 .data          0x0000000006023cf0        0x0 ../../Compiler/COMMON/SGL_302j/LIB_ELF/LIBSGL.A(sglC20.o)
 .data          0x0000000006023cf0        0x0 ../../Compiler/COMMON/SGL_302j/LIB_ELF/LIBSGL.A(sglC21.o)
 .data          0x0000000006023cf0        0x0 ../../Compiler/COMMON/SGL_302j/LIB_ELF/LIBSGL.A(sglD00.o)
 .data          0x0000000006023cf0        0x0 ../../Compiler/COMMON/SGL_302j/LIB_ELF/LIBSGL.A(sglD01.o)
 .data          0x0000000006023cf0        0x0 ../../Compiler/COMMON/SGL_302j/LIB_ELF/LIBSGL.A(sglD03.o)
 .data          0x0000000006023cf0        0x0 ../../Compiler/COMMON/SGL_302j/LIB_ELF/LIBSGL.A(sglD15.o)
 .data          0x0000000006023cf0        0x0 ../../Compiler/COMMON/SGL_302j/LIB_ELF/LIBSGL.A(sglD16.o)
 .data          0x0000000006023cf0        0x0 ../../Compiler/COMMON/SGL_302j/LIB_ELF/LIBSGL.A(sglD17.o)
 .data          0x0000000006023cf0        0x0 ../../Compiler/COMMON/SGL_302j/LIB_ELF/LIBSGL.A(sglD18.o)
 .data          0x0000000006023cf0        0x0 ../../Compiler/COMMON/SGL_302j/LIB_ELF/LIBSGL.A(sglF00.o)
 .data          0x0000000006023cf0        0x0 ../../Compiler/COMMON/SGL_302j/LIB_ELF/LIBSGL.A(sglF05.o)
 .data          0x0000000006023cf0        0x0 ../../Compiler/COMMON/SGL_302j/LIB_ELF/LIBSGL.A(sglF08.o)
 .data          0x0000000006023cf0        0x0 ../../Compiler/COMMON/SGL_302j/LIB_ELF/LIBSGL.A(sglH00.o)
 .data          0x0000000006023cf0        0x0 ../../Compiler/COMMON/SGL_302j/LIB_ELF/LIBSGL.A(sglH01.o)
 .data          0x0000000006023cf0        0x0 ../../Compiler/COMMON/SGL_302j/LIB_ELF/LIBSGL.A(sglH02.o)
 .data          0x0000000006023cf0        0x0 ../../Compiler/COMMON/SGL_302j/LIB_ELF/LIBSGL.A(sglH04.o)
 .data          0x0000000006023cf0        0x0 ../../Compiler/COMMON/SGL_302j/LIB_ELF/LIBSGL.A(sglI01.o)
 .data          0x0000000006023cf0        0x0 ../../Compiler/COMMON/SGL_302j/LIB_ELF/LIBSGL.A(sglI04.o)
 .data          0x0000000006023cf0       0x80 ../../Compiler/COMMON/SGL_302j/LIB_ELF/LIBSGL.A(sglIc0.o)
                0x0000000006023cf0                IntPrioMask
 .data          0x0000000006023d70        0x0 ../../Compiler/COMMON/SGL_302j/LIB_ELF/LIBSGL.A(sglJ00.o)
 .data          0x0000000006023d70        0x0 ../../Compiler/COMMON/SGL_302j/LIB_ELF/LIBSGL.A(sglJ01.o)
 .data          0x0000000006023d70        0x0 ../../Compiler/COMMON/SGL_302j/LIB_ELF/LIBSGL.A(sglJ02.o)
 .data          0x0000000006023d70        0x0 ../../Compiler/COMMON/SGL_302j/LIB_ELF/LIBSGL.A(sglJ03.o)
 .data          0x0000000006023d70        0x0 ../../Compiler/COMMON/SGL_302j/LIB_ELF/LIBSGL.A(sglJ04.o)
 .data          0x0000000006023d70        0x0 ../../Compiler/COMMON/SGL_302j/LIB_ELF/LIBSGL.A(sglJ05.o)
 .data          0x0000000006023d70        0x0 ../../Compiler/COMMON/SGL_302j/LIB_ELF/LIBSGL.A(sglK01.o)
 .data          0x0000000006023d70        0x0 ../../Compiler/COMMON/SGL_302j/LIB_ELF/LIBSGL.A(sglM01.o)
 .data          0x0000000006023d70        0x0 ../../Compiler/COMMON/SGL_302j/LIB_ELF/LIBSGL.A(sglA00.o)
 .data          0x0000000006023d70        0x0 ../../Compiler/COMMON/SGL_302j/LIB_ELF/LIBSGL.A(sglA01.o)
 .data          0x0000000006023d70        0x0 ../../Compiler/COMMON/SGL_302j/LIB_ELF/LIBSGL.A(sglA20.o)
 .data          0x0000000006023d70        0x0 ../../Compiler/COMMON/SGL_302j/LIB_ELF/LIBSGL.A(sglB000.o)
 .data          0x0000000006023d70        0x0 ../../Compiler/COMMON/SGL_302j/LIB_ELF/LIBSGL.A(sglC00.o)
 .data          0x0000000006023d70        0x0 ../../Compiler/COMMON/SGL_302j/LIB_ELF/LIBSGL.A(sglI00.o)
 .data          0x0000000006023d70        0x0 ../../Compiler/COMMON/SGL_302j/LIB_ELF/LIBSGL.A(sglH03.o)
 .data          0x0000000006023d70        0x0 /run/media/HDD/programmier8/TeamStarlane/blueskies/joengine/joengine-master/Compiler/LINUX/bin/../lib/gcc/sh-none-elf/8.2.0/libgcc.a(_ashiftrt.o)
 .data          0x0000000006023d70        0x0 /run/media/HDD/programmier8/TeamStarlane/blueskies/joengine/joengine-master/Compiler/LINUX/bin/../lib/gcc/sh-none-elf/8.2.0/libgcc.a(_sdivsi3.o)
 .data          0x0000000006023d70        0x0 /run/media/HDD/programmier8/TeamStarlane/blueskies/joengine/joengine-master/Compiler/LINUX/bin/../lib/gcc/sh-none-elf/8.2.0/libgcc.a(_udivsi3.o)
 .data          0x0000000006023d70        0x0 /run/media/HDD/programmier8/TeamStarlane/blueskies/joengine/joengine-master/Compiler/LINUX/bin/../lib/gcc/sh-none-elf/8.2.0/libgcc.a(_mul_sf.o)
 .data          0x0000000006023d70        0x0 /run/media/HDD/programmier8/TeamStarlane/blueskies/joengine/joengine-master/Compiler/LINUX/bin/../lib/gcc/sh-none-elf/8.2.0/libgcc.a(_div_sf.o)
 .data          0x0000000006023d70        0x0 /run/media/HDD/programmier8/TeamStarlane/blueskies/joengine/joengine-master/Compiler/LINUX/bin/../lib/gcc/sh-none-elf/8.2.0/libgcc.a(_sf_to_si.o)
 .data          0x0000000006023d70        0x0 /run/media/HDD/programmier8/TeamStarlane/blueskies/joengine/joengine-master/Compiler/LINUX/bin/../lib/gcc/sh-none-elf/8.2.0/libgcc.a(_thenan_sf.o)
 .data          0x0000000006023d70        0x0 /run/media/HDD/programmier8/TeamStarlane/blueskies/joengine/joengine-master/Compiler/LINUX/bin/../lib/gcc/sh-none-elf/8.2.0/libgcc.a(_usi_to_sf.o)
 .data          0x0000000006023d70        0x0 /run/media/HDD/programmier8/TeamStarlane/blueskies/joengine/joengine-master/Compiler/LINUX/bin/../lib/gcc/sh-none-elf/8.2.0/libgcc.a(_pack_sf.o)
 .data          0x0000000006023d70        0x0 /run/media/HDD/programmier8/TeamStarlane/blueskies/joengine/joengine-master/Compiler/LINUX/bin/../lib/gcc/sh-none-elf/8.2.0/libgcc.a(_unpack_sf.o)
 .data          0x0000000006023d70        0x0 /run/media/HDD/programmier8/TeamStarlane/blueskies/joengine/joengine-master/Compiler/LINUX/bin/../lib/gcc/sh-none-elf/8.2.0/../../../../sh-none-elf/lib/libc.a(lib_a-memcmp.o)
 .data          0x0000000006023d70        0x0 /run/media/HDD/programmier8/TeamStarlane/blueskies/joengine/joengine-master/Compiler/LINUX/bin/../lib/gcc/sh-none-elf/8.2.0/../../../../sh-none-elf/lib/libc.a(lib_a-memcpy.o)
 .data          0x0000000006023d70        0x0 /run/media/HDD/programmier8/TeamStarlane/blueskies/joengine/joengine-master/Compiler/LINUX/bin/../lib/gcc/sh-none-elf/8.2.0/../../../../sh-none-elf/lib/libc.a(lib_a-memset.o)
 .data          0x0000000006023d70        0x0 /run/media/HDD/programmier8/TeamStarlane/blueskies/joengine/joengine-master/Compiler/LINUX/bin/../lib/gcc/sh-none-elf/8.2.0/../../../../sh-none-elf/lib/libc.a(lib_a-sprintf.o)
 .data          0x0000000006023d70        0x0 /run/media/HDD/programmier8/TeamStarlane/blueskies/joengine/joengine-master/Compiler/LINUX/bin/../lib/gcc/sh-none-elf/8.2.0/../../../../sh-none-elf/lib/libc.a(lib_a-strncmp.o)
 .data          0x0000000006023d70        0x0 /run/media/HDD/programmier8/TeamStarlane/blueskies/joengine/joengine-master/Compiler/LINUX/bin/../lib/gcc/sh-none-elf/8.2.0/../../../../sh-none-elf/lib/libc.a(lib_a-strncpy.o)
 .data          0x0000000006023d70        0x0 /run/media/HDD/programmier8/TeamStarlane/blueskies/joengine/joengine-master/Compiler/LINUX/bin/../lib/gcc/sh-none-elf/8.2.0/../../../../sh-none-elf/lib/libc.a(lib_a-svfprintf.o)
 .data          0x0000000006023d70        0x0 /run/media/HDD/programmier8/TeamStarlane/blueskies/joengine/joengine-master/Compiler/LINUX/bin/../lib/gcc/sh-none-elf/8.2.0/../../../../sh-none-elf/lib/libc.a(lib_a-dtoa.o)
 .data          0x0000000006023d70      0x428 /run/media/HDD/programmier8/TeamStarlane/blueskies/joengine/joengine-master/Compiler/LINUX/bin/../lib/gcc/sh-none-elf/8.2.0/../../../../sh-none-elf/lib/libc.a(lib_a-impure.o)
                0x0000000006023d70                _impure_ptr
 .data          0x0000000006024198        0x0 /run/media/HDD/programmier8/TeamStarlane/blueskies/joengine/joengine-master/Compiler/LINUX/bin/../lib/gcc/sh-none-elf/8.2.0/../../../../sh-none-elf/lib/libc.a(lib_a-localeconv.o)
 .data          0x0000000006024198      0x16c /run/media/HDD/programmier8/TeamStarlane/blueskies/joengine/joengine-master/Compiler/LINUX/bin/../lib/gcc/sh-none-elf/8.2.0/../../../../sh-none-elf/lib/libc.a(lib_a-locale.o)
                0x0000000006024198                __global_locale
 .data          0x0000000006024304        0x0 /run/media/HDD/programmier8/TeamStarlane/blueskies/joengine/joengine-master/Compiler/LINUX/bin/../lib/gcc/sh-none-elf/8.2.0/../../../../sh-none-elf/lib/libc.a(lib_a-mbtowc_r.o)
 .data          0x0000000006024304        0x0 /run/media/HDD/programmier8/TeamStarlane/blueskies/joengine/joengine-master/Compiler/LINUX/bin/../lib/gcc/sh-none-elf/8.2.0/../../../../sh-none-elf/lib/libc.a(lib_a-memchr.o)
 .data          0x0000000006024304        0x0 /run/media/HDD/programmier8/TeamStarlane/blueskies/joengine/joengine-master/Compiler/LINUX/bin/../lib/gcc/sh-none-elf/8.2.0/../../../../sh-none-elf/lib/libc.a(lib_a-mprec.o)
 .data          0x0000000006024304        0x0 /run/media/HDD/programmier8/TeamStarlane/blueskies/joengine/joengine-master/Compiler/LINUX/bin/../lib/gcc/sh-none-elf/8.2.0/../../../../sh-none-elf/lib/libc.a(lib_a-nano-callocr.o)
 .data          0x0000000006024304        0x0 /run/media/HDD/programmier8/TeamStarlane/blueskies/joengine/joengine-master/Compiler/LINUX/bin/../lib/gcc/sh-none-elf/8.2.0/../../../../sh-none-elf/lib/libc.a(lib_a-nano-mallocr.o)
 .data          0x0000000006024304        0x0 /run/media/HDD/programmier8/TeamStarlane/blueskies/joengine/joengine-master/Compiler/LINUX/bin/../lib/gcc/sh-none-elf/8.2.0/../../../../sh-none-elf/lib/libc.a(lib_a-sbrkr.o)
 .data          0x0000000006024304        0x0 /run/media/HDD/programmier8/TeamStarlane/blueskies/joengine/joengine-master/Compiler/LINUX/bin/../lib/gcc/sh-none-elf/8.2.0/../../../../sh-none-elf/lib/libc.a(lib_a-strcmp.o)
 .data          0x0000000006024304        0x0 /run/media/HDD/programmier8/TeamStarlane/blueskies/joengine/joengine-master/Compiler/LINUX/bin/../lib/gcc/sh-none-elf/8.2.0/../../../../sh-none-elf/lib/libc.a(lib_a-strlen.o)
 .data          0x0000000006024304        0x0 /run/media/HDD/programmier8/TeamStarlane/blueskies/joengine/joengine-master/Compiler/LINUX/bin/../lib/gcc/sh-none-elf/8.2.0/../../../../sh-none-elf/lib/libc.a(lib_a-svfiprintf.o)
 .data          0x0000000006024304        0x0 /run/media/HDD/programmier8/TeamStarlane/blueskies/joengine/joengine-master/Compiler/LINUX/bin/../lib/gcc/sh-none-elf/8.2.0/../../../../sh-none-elf/lib/libc.a(lib_a-syscalls.o)
 .data          0x0000000006024304        0x0 /run/media/HDD/programmier8/TeamStarlane/blueskies/joengine/joengine-master/Compiler/LINUX/bin/../lib/gcc/sh-none-elf/8.2.0/../../../../sh-none-elf/lib/libc.a(lib_a-trap.o)
 .data          0x0000000006024304        0x0 /run/media/HDD/programmier8/TeamStarlane/blueskies/joengine/joengine-master/Compiler/LINUX/bin/../lib/gcc/sh-none-elf/8.2.0/../../../../sh-none-elf/lib/libc.a(lib_a-wctomb_r.o)
 .data          0x0000000006024304        0x0 /run/media/HDD/programmier8/TeamStarlane/blueskies/joengine/joengine-master/Compiler/LINUX/bin/../lib/gcc/sh-none-elf/8.2.0/../../../../sh-none-elf/lib/libc.a(lib_a-abort.o)
 .data          0x0000000006024304        0x0 /run/media/HDD/programmier8/TeamStarlane/blueskies/joengine/joengine-master/Compiler/LINUX/bin/../lib/gcc/sh-none-elf/8.2.0/../../../../sh-none-elf/lib/libc.a(lib_a-ctype_.o)
 .data          0x0000000006024304        0x0 /run/media/HDD/programmier8/TeamStarlane/blueskies/joengine/joengine-master/Compiler/LINUX/bin/../lib/gcc/sh-none-elf/8.2.0/../../../../sh-none-elf/lib/libc.a(lib_a-memmove.o)
 .data          0x0000000006024304        0x0 /run/media/HDD/programmier8/TeamStarlane/blueskies/joengine/joengine-master/Compiler/LINUX/bin/../lib/gcc/sh-none-elf/8.2.0/../../../../sh-none-elf/lib/libc.a(lib_a-mlock.o)
 .data          0x0000000006024304        0x0 /run/media/HDD/programmier8/TeamStarlane/blueskies/joengine/joengine-master/Compiler/LINUX/bin/../lib/gcc/sh-none-elf/8.2.0/../../../../sh-none-elf/lib/libc.a(lib_a-nano-freer.o)
 .data          0x0000000006024304        0x0 /run/media/HDD/programmier8/TeamStarlane/blueskies/joengine/joengine-master/Compiler/LINUX/bin/../lib/gcc/sh-none-elf/8.2.0/../../../../sh-none-elf/lib/libc.a(lib_a-nano-reallocr.o)
 .data          0x0000000006024304        0x0 /run/media/HDD/programmier8/TeamStarlane/blueskies/joengine/joengine-master/Compiler/LINUX/bin/../lib/gcc/sh-none-elf/8.2.0/../../../../sh-none-elf/lib/libc.a(lib_a-signal.o)
 .data          0x0000000006024304        0x0 /run/media/HDD/programmier8/TeamStarlane/blueskies/joengine/joengine-master/Compiler/LINUX/bin/../lib/gcc/sh-none-elf/8.2.0/../../../../sh-none-elf/lib/libc.a(lib_a-signalr.o)
 .data          0x0000000006024304        0x0 /run/media/HDD/programmier8/TeamStarlane/blueskies/joengine/joengine-master/Compiler/LINUX/bin/../lib/gcc/sh-none-elf/8.2.0/../../../../sh-none-elf/lib/libc.a(lib_a-nano-msizer.o)
 .data          0x0000000006024304        0x0 /run/media/HDD/programmier8/TeamStarlane/blueskies/joengine/joengine-master/Compiler/LINUX/bin/../lib/gcc/sh-none-elf/8.2.0/libgcc.a(_ashiftrt_n.o)
 .data          0x0000000006024304        0x0 /run/media/HDD/programmier8/TeamStarlane/blueskies/joengine/joengine-master/Compiler/LINUX/bin/../lib/gcc/sh-none-elf/8.2.0/libgcc.a(_ashiftlt.o)
 .data          0x0000000006024304        0x0 /run/media/HDD/programmier8/TeamStarlane/blueskies/joengine/joengine-master/Compiler/LINUX/bin/../lib/gcc/sh-none-elf/8.2.0/libgcc.a(_lshiftrt.o)
 .data          0x0000000006024304        0x0 /run/media/HDD/programmier8/TeamStarlane/blueskies/joengine/joengine-master/Compiler/LINUX/bin/../lib/gcc/sh-none-elf/8.2.0/libgcc.a(_udivdi3.o)
 .data          0x0000000006024304        0x0 /run/media/HDD/programmier8/TeamStarlane/blueskies/joengine/joengine-master/Compiler/LINUX/bin/../lib/gcc/sh-none-elf/8.2.0/libgcc.a(_umoddi3.o)
 .data          0x0000000006024304        0x0 /run/media/HDD/programmier8/TeamStarlane/blueskies/joengine/joengine-master/Compiler/LINUX/bin/../lib/gcc/sh-none-elf/8.2.0/libgcc.a(_addsub_df.o)
 .data          0x0000000006024304        0x0 /run/media/HDD/programmier8/TeamStarlane/blueskies/joengine/joengine-master/Compiler/LINUX/bin/../lib/gcc/sh-none-elf/8.2.0/libgcc.a(_mul_df.o)
 .data          0x0000000006024304        0x0 /run/media/HDD/programmier8/TeamStarlane/blueskies/joengine/joengine-master/Compiler/LINUX/bin/../lib/gcc/sh-none-elf/8.2.0/libgcc.a(_div_df.o)
 .data          0x0000000006024304        0x0 /run/media/HDD/programmier8/TeamStarlane/blueskies/joengine/joengine-master/Compiler/LINUX/bin/../lib/gcc/sh-none-elf/8.2.0/libgcc.a(_eq_df.o)
 .data          0x0000000006024304        0x0 /run/media/HDD/programmier8/TeamStarlane/blueskies/joengine/joengine-master/Compiler/LINUX/bin/../lib/gcc/sh-none-elf/8.2.0/libgcc.a(_ne_df.o)
 .data          0x0000000006024304        0x0 /run/media/HDD/programmier8/TeamStarlane/blueskies/joengine/joengine-master/Compiler/LINUX/bin/../lib/gcc/sh-none-elf/8.2.0/libgcc.a(_gt_df.o)
 .data          0x0000000006024304        0x0 /run/media/HDD/programmier8/TeamStarlane/blueskies/joengine/joengine-master/Compiler/LINUX/bin/../lib/gcc/sh-none-elf/8.2.0/libgcc.a(_ge_df.o)
 .data          0x0000000006024304        0x0 /run/media/HDD/programmier8/TeamStarlane/blueskies/joengine/joengine-master/Compiler/LINUX/bin/../lib/gcc/sh-none-elf/8.2.0/libgcc.a(_lt_df.o)
 .data          0x0000000006024304        0x0 /run/media/HDD/programmier8/TeamStarlane/blueskies/joengine/joengine-master/Compiler/LINUX/bin/../lib/gcc/sh-none-elf/8.2.0/libgcc.a(_le_df.o)