Archive member included to satisfy reference by file (symbol)

../../Compiler/COMMON/SGL_302j/LIB_ELF/SEGA_SYS.A(sys_exit.o)
                              ../../jo_engine/core.o (SYS_Exit)
../../Compiler/COMMON/SGL_302j/LIB_ELF/SEGA_SYS.A(sys_sub.o)
                              ../../Compiler/COMMON/SGL_302j/LIB_ELF/SEGA_SYS.A(sys_exit.o) (SYSUB_SetStackptr)
../../Compiler/COMMON/SGL_302j/LIB_ELF/LIBCD.A(CDC_CMN.O)
                              ../../Compiler/COMMON/SGL_302j/LIB_ELF/SEGA_SYS.A(sys_exit.o) (CDC_GetCurStat)
../../Compiler/COMMON/SGL_302j/LIB_ELF/LIBCD.A(CDC_CFS.O)
                              ../../Compiler/COMMON/SGL_302j/LIB_ELF/SEGA_SYS.A(sys_exit.o) (CDC_ChgDir)
../../Compiler/COMMON/SGL_302j/LIB_ELF/LIBCD.A(CDC_REG.O)
                              ../../Compiler/COMMON/SGL_302j/LIB_ELF/SEGA_SYS.A(sys_exit.o) (CDC_GetHirqReq)
../../Compiler/COMMON/SGL_302j/LIB_ELF/LIBCD.A(CDC_SUB.O)
                              ../../Compiler/COMMON/SGL_302j/LIB_ELF/LIBCD.A(CDC_CMN.O) (CDSUB_UpdStatus)
../../Compiler/COMMON/SGL_302j/LIB_ELF/LIBCD.A(GFS.O)
                              ../../jo_engine/fs.o (GFS_Init)
../../Compiler/COMMON/SGL_302j/LIB_ELF/LIBCD.A(GFS_BUF.O)
                              ../../Compiler/COMMON/SGL_302j/LIB_ELF/LIBCD.A(GFS.O) (GFBF_GetNumData)
../../Compiler/COMMON/SGL_302j/LIB_ELF/LIBCD.A(GFS_CDB.O)
                              ../../Compiler/COMMON/SGL_302j/LIB_ELF/LIBCD.A(GFS.O) (GFCB_Close)
../../Compiler/COMMON/SGL_302j/LIB_ELF/LIBCD.A(GFS_CDC.O)
                              ../../Compiler/COMMON/SGL_302j/LIB_ELF/LIBCD.A(GFS.O) (GFCD_SetCdbfs)
../../Compiler/COMMON/SGL_302j/LIB_ELF/LIBCD.A(GFS_CDF.O)
                              ../../Compiler/COMMON/SGL_302j/LIB_ELF/LIBCD.A(GFS.O) (GFCF_Init)
../../Compiler/COMMON/SGL_302j/LIB_ELF/LIBCD.A(GFS_DIR.O)
                              ../../Compiler/COMMON/SGL_302j/LIB_ELF/LIBCD.A(GFS.O) (GFDR_SetupDirTbl)
../../Compiler/COMMON/SGL_302j/LIB_ELF/LIBCD.A(GFS_TRN.O)
                              ../../Compiler/COMMON/SGL_302j/LIB_ELF/LIBCD.A(GFS.O) (GFTR_Setup)
../../Compiler/COMMON/SGL_302j/LIB_ELF/LIBCD.A(CDC_DRV.O)
                              ../../Compiler/COMMON/SGL_302j/LIB_ELF/LIBCD.A(GFS_CDC.O) (CDC_CdPlay)
../../Compiler/COMMON/SGL_302j/LIB_ELF/LIBCD.A(CDC_DEV.O)
                              ../../Compiler/COMMON/SGL_302j/LIB_ELF/LIBCD.A(GFS_CDC.O) (CDC_CdSetCon)
../../Compiler/COMMON/SGL_302j/LIB_ELF/LIBCD.A(CDC_SEL.O)
                              ../../Compiler/COMMON/SGL_302j/LIB_ELF/LIBCD.A(GFS_CDC.O) (CDC_SetFiltRange)
../../Compiler/COMMON/SGL_302j/LIB_ELF/LIBCD.A(CDC_BIF.O)
                              ../../Compiler/COMMON/SGL_302j/LIB_ELF/LIBCD.A(GFS_CDC.O) (CDC_GetBufSiz)
../../Compiler/COMMON/SGL_302j/LIB_ELF/LIBCD.A(CDC_BIO.O)
                              ../../Compiler/COMMON/SGL_302j/LIB_ELF/LIBCD.A(GFS_CDC.O) (CDC_SetSctLen)
../../Compiler/COMMON/SGL_302j/LIB_ELF/LIBSGL.A(sglA15.o)
                              ../../jo_engine/slave.o (slSlaveFunc)
../../Compiler/COMMON/SGL_302j/LIB_ELF/LIBSGL.A(sglB001.o)
                              ../../jo_engine/core.o (slTVOn)
../../Compiler/COMMON/SGL_302j/LIB_ELF/LIBSGL.A(sglB011.o)
                              ../../jo_engine/vdp2.o (slBitMapNbg1)
../../Compiler/COMMON/SGL_302j/LIB_ELF/LIBSGL.A(sglB014.o)
                              ../../jo_engine/vdp2.o (slScrTransparent)
../../Compiler/COMMON/SGL_302j/LIB_ELF/LIBSGL.A(sglB015.o)
                              ../../jo_engine/vdp2.o (slScrAutoDisp)
../../Compiler/COMMON/SGL_302j/LIB_ELF/LIBSGL.A(sglB016.o)
                              ../../jo_engine/vdp2.o (slBack1ColSet)
../../Compiler/COMMON/SGL_302j/LIB_ELF/LIBSGL.A(sglB020.o)
                              ../../jo_engine/vdp2.o (slColorCalc)
../../Compiler/COMMON/SGL_302j/LIB_ELF/LIBSGL.A(sglB021.o)
                              ../../jo_engine/vdp2.o (slColorCalcOn)
../../Compiler/COMMON/SGL_302j/LIB_ELF/LIBSGL.A(sglB023.o)
                              ../../jo_engine/vdp2.o (slColRate)
../../Compiler/COMMON/SGL_302j/LIB_ELF/LIBSGL.A(sglB032.o)
                              ../../jo_engine/vdp2.o (slMapNbg1)
../../Compiler/COMMON/SGL_302j/LIB_ELF/LIBSGL.A(sglB035.o)
                              ../../jo_engine/vdp2.o (sl1MapRA)
../../Compiler/COMMON/SGL_302j/LIB_ELF/LIBSGL.A(sglB036.o)
                              ../../jo_engine/vdp2.o (sl1MapRB)
../../Compiler/COMMON/SGL_302j/LIB_ELF/LIBSGL.A(sglB038.o)
                              ../../jo_engine/vdp2.o (slRparaInitSet)
../../Compiler/COMMON/SGL_302j/LIB_ELF/LIBSGL.A(sglB039.o)
                              ../../jo_engine/vdp2.o (slMakeKtable)
../../Compiler/COMMON/SGL_302j/LIB_ELF/LIBSGL.A(sglB040.o)
                              ../../jo_engine/vdp2.o (slKtableRA)
../../Compiler/COMMON/SGL_302j/LIB_ELF/LIBSGL.A(sglB041.o)
                              ../../jo_engine/vdp2.o (slKtableRB)
../../Compiler/COMMON/SGL_302j/LIB_ELF/LIBSGL.A(sglB043.o)
[...]
Memory Configuration

Name             Origin             Length             Attributes
*default*        0x00000000         0xffffffff

Linker script and memory map


SLSTART         0x06004000       0x30
                0x06004000                ___Start = .
 *(SLSTART)
 SLSTART        0x06004000       0x28 ../../Compiler/COMMON/SGL_302j/LIB_ELF/LIBSGL.A(sglI00.o)
                0x06004000                SGL_Start
                0x06004002                slStartSGL

.text           0x06004040    0x10660
 *(.text)
 .text          0x06004040        0x0 ../../Compiler/COMMON/SGL_302j/LIB_ELF/SGLAREA.O
 .text          0x06004040      0x10c main.o
                0x06004040                my_draw
                0x060040d4                my_background
                0x06004114                jo_main
 .text          0x0600414c      0xae4 ../../jo_engine/tga.o
                0x060043c8                jo_set_tga_palette_handling
                0x060043d4                __jo_tga_load
                0x060044f4                __jo_tga_any_loader_from_stream
                0x0600453c                jo_tga_8bits_loader_from_stream
                0x06004554                jo_tga_loader_from_stream
                0x0600456c                __jo_tga_any_loader
                0x060045bc                jo_tga_8bits_loader
                0x060045d8                jo_tga_loader
                0x060045f4                jo_tga_8bits_tileset_loader
                0x06004830                jo_sprite_add_tga_tileset
                0x06004a88                jo_sprite_add_tga_from_stream
                0x06004b40                jo_sprite_add_tga
 .text          0x06004c30      0x960 ../../jo_engine/fs.o
                0x06004c98                jo_fs_init
                0x06004d48                jo_fs_do_background_jobs
                0x06004e04                jo_fs_read_file_async_ptr
                0x06004fa8                jo_fs_cd
                0x06005018                jo_fs_read_file_ptr
                0x060051b4                jo_fs_read_file_in_dir
                0x06005200                jo_fs_open
                0x060052fc                jo_fs_seek_forward
                0x0600540c                jo_fs_read_next_bytes
                0x06005504                jo_fs_close
                0x06005550                jo_fs_set_read_sector_count
 .text          0x06005590      0x158 ../../jo_engine/slave.o
                0x06005610                jo_core_add_slave_callback
                0x06005660                jo_core_remove_slave_callback
                0x060056a0                jo_core_slave_init
                0x060056b0                jo_core_wait_for_slave
                0x060056d4                jo_core_exec_on_slave
 .text          0x060056e8      0x574 ../../jo_engine/font.o
                0x06005750                jo_font_load
                0x060059e0                jo_font_print
                0x06005b04                jo_font_print_centered
 .text          0x06005c5c      0x118 ../../jo_engine/input.o
                0x06005cc4                jo_get_inputs_vblank
                0x06005d0c                jo_get_input_type
                0x06005d50                jo_get_input_count
 .text          0x06005d74        0x0 ../../jo_engine/physics.o
 .text          0x06005d74      0x99c ../../jo_engine/core.o
                0x06005e24                __jo_core_set_screens_order
                0x06005f5c                jo_goto_boot_menu
                0x06005f68                jo_core_suspend
                0x06006048                __jo_core_error
                0x06006168                jo_core_add_vblank_callback
                0x060061ec                jo_core_init
                0x060064a4                jo_core_remove_vblank_callback
                0x06006504                jo_core_add_callback
                0x06006554                jo_core_remove_callback
                0x06006594                jo_core_set_restart_game_callback
                0x060065a0                jo_core_run
                0x06006658                jo_dump_vdp1_registers
                0x060066b4                jo_dump_vdp2_registers
 .text          0x06006710      0xb50 ../../jo_engine/math.o
                0x06006778                jo_fixed_mult
                0x0600678c                jo_fixed_dot
                0x060067a4                jo_fixed_pow
                0x060067dc                jo_fixed_div
                0x06006804                jo_fixed_sin
                0x06006908                jo_gcd
                0x06006970                jo_atan2f_rad
                0x06006b34                jo_planar_rotate
                0x06006ca0                jo_random
                0x06006d10                jo_vector_fixed_compute_bezier_point
                0x06006ea0                jo_vectorf_compute_bezier_point
                0x06006ff0                jo_fixed_sqrt
                0x060070a0                jo_sqrt
                0x060070e0                jo_fixed_rsqrt
                0x060071f0                jo_rsqrt
 .text          0x06007260      0x4b4 ../../jo_engine/malloc.o
                0x060072c8                jo_add_memory_zone
                0x06007338                jo_malloc_with_behaviour
                0x06007484                jo_reduce_memory_fragmentation
                0x060074f8                jo_free
                0x06007574                jo_memory_usage_percent
                0x06007678                jo_memory_fragmentation
 .text          0x06007714      0x4a8 ../../jo_engine/tools.o
                0x0600777c                jo_print
                0x060077cc                jo_clear_screen_line
                0x06007814                jo_clear_screen
                0x06007838                jo_getdate
                0x060078d4                jo_get_current_language
                0x060078f8                jo_tools_atoi
                0x06007978                jo_strlen
                0x060079c8                jo_endwith
                0x06007a74                jo_strcmp
                0x06007aa4                jo_memset
                0x06007b48                jo_map_to_vram
 .text          0x06007bbc      0x134 ../../jo_engine/palette.o
                0x06007c24                jo_create_palette
                0x06007c78                jo_set_palette_register
                0x06007cdc                jo_get_palette_register
 .text          0x06007cf0      0x9e8 ../../jo_engine/sprites.o
                0x06007e8c                jo_sprite_usage_percent
                0x06007f18                jo_get_last_sprite_id
                0x06007f24                jo_sprite_init
                0x06007fa8                jo_sprite_name2id
                0x06008020                jo_sprite_replace
                0x06008128                jo_sprite_add
                0x06008174                jo_sprite_add_8bits_image
                0x060081c0                jo_sprite_free_from
                0x06008238                jo_set_gouraud_shading_colors
                0x06008260                jo_set_gouraud_shading_brightness
                0x060082a0                jo_sprite_draw_4p_fixed
                0x060083b8                jo_sprite_draw
                0x06008504                jo_sprite_draw_rotate
                0x060086a4                jo_sprite_set_clipping_area
 .text          0x060086d8      0x9fc ../../jo_engine/map.o
                0x06008808                jo_map_per_pixel_vertical_collision
                0x0600899c                jo_map_hitbox_detection_custom_boundaries
                0x06008a0c                jo_map_create
                0x06008a88                jo_map_add_tile
                0x06008aac                jo_map_add_animated_tile
                0x06008ad0                jo_map_draw_background
                0x06008b68                jo_map_draw
                0x06008c64                jo_map_free
                0x06008c7c                jo_map_load_from_file
                0x06009054                jo_map_move_tiles_by_attribute
 .text          0x060090d4      0x200 ../../jo_engine/list.o
                0x0600913c                jo_list_init
                0x0600914c                jo_list_add
                0x060091c4                jo_list_insert_at
                0x06009274                jo_list_remove
 .text          0x060092d4      0x2bc ../../jo_engine/sprite_animator.o
                0x060093e8                jo_replace_sprite_anim
                0x0600949c                jo_create_sprite_anim
                0x06009568                jo_clear_all_sprite_anim
 .text          0x06009590      0x7b0 ../../jo_engine/image.o
                0x060095f8                __jo_bin_load
                0x06009648                jo_free_img
                0x06009690                jo_bin_loader_from_stream
                0x06009760                jo_bin_loader
                0x060097e4                jo_replace_color
                0x06009850                jo_sprite_add_bin_tileset
                0x06009a48                jo_sprite_add_bin
                0x06009b14                jo_sprite_add_bin_from_stream
                0x06009bac                jo_sprite_add_image_pack
 .text          0x06009d40      0xbe8 ../../jo_engine/vdp2.o
                0x06009e24                jo_set_default_background_color
                0x06009e64                jo_img_to_vdp2_cells
                0x06009f88                jo_vdp2_replace_rbg0_plane_a_8bits_image
                0x06009f9c                jo_vdp2_replace_rbg0_plane_b_8bits_image
                0x06009fb0                jo_vdp2_set_rbg0_plane_a_8bits_image
                0x0600a078                jo_vdp2_set_rbg0_plane_b_8bits_image
                0x0600a140                jo_vdp2_enable_rbg0
                0x0600a214                jo_vdp2_disable_rbg0
                0x0600a22c                jo_init_nbg0_printf
                0x0600a2b0                __jo_init_vdp2
                0x0600a314                jo_vdp2_disable_nbg0_line_scroll
                0x0600a338                jo_vdp2_compute_nbg0_line_scroll
                0x0600a350                jo_vdp2_enable_nbg0_line_scroll
                0x0600a3c0                jo_vdp2_draw_bitmap_nbg1_line
                0x0600a48c                jo_vdp2_clear_bitmap_nbg1
                0x0600a4f0                jo_vdp2_set_nbg1_8bits_image
                0x0600a5d8                jo_vdp2_set_nbg1_image
                0x0600a714                jo_vdp2_disable_nbg1_line_scroll
                0x0600a738                jo_vdp2_compute_nbg1_line_scroll
                0x0600a750                jo_vdp2_enable_nbg1_line_scroll
                0x0600a7c0                jo_set_displayed_screens
                0x0600a7d0                jo_disable_all_screens_transparency
                0x0600a7f4                jo_enable_screen_transparency
 .text          0x0600a928      0x280 ../../jo_engine/time.o
                0x0600a990                jo_time_init
                0x0600a9bc                jo_get_ticks
                0x0600aa9c                jo_fixed_point_time
 .text          0x0600aba8       0x68 ../../jo_engine/vdp1_command_pipeline.o
 .text          0x0600ac10      0x334 ../../jo_engine/vdp2_malloc.o
                0x0600ac78                jo_vdp2_malloc_init
                0x0600acb0                jo_vdp2_free
                0x0600ad70                jo_vdp2_malloc
 *fill*         0x0600af44        0xc 
 .text          0x0600af50      0x238 ../../Compiler/COMMON/SGL_302j/LIB_ELF/SEGA_SYS.A(sys_exit.o)
                0x0600af50                sys_version
                0x0600af70                SYS_Exit
 *fill*         0x0600b188        0x8 
 .text          0x0600b190        0x6 ../../Compiler/COMMON/SGL_302j/LIB_ELF/SEGA_SYS.A(sys_sub.o)
                0x0600b190                SYSUB_SetStackptr
 *fill*         0x0600b196        0xa 
 .text          0x0600b1a0      0x3a0 ../../Compiler/COMMON/SGL_302j/LIB_ELF/LIBCD.A(CDC_CMN.O)
                0x0600b1a0                CDC_GetCurStat
                0x0600b1f0                CDC_GetLastStat
                0x0600b208                CDC_GetPeriStat
                0x0600b2dc                CDC_GetHwInfo
                0x0600b344                CDC_TgetToc
                0x0600b394                CDC_GetSes
                0x0600b3d0                CDC_CdInit
                0x0600b454                CDC_CdOpen
                0x0600b47c                CDC_DataReady
                0x0600b4e8                CDC_DataEnd
 .text          0x0600b540      0x194 ../../Compiler/COMMON/SGL_302j/LIB_ELF/LIBCD.A(CDC_CFS.O)
                0x0600b540                CDC_ChgDir
                0x0600b574                CDC_ReadDir
                0x0600b5a8                CDC_GetFileScope
                0x0600b608                CDC_TgetFileInfo
                0x0600b664                CDC_ReadFile
                0x0600b698                CDC_AbortFile
 *fill*         0x0600b6d4        0xc 
 .text          0x0600b6e0      0x2dc ../../Compiler/COMMON/SGL_302j/LIB_ELF/LIBCD.A(CDC_REG.O)
                0x0600b6e0                CDC_GetDataPtr
                0x0600b6f0                CDC_GetHirqReq
                0x0600b704                CDC_ClrHirqReq
                0x0600b734                CDREG_ClrHirqReq
                0x0600b744                CDREG_InitHirqReq
                0x0600b76c                CDREG_SetHirqFlag
                0x0600b780                CDC_GetHirqMsk
                0x0600b794                CDC_SetHirqMsk
                0x0600b7a4                CDC_GetMpegPtr
                0x0600b7b4                CDREG_TgetData
                0x0600b810                CDREG_CmdRsp
                0x0600b910                CDREG_WaitHirq
                0x0600b980                CDREG_ReadRsp
 *fill*         0x0600b9bc        0x4 
 .text          0x0600b9c0      0x152 ../../Compiler/COMMON/SGL_302j/LIB_ELF/LIBCD.A(CDC_SUB.O)
                0x0600b9c0                CDSUB_UpdStatus
                0x0600b9d8                CDSUB_UpdCdstat
                0x0600b9f8                CDSUB_CdCmd
                0x0600ba68                CDSUB_GetCdstat
                0x0600baa8                CDSUB_RspToCdstat
                0x0600baf0                CDSUB_SoftTimer
 *fill*         0x0600bb12        0xe 
 .text          0x0600bb20     0x1adc ../../Compiler/COMMON/SGL_302j/LIB_ELF/LIBCD.A(GFS.O)
                0x0600bb20                gfs_version
                0x0600bb40                GFS_Init
                0x0600bc28                GFS_LoadDir
                0x0600bcd0                GFS_SetDir
                0x0600bd38                GFS_NameToId
                0x0600bd9c                GFS_IdToName
                0x0600be08                GFS_GetDirInfo
                0x0600be78                GFS_Reset
                0x0600befc                GFS_Open
                0x0600bfb0                GFS_Close
                0x0600bfe8                GFS_Seek
                0x0600c09c                GFS_Tell
                0x0600c0ec                GFS_IsEof
                0x0600c140                GFS_ByteToSct
                0x0600c19c                GFS_GetFileSize
                0x0600c1f8                GFS_GetFileInfo
                0x0600c26c                GFS_GetNumCdbuf
                0x0600c294                GFS_Load
                0x0600c358                GFS_Fread
                0x0600c3f4                gfs_waitRead
                0x0600c49c                GFS_NwFread
                0x0600c5a8                GFS_NwCdRead
                0x0600c620                GFS_NwIsComplete
                0x0600c658                GFS_NwStop
                0x0600c6c4                GFS_NwGetStat
                0x0600c740                gfs_recovRdErr
                0x0600c770                GFS_NwExecOne
                0x0600c830                GFS_NwExecServer
                0x0600c8ac                GFS_SetGmode
                0x0600c910                GFS_SetTmode
                0x0600c97c                GFS_SetReadPara
                0x0600c9e0                GFS_SetTransPara
                0x0600ca4c                GFS_SetTrFunc
                0x0600cab0                GFS_StartTrans
                0x0600cafc                GFS_CdMovePickup
                0x0600cb68                GFS_SetErrFunc
                0x0600cb94                GFS_GetErrStat
                0x0600cbb8                GFS_ConvTno
                0x0600cbe0                gfs_chgRoot
                0x0600ccac                gfs_aborttrans
                0x0600ccb8                gfs_mngSetupFuncTbl
                0x0600ccec                gfs_mngInitWork
                0x0600cd90                gfs_mngGetNumFile
                0x0600cdf8                GFS_mngAllocGrp
                0x0600ce40                gfs_mngFreeGrp
                0x0600ce4c                gfs_mngTermAccess
                0x0600ced0                gfs_mngSetErrCode
                0x0600cf50                gfs_svrSearchHndl
                0x0600cf90                gfs_svrAddHndl
                0x0600cfcc                gfs_svrRemoveHndl
                0x0600d028                GFS_OpenSub
                0x0600d080                gfs_loadVol
                0x0600d144                gfs_getRootDir
                0x0600d240                gfs_loadRootDir
                0x0600d2c8                gfs_flowIn
                0x0600d370                gfs_transData
                0x0600d414                GFS_GetFad
                0x0600d46c                gfs_SetSct
                0x0600d4ac                gfs_GetFinfo
                0x0600d4ec                gfs_closeSub
                0x0600d528                gfs_getGmode
                0x0600d534                gfs_isTaskDone
                0x0600d588                gfs_convFinStat
 *fill*         0x0600d5fc        0x4 
 .text          0x0600d600      0x106 ../../Compiler/COMMON/SGL_302j/LIB_ELF/LIBCD.A(GFS_BUF.O)
                0x0600d630                GFBF_GetTranData
                0x0600d658                GFBF_GetNumData
                0x0600d688                GFBF_GetSrcPk
                0x0600d6b0                GFBF_GetSctData
                0x0600d6d4                GFBF_RtnPk
                0x0600d6fc                gfbf_getSctDt
 *fill*         0x0600d706        0xa 
 .text          0x0600d710      0x600 ../../Compiler/COMMON/SGL_302j/LIB_ELF/LIBCD.A(GFS_CDB.O)
                0x0600d710                GFCB_Setup
                0x0600d830                GFCB_Close
                0x0600d858                GFCB_GetLenData
                0x0600d904                GFCB_GetLenRoom
                0x0600d910                GFCB_SetFilt
                0x0600d978                GFCB_DeleteAllData
                0x0600d9a0                GFCB_Tell
                0x0600d9b0                gfcb_getSctNum
                0x0600da00                GFCB_Seek
                0x0600dafc                GFCB_GetSrcPack
                0x0600dbdc                GFCB_GetSctData
                0x0600dc14                GFCB_GetDstPack
                0x0600dc20                GFCB_RtnPk
                0x0600dc68                GFCB_MovePickup
                0x0600dc84                GFCB_SetCon
                0x0600dcb8                GFCB_GetPickup
                0x0600dce0                GFCB_IsPuOwner
                0x0600dcf8                GFCB_UngetPickup
 .text          0x0600dd10     0x1a10 ../../Compiler/COMMON/SGL_302j/LIB_ELF/LIBCD.A(GFS_CDC.O)
                0x0600dd10                GFCD_SetCdbfs
                0x0600dd3c                GFCD_Init
                0x0600df40                GFCD_AllocFilt
                0x0600df7c                GFCD_FreeFilt
                0x0600dfac                GFCD_AllocBuf
                0x0600dfe0                GFCD_FreeBuf
                0x0600e084                GFCD_GetBaseFad
                0x0600e0b8                GFCD_GetPickup
                0x0600e0ec                GFCD_UngetPickup
                0x0600e118                GFCD_IsPuOwner
                0x0600e13c                GFCD_SetFilt
                0x0600e200                GFCD_GetFilt
                0x0600e248                GFCD_SetCon
                0x0600e2a0                GFCD_Play
                0x0600e300                GFCD_GetLenData
                0x0600e368                GFCD_ReqData
                0x0600e3c4                GFCD_EndData
                0x0600e40c                GFCD_DelSctData
                0x0600e464                GFCD_CheckDelSctData
                0x0600e494                GFCD_GetStat
                0x0600e548                GFCD_MovePickup
                0x0600e594                GFCD_MoveSctData
                0x0600e608                GFCD_CheckMove
                0x0600e62c                GFCD_GetSctInfo
                0x0600e674                GFCD_ChgDir
                0x0600e6e8                GFCD_SetFiltCon
                0x0600e7d0                GFCD_GetFileInfo
                0x0600e8ac                GFCD_GetBufSiz
                0x0600e8e4                GFCD_ExecServer
                0x0600e9b8                gfcd_isIdleTask
                0x0600ea44                gfcd_doTask
                0x0600eaf0                GFCD_SetTimer
                0x0600eb04                GFCD_WaitServer
                0x0600eb40                gfcd_doSetFiltTsk
                0x0600ed04                gfcd_doSetConTsk
                0x0600ed94                gfcd_doGetLenDataTsk
                0x0600eee8                gfcd_doReqDataTsk
                0x0600ef88                gfcd_doDelSctDataTsk
                0x0600f0bc                gfcd_doMoveSctTsk
                0x0600f220                gfcd_doChgDirTsk
                0x0600f41c                gfcd_doSetFiltConTsk
                0x0600f560                gfcd_checkEflag
                0x0600f584                gfcd_initCdbMng
                0x0600f604                gfcd_setStat
                0x0600f630                GFCD_SetCsctFunc
                0x0600f64c                GFCD_ChkScdqFlag
                0x0600f670                GFCD_ClrScdqFlag
                0x0600f68c                GFCD_WaitScdqFlag
                0x0600f6d0                GFCD_WaitPause
 .text          0x0600f720      0x8d8 ../../Compiler/COMMON/SGL_302j/LIB_ELF/LIBCD.A(GFS_CDF.O)
                0x0600f720                GFCF_Init
                0x0600f7c0                GFCF_Setup
                0x0600f908                GFCF_SetSct
                0x0600f94c                GFCF_GetFileInfo
                0x0600f9c0                GFCF_FlowInBuf
                0x0600fb14                GFCF_StopInBuf
                0x0600fbb4                GFCF_Recover
                0x0600fbfc                GFCF_Tell
                0x0600fc14                GFCF_Seek
                0x0600fc2c                GFCF_MovePickup
                0x0600fcc8                GFCF_cnvIntlvOfs
                0x0600fd1c                GFCF_GetStat
                0x0600fdb4                gfcf_getSctSize
                0x0600fdf0                gfcf_isCdOk
                0x0600feb0                gfcf_getPlayRange
 *fill*         0x0600fff8        0x8 
 .text          0x06010000      0x92c ../../Compiler/COMMON/SGL_302j/LIB_ELF/LIBCD.A(GFS_DIR.O)
                0x06010000                GFDR_SetupDirTbl
                0x06010074                GFDR_NameToId
                0x060100d4                GFDR_GetInfoDirId
                0x060100e8                GFDR_GetInfoDirName
                0x060100fc                GFDR_GetAtrDirId
                0x06010114                GFDR_GetAtrDirName
                0x0601012c                GFDR_ChgRoot
                0x06010144                GFDR_ChgDir
                0x060101b8                gfdr_setupDirIdTbl
                0x0601023c                gfdr_setupDirNameTbl
                0x060102e8                gfdr_open
                0x06010310                gfdr_read
                0x060103d0                gfdr_readByte
                0x060103fc                gfdr_readWord
                0x06010428                gfdr_readWordNB
                0x0601047c                gfdr_readLongNB
                0x060104c8                gfdr_readLongNM
                0x060104f0                gfdr_setNextRec
                0x06010574                gfdr_readDirEnt
                0x060108f0                gfdr_setDirrecCd
 *fill*         0x0601092c        0x4 
 .text          0x06010930      0x9c6 ../../Compiler/COMMON/SGL_302j/LIB_ELF/LIBCD.A(GFS_TRN.O)
                0x06010960                GFTR_Setup
                0x060109a4                GFTR_SetMode
                0x060109b8                GFTR_SetUnit
                0x060109c4                GFTR_SetTransPara
                0x060109f8                GFTR_GetTransPara
                0x06010a04                GFTR_GetNumTrans
                0x06010a10                GFTR_SetTransMax
                0x06010a1c                GFTR_Start
                0x06010a28                GFTR_Pause
                0x06010a34                GFTR_Stop
                0x06010aec                GFTR_Exec
                0x06010b70                GFTR_Idle
                0x06010be8                GFTR_ExecSvr
                0x06010cf0                gftr_getSrcPack
                0x06010d78                gftr_getDstPack
                0x06010dd4                gftr_reqScu
                0x06010de0                gftr_execScu
                0x06010e7c                gftr_remScu
                0x06010eb0                gfdma_canUse
                0x06010ebc                gfdma_exec
                0x06010f2c                gfdma_getBytecnt
                0x06010f64                gftr_reqDma0
                0x06010f7c                gftr_execSdma0
                0x06010fa0                gftr_remDma0
                0x06010fb8                gftr_reqDma1
                0x06010fd0                gftr_execSdma1
                0x06010ff4                gftr_remDma1
                0x0601100c                gftr_reqCpu
                0x06011018                gftr_execCpu
                0x06011058                gftr_remCpu
                0x06011064                gftr_reqTrn
                0x060110d4                gftr_execTrn
                0x060111ac                gftr_remTrn
                0x06011220                gftr_copyFrac
                0x06011248                GFTR_GetLenData
                0x06011254                GFTR_GetLenRoom
                0x0601126c                GFTR_GetDstPack
                0x060112a0                GFTR_RtnDstPk
                0x060112bc                GFTR_GetData
                0x060112d0                GFTR_SetData
                0x060112e4                GFTR_SetTransFunc
 *fill*         0x060112f6        0xa 
 .text          0x06011300      0x130 ../../Compiler/COMMON/SGL_302j/LIB_ELF/LIBCD.A(CDC_DRV.O)
                0x06011300                CDC_CdPlay
                0x060113cc                CDC_CdSeek
                0x06011400                CDC_CdScan
 .text          0x06011430       0xa8 ../../Compiler/COMMON/SGL_302j/LIB_ELF/LIBCD.A(CDC_DEV.O)
                0x06011430                CDC_CdSetCon
                0x06011460                CDC_CdGetCon
                0x0601149c                CDC_CdGetLastBuf
 *fill*         0x060114d8        0x8 
 .text          0x060114e0      0x2b8 ../../Compiler/COMMON/SGL_302j/LIB_ELF/LIBCD.A(CDC_SEL.O)
                0x060114e0                CDC_SetFiltRange
                0x06011514                CDC_GetFiltRange
                0x0601156c                CDC_SetFiltSubh
                0x060115dc                CDC_GetFiltSubh
                0x06011658                CDC_SetFiltMode
                0x0601168c                CDC_GetFiltMode
                0x060116d0                CDC_SetFiltCon
                0x06011710                CDC_GetFiltCon
                0x06011764                CDC_ResetSelector
 *fill*         0x06011798        0x8 
 .text          0x060117a0      0x270 ../../Compiler/COMMON/SGL_302j/LIB_ELF/LIBCD.A(CDC_BIF.O)
                0x060117a0                CDC_GetBufSiz
                0x060117fc                CDC_GetSctNum
                0x06011840                CDC_CalActSiz
                0x0601187c                CDC_GetActSiz
                0x060118fc                CDC_GetSctInfo
                0x0601197c                CDC_ExeFadSearch
                0x060119b4                CDC_GetFadSearch
 .text          0x06011a10      0x1e4 ../../Compiler/COMMON/SGL_302j/LIB_ELF/LIBCD.A(CDC_BIO.O)
                0x06011a10                CDC_SetSctLen
                0x06011a44                CDC_GetSctData
                0x06011a80                CDC_DelSctData
                0x06011abc                CDC_GetdelSctData
                0x06011af8                CDC_PutSctData
                0x06011b30                CDC_CopySctData
                0x06011b74                CDC_MoveSctData
                0x06011bb8                CDC_GetCopyErr
 *fill*         0x06011bf4        0xc 
 .text          0x06011c00        0x0 ../../Compiler/COMMON/SGL_302j/LIB_ELF/LIBSGL.A(sglA15.o)
 .text          0x06011c00        0x0 ../../Compiler/COMMON/SGL_302j/LIB_ELF/LIBSGL.A(sglB001.o)
 .text          0x06011c00        0x0 ../../Compiler/COMMON/SGL_302j/LIB_ELF/LIBSGL.A(sglB011.o)
 .text          0x06011c00        0x0 ../../Compiler/COMMON/SGL_302j/LIB_ELF/LIBSGL.A(sglB014.o)
 .text          0x06011c00        0x0 ../../Compiler/COMMON/SGL_302j/LIB_ELF/LIBSGL.A(sglB015.o)
 .text          0x06011c00        0x0 ../../Compiler/COMMON/SGL_302j/LIB_ELF/LIBSGL.A(sglB016.o)
 .text          0x06011c00        0x0 ../../Compiler/COMMON/SGL_302j/LIB_ELF/LIBSGL.A(sglB020.o)
 .text          0x06011c00        0x0 ../../Compiler/COMMON/SGL_302j/LIB_ELF/LIBSGL.A(sglB021.o)
 .text          0x06011c00        0x0 ../../Compiler/COMMON/SGL_302j/LIB_ELF/LIBSGL.A(sglB023.o)
 .text          0x06011c00        0x0 ../../Compiler/COMMON/SGL_302j/LIB_ELF/LIBSGL.A(sglB032.o)
 .text          0x06011c00        0x0 ../../Compiler/COMMON/SGL_302j/LIB_ELF/LIBSGL.A(sglB035.o)
 .text          0x06011c00        0x0 ../../Compiler/COMMON/SGL_302j/LIB_ELF/LIBSGL.A(sglB036.o)
 .text          0x06011c00        0x0 ../../Compiler/COMMON/SGL_302j/LIB_ELF/LIBSGL.A(sglB038.o)
 .text          0x06011c00        0x0 ../../Compiler/COMMON/SGL_302j/LIB_ELF/LIBSGL.A(sglB039.o)
 .text          0x06011c00        0x0 ../../Compiler/COMMON/SGL_302j/LIB_ELF/LIBSGL.A(sglB040.o)
 .text          0x06011c00        0x0 ../../Compiler/COMMON/SGL_302j/LIB_ELF/LIBSGL.A(sglB041.o)
 .text          0x06011c00        0x0 ../../Compiler/COMMON/SGL_302j/LIB_ELF/LIBSGL.A(sglB043.o)
 .text          0x06011c00        0x0 ../../Compiler/COMMON/SGL_302j/LIB_ELF/LIBSGL.A(sglB047.o)
 .text          0x06011c00        0x0 ../../Compiler/COMMON/SGL_302j/LIB_ELF/LIBSGL.A(sglB048.o)
 .text          0x06011c00        0x0 ../../Compiler/COMMON/SGL_302j/LIB_ELF/LIBSGL.A(sglB056.o)
 .text          0x06011c00        0x0 ../../Compiler/COMMON/SGL_302j/LIB_ELF/LIBSGL.A(sglB059.o)
 .text          0x06011c00        0x0 ../../Compiler/COMMON/SGL_302j/LIB_ELF/LIBSGL.A(sglB060.o)
 .text          0x06011c00        0x0 ../../Compiler/COMMON/SGL_302j/LIB_ELF/LIBSGL.A(sglB063.o)
 .text          0x06011c00        0x0 ../../Compiler/COMMON/SGL_302j/LIB_ELF/LIBSGL.A(sglB087.o)
 .text          0x06011c00        0x0 ../../Compiler/COMMON/SGL_302j/LIB_ELF/LIBSGL.A(sglB088.o)
 .text          0x06011c00        0x0 ../../Compiler/COMMON/SGL_302j/LIB_ELF/LIBSGL.A(sglB090.o)
 .text          0x06011c00        0x0 ../../Compiler/COMMON/SGL_302j/LIB_ELF/LIBSGL.A(sglB200.o)
 .text          0x06011c00        0x0 ../../Compiler/COMMON/SGL_302j/LIB_ELF/LIBSGL.A(sglC05.o)
 .text          0x06011c00        0x0 ../../Compiler/COMMON/SGL_302j/LIB_ELF/LIBSGL.A(sglC06.o)
 .text          0x06011c00        0x0 ../../Compiler/COMMON/SGL_302j/LIB_ELF/LIBSGL.A(sglC07.o)
 .text          0x06011c00        0x0 ../../Compiler/COMMON/SGL_302j/LIB_ELF/LIBSGL.A(sglC17.o)
 .text          0x06011c00        0x0 ../../Compiler/COMMON/SGL_302j/LIB_ELF/LIBSGL.A(sglC19.o)
 .text          0x06011c00        0x0 ../../Compiler/COMMON/SGL_302j/LIB_ELF/LIBSGL.A(sglC20.o)
 .text          0x06011c00        0x0 ../../Compiler/COMMON/SGL_302j/LIB_ELF/LIBSGL.A(sglC21.o)
 .text          0x06011c00        0x0 ../../Compiler/COMMON/SGL_302j/LIB_ELF/LIBSGL.A(sglD00.o)
 .text          0x06011c00        0x0 ../../Compiler/COMMON/SGL_302j/LIB_ELF/LIBSGL.A(sglD01.o)
 .text          0x06011c00        0x0 ../../Compiler/COMMON/SGL_302j/LIB_ELF/LIBSGL.A(sglD03.o)
 .text          0x06011c00        0x0 ../../Compiler/COMMON/SGL_302j/LIB_ELF/LIBSGL.A(sglD15.o)
 .text          0x06011c00        0x0 ../../Compiler/COMMON/SGL_302j/LIB_ELF/LIBSGL.A(sglD16.o)
 .text          0x06011c00        0x0 ../../Compiler/COMMON/SGL_302j/LIB_ELF/LIBSGL.A(sglD17.o)
 .text          0x06011c00        0x0 ../../Compiler/COMMON/SGL_302j/LIB_ELF/LIBSGL.A(sglD18.o)
 .text          0x06011c00        0x0 ../../Compiler/COMMON/SGL_302j/LIB_ELF/LIBSGL.A(sglF00.o)
 .text          0x06011c00        0x0 ../../Compiler/COMMON/SGL_302j/LIB_ELF/LIBSGL.A(sglF05.o)
 .text          0x06011c00        0x0 ../../Compiler/COMMON/SGL_302j/LIB_ELF/LIBSGL.A(sglF08.o)
 .text          0x06011c00        0x0 ../../Compiler/COMMON/SGL_302j/LIB_ELF/LIBSGL.A(sglH00.o)
 .text          0x06011c00        0x0 ../../Compiler/COMMON/SGL_302j/LIB_ELF/LIBSGL.A(sglH01.o)
 .text          0x06011c00        0x0 ../../Compiler/COMMON/SGL_302j/LIB_ELF/LIBSGL.A(sglH02.o)
 .text          0x06011c00        0x0 ../../Compiler/COMMON/SGL_302j/LIB_ELF/LIBSGL.A(sglH04.o)
 .text          0x06011c00        0x0 ../../Compiler/COMMON/SGL_302j/LIB_ELF/LIBSGL.A(sglI01.o)
 .text          0x06011c00        0x0 ../../Compiler/COMMON/SGL_302j/LIB_ELF/LIBSGL.A(sglI04.o)
 .text          0x06011c00      0x128 ../../Compiler/COMMON/SGL_302j/LIB_ELF/LIBSGL.A(sglIc0.o)
                0x06011c00                slInitSystem
 *fill*         0x06011d28        0x8 
 .text          0x06011d30        0x0 ../../Compiler/COMMON/SGL_302j/LIB_ELF/LIBSGL.A(sglJ00.o)
 .text          0x06011d30        0x0 ../../Compiler/COMMON/SGL_302j/LIB_ELF/LIBSGL.A(sglJ01.o)
 .text          0x06011d30        0x0 ../../Compiler/COMMON/SGL_302j/LIB_ELF/LIBSGL.A(sglJ02.o)
 .text          0x06011d30        0x0 ../../Compiler/COMMON/SGL_302j/LIB_ELF/LIBSGL.A(sglJ03.o)
 .text          0x06011d30        0x0 ../../Compiler/COMMON/SGL_302j/LIB_ELF/LIBSGL.A(sglJ04.o)
 .text          0x06011d30        0x0 ../../Compiler/COMMON/SGL_302j/LIB_ELF/LIBSGL.A(sglJ05.o)
 .text          0x06011d30        0x0 ../../Compiler/COMMON/SGL_302j/LIB_ELF/LIBSGL.A(sglK01.o)
 .text          0x06011d30        0x0 ../../Compiler/COMMON/SGL_302j/LIB_ELF/LIBSGL.A(sglM01.o)
 .text          0x06011d30        0x0 ../../Compiler/COMMON/SGL_302j/LIB_ELF/LIBSGL.A(sglA00.o)
 .text          0x06011d30        0x0 ../../Compiler/COMMON/SGL_302j/LIB_ELF/LIBSGL.A(sglA01.o)
 .text          0x06011d30        0x0 ../../Compiler/COMMON/SGL_302j/LIB_ELF/LIBSGL.A(sglA20.o)
 .text          0x06011d30        0x0 ../../Compiler/COMMON/SGL_302j/LIB_ELF/LIBSGL.A(sglB000.o)
 .text          0x06011d30        0x0 ../../Compiler/COMMON/SGL_302j/LIB_ELF/LIBSGL.A(sglC00.o)
 .text          0x06011d30        0x0 ../../Compiler/COMMON/SGL_302j/LIB_ELF/LIBSGL.A(sglI00.o)
 .text          0x06011d30        0x0 ../../Compiler/COMMON/SGL_302j/LIB_ELF/LIBSGL.A(sglH03.o)
 .text          0x06011d30       0x52 e:/12gits/joengine/compiler/windows/bin/../lib/gcc/sh-elf/9.3.0\libgcc.a(_ashiftrt.o)
                0x06011d30                __ashiftrt_r4_31
                0x06011d30                __ashiftrt_r4_32
                0x06011d36                __ashiftrt_r4_30
                0x06011d38                __ashiftrt_r4_29
                0x06011d3a                __ashiftrt_r4_28
                0x06011d3c                __ashiftrt_r4_27
                0x06011d3e                __ashiftrt_r4_26
                0x06011d40                __ashiftrt_r4_25
                0x06011d42                __ashiftrt_r4_24
                0x06011d4a                __ashiftrt_r4_23
                0x06011d4c                __ashiftrt_r4_22
                0x06011d4e                __ashiftrt_r4_21
                0x06011d50                __ashiftrt_r4_20
                0x06011d52                __ashiftrt_r4_19
                0x06011d54                __ashiftrt_r4_18
                0x06011d56                __ashiftrt_r4_17
                0x06011d58                __ashiftrt_r4_16
                0x06011d5e                __ashiftrt_r4_15
                0x06011d60                __ashiftrt_r4_14
                0x06011d62                __ashiftrt_r4_13
                0x06011d64                __ashiftrt_r4_12
                0x06011d66                __ashiftrt_r4_11
                0x06011d68                __ashiftrt_r4_10
                0x06011d6a                __ashiftrt_r4_9
                0x06011d6c                __ashiftrt_r4_8
                0x06011d6e                __ashiftrt_r4_7
                0x06011d70                __ashiftrt_r4_6
                0x06011d72                __ashiftrt_r4_5
                0x06011d74                __ashiftrt_r4_4
                0x06011d76                __ashiftrt_r4_3
                0x06011d78                __ashiftrt_r4_2
                0x06011d7a                __ashiftrt_r4_1
                0x06011d7e                __ashiftrt_r4_0
 *fill*         0x06011d82        0x2 
 .text          0x06011d84       0x80 e:/12gits/joengine/compiler/windows/bin/../lib/gcc/sh-elf/9.3.0\libgcc.a(_ashiftrt_n.o)
                0x06011d84                __ashrsi3
 .text          0x06011e04       0xbc e:/12gits/joengine/compiler/windows/bin/../lib/gcc/sh-elf/9.3.0\libgcc.a(_ashiftlt.o)
                0x06011e04                __ashlsi3
                0x06011e08                __ashlsi3_r0
 .text          0x06011ec0       0xbc e:/12gits/joengine/compiler/windows/bin/../lib/gcc/sh-elf/9.3.0\libgcc.a(_lshiftrt.o)
                0x06011ec0                __lshrsi3
                0x06011ec4                __lshrsi3_r0
 .text          0x06011f7c       0xa0 e:/12gits/joengine/compiler/windows/bin/../lib/gcc/sh-elf/9.3.0\libgcc.a(_sdivsi3.o)
                0x06011f7c                __sdivsi3
 .text          0x0601201c       0x6c e:/12gits/joengine/compiler/windows/bin/../lib/gcc/sh-elf/9.3.0\libgcc.a(_udivsi3.o)
                0x0601203e                __udivsi3
 .text          0x06012088      0x21c e:/12gits/joengine/compiler/windows/bin/../lib/gcc/sh-elf/9.3.0\libgcc.a(_addsub_sf.o)
                0x06012208                __addsf3
                0x06012254                __subsf3
 .text          0x060122a4      0x134 e:/12gits/joengine/compiler/windows/bin/../lib/gcc/sh-elf/9.3.0\libgcc.a(_mul_sf.o)
                0x060122a4                __mulsf3
 .text          0x060123d8       0xdc e:/12gits/joengine/compiler/windows/bin/../lib/gcc/sh-elf/9.3.0\libgcc.a(_div_sf.o)
                0x060123d8                __divsf3
 .text          0x060124b4       0x54 e:/12gits/joengine/compiler/windows/bin/../lib/gcc/sh-elf/9.3.0\libgcc.a(_gt_sf.o)
                0x060124b4                __gtsf2
 .text          0x06012508       0x54 e:/12gits/joengine/compiler/windows/bin/../lib/gcc/sh-elf/9.3.0\libgcc.a(_ge_sf.o)
                0x06012508                __gesf2
 .text          0x0601255c       0x54 e:/12gits/joengine/compiler/windows/bin/../lib/gcc/sh-elf/9.3.0\libgcc.a(_lt_sf.o)
                0x0601255c                __ltsf2
 .text          0x060125b0       0x54 e:/12gits/joengine/compiler/windows/bin/../lib/gcc/sh-elf/9.3.0\libgcc.a(_le_sf.o)
                0x060125b0                __lesf2
 .text          0x06012604       0x84 e:/12gits/joengine/compiler/windows/bin/../lib/gcc/sh-elf/9.3.0\libgcc.a(_si_to_sf.o)
                0x06012604                __floatsisf
 .text          0x06012688       0x70 e:/12gits/joengine/compiler/windows/bin/../lib/gcc/sh-elf/9.3.0\libgcc.a(_sf_to_si.o)
                0x06012688                __fixsfsi
 .text          0x060126f8       0x3c e:/12gits/joengine/compiler/windows/bin/../lib/gcc/sh-elf/9.3.0\libgcc.a(_sf_to_df.o)
                0x060126f8                __extendsfdf2
 .text          0x06012734        0x0 e:/12gits/joengine/compiler/windows/bin/../lib/gcc/sh-elf/9.3.0\libgcc.a(_thenan_sf.o)
 .text          0x06012734       0x94 e:/12gits/joengine/compiler/windows/bin/../lib/gcc/sh-elf/9.3.0\libgcc.a(_usi_to_sf.o)
                0x06012734                __floatunsisf
 .text          0x060127c8      0x3e0 e:/12gits/joengine/compiler/windows/bin/../lib/gcc/sh-elf/9.3.0\libgcc.a(_addsub_df.o)
                0x06012b04                __adddf3
                0x06012b54                __subdf3
 .text          0x06012ba8      0x208 e:/12gits/joengine/compiler/windows/bin/../lib/gcc/sh-elf/9.3.0\libgcc.a(_mul_df.o)
                0x06012ba8                __muldf3
 .text          0x06012db0       0xa8 e:/12gits/joengine/compiler/windows/bin/../lib/gcc/sh-elf/9.3.0\libgcc.a(_si_to_df.o)
                0x06012db0                __floatsidf
 .text          0x06012e58       0xa0 e:/12gits/joengine/compiler/windows/bin/../lib/gcc/sh-elf/9.3.0\libgcc.a(_df_to_si.o)
                0x06012e58                __fixdfsi
 .text          0x06012ef8       0x28 e:/12gits/joengine/compiler/windows/bin/../lib/gcc/sh-elf/9.3.0\libgcc.a(_make_df.o)
                0x06012ef8                __make_dp
 .text          0x06012f20       0x4c e:/12gits/joengine/compiler/windows/bin/../lib/gcc/sh-elf/9.3.0\libgcc.a(_df_to_sf.o)
                0x06012f20                __truncdfsf2
 .text          0x06012f6c        0x0 e:/12gits/joengine/compiler/windows/bin/../lib/gcc/sh-elf/9.3.0\libgcc.a(_thenan_df.o)
 .text          0x06012f6c       0x54 e:/12gits/joengine/compiler/windows/bin/../lib/gcc/sh-elf/9.3.0\libgcc.a(_clzsi2.o)
                0x06012f6c                __clzsi2
 .text          0x06012fc0      0x11c e:/12gits/joengine/compiler/windows/bin/../lib/gcc/sh-elf/9.3.0\libgcc.a(_pack_sf.o)
                0x06012fc0                __pack_f
 .text          0x060130dc       0xa0 e:/12gits/joengine/compiler/windows/bin/../lib/gcc/sh-elf/9.3.0\libgcc.a(_unpack_sf.o)
                0x060130dc                __unpack_f
 .text          0x0601317c       0xac e:/12gits/joengine/compiler/windows/bin/../lib/gcc/sh-elf/9.3.0\libgcc.a(_fpcmp_parts_sf.o)
                0x0601317c                __fpcmp_parts_f
 .text          0x06013228       0x20 e:/12gits/joengine/compiler/windows/bin/../lib/gcc/sh-elf/9.3.0\libgcc.a(_make_sf.o)
                0x06013228                __make_fp
 .text          0x06013248      0x274 e:/12gits/joengine/compiler/windows/bin/../lib/gcc/sh-elf/9.3.0\libgcc.a(_pack_df.o)
                0x06013248                __pack_d
 .text          0x060134bc       0xcc e:/12gits/joengine/compiler/windows/bin/../lib/gcc/sh-elf/9.3.0\libgcc.a(_unpack_df.o)
                0x060134bc                __unpack_d
 .text          0x06013588        0x0 e:/12gits/joengine/compiler/windows/bin/../lib/gcc/sh-elf/9.3.0\libgcc.a(_clz.o)
 .text          0x06013588       0x1e e:/12gits/joengine/compiler/windows/bin/../lib/gcc/sh-elf/9.3.0/../../../../sh-elf/lib\libc.a(lib_a-memcmp.o)
                0x06013588                memcmp
 *fill*         0x060135a6        0x2 
 .text          0x060135a8       0x94 e:/12gits/joengine/compiler/windows/bin/../lib/gcc/sh-elf/9.3.0/../../../../sh-elf/lib\libc.a(lib_a-memcpy.o)
                0x060135a8                memcpy
 .text          0x0601363c       0x40 e:/12gits/joengine/compiler/windows/bin/../lib/gcc/sh-elf/9.3.0/../../../../sh-elf/lib\libc.a(lib_a-memset.o)
                0x0601363c                memset
 .text          0x0601367c       0x8c e:/12gits/joengine/compiler/windows/bin/../lib/gcc/sh-elf/9.3.0/../../../../sh-elf/lib\libc.a(lib_a-sprintf.o)
                0x0601367c                _siprintf_r
                0x0601367c                _sprintf_r
                0x060136bc                siprintf
                0x060136bc                sprintf
 .text          0x06013708       0x2a e:/12gits/joengine/compiler/windows/bin/../lib/gcc/sh-elf/9.3.0/../../../../sh-elf/lib\libc.a(lib_a-strncmp.o)
                0x06013708                strncmp
 .text          0x06013732       0x36 e:/12gits/joengine/compiler/windows/bin/../lib/gcc/sh-elf/9.3.0/../../../../sh-elf/lib\libc.a(lib_a-strncpy.o)
                0x06013732                strncpy
 .text          0x06013768        0x0 e:/12gits/joengine/compiler/windows/bin/../lib/gcc/sh-elf/9.3.0/../../../../sh-elf/lib\libc.a(lib_a-impure.o)
 .text          0x06013768      0x444 e:/12gits/joengine/compiler/windows/bin/../lib/gcc/sh-elf/9.3.0/../../../../sh-elf/lib\libc.a(lib_a-nano-svfprintf.o)
                0x06013768                __ssputs_r
                0x0601385c                __ssprint_r
                0x06013990                _svfprintf_r
                0x06013990                _svfiprintf_r
 .text          0x06013bac      0x380 e:/12gits/joengine/compiler/windows/bin/../lib/gcc/sh-elf/9.3.0/../../../../sh-elf/lib\libc.a(lib_a-nano-vfprintf_i.o)
                0x06013bac                _printf_common
                0x06013cac                _printf_i
 .text          0x06013f2c       0x1c e:/12gits/joengine/compiler/windows/bin/../lib/gcc/sh-elf/9.3.0/../../../../sh-elf/lib\libc.a(lib_a-memchr.o)
                0x06013f2c                memchr
 .text          0x06013f48       0x3c e:/12gits/joengine/compiler/windows/bin/../lib/gcc/sh-elf/9.3.0/../../../../sh-elf/lib\libc.a(lib_a-memmove.o)
                0x06013f48                memmove
 .text          0x06013f84       0xd0 e:/12gits/joengine/compiler/windows/bin/../lib/gcc/sh-elf/9.3.0/../../../../sh-elf/lib\libc.a(lib_a-nano-freer.o)
                0x06013f84                _free_r
 .text          0x06014054       0xf8 e:/12gits/joengine/compiler/windows/bin/../lib/gcc/sh-elf/9.3.0/../../../../sh-elf/lib\libc.a(lib_a-nano-mallocr.o)
                0x06014054                _malloc_r
 .text          0x0601414c       0x7c e:/12gits/joengine/compiler/windows/bin/../lib/gcc/sh-elf/9.3.0/../../../../sh-elf/lib\libc.a(lib_a-nano-reallocr.o)
                0x0601414c                _realloc_r
 .text          0x060141c8       0x30 e:/12gits/joengine/compiler/windows/bin/../lib/gcc/sh-elf/9.3.0/../../../../sh-elf/lib\libc.a(lib_a-sbrkr.o)
                0x060141c8                _sbrk_r
 .text          0x060141f8      0x25c e:/12gits/joengine/compiler/windows/bin/../lib/gcc/sh-elf/9.3.0/../../../../sh-elf/lib\libc.a(lib_a-syscalls.o)
                0x06014270                _read
                0x06014280                _lseek
                0x06014290                _write
                0x060142a0                _close
                0x060142b0                _link
                0x060142b4                _sbrk
                0x0601430c                _fstat
                0x06014316                _open
                0x06014328                _creat
                0x06014338                _unlink
                0x0601433c                isatty
                0x06014340                _isatty
                0x06014344                _exit
                0x06014354                _kill
                0x06014368                _getpid
                0x0601436c                _raise
                0x06014370                _stat
                0x06014380                _chmod
                0x06014390                _chown
                0x060143a0                _utime
                0x060143b4                _fork
                0x060143c0                _wait
                0x060143d0                _execve
                0x060143e0                _execv
                0x060143f0                _pipe
                0x060143fc                _times
                0x06014400                _gettimeofday
                0x06014428                __setup_argv_and_call_main
 .text          0x06014454       0x14 e:/12gits/joengine/compiler/windows/bin/../lib/gcc/sh-elf/9.3.0/../../../../sh-elf/lib\libc.a(lib_a-trap.o)
                0x06014454                __trap34
 .text          0x06014468       0x18 e:/12gits/joengine/compiler/windows/bin/../lib/gcc/sh-elf/9.3.0/../../../../sh-elf/lib\libc.a(lib_a-abort.o)
                0x06014468                abort
 .text          0x06014480        0x8 e:/12gits/joengine/compiler/windows/bin/../lib/gcc/sh-elf/9.3.0/../../../../sh-elf/lib\libc.a(lib_a-mlock.o)
                0x06014480                __malloc_lock
                0x06014484                __malloc_unlock
 .text          0x06014488       0x16 e:/12gits/joengine/compiler/windows/bin/../lib/gcc/sh-elf/9.3.0/../../../../sh-elf/lib\libc.a(lib_a-nano-msizer.o)
                0x06014488                _malloc_usable_size_r
 *fill*         0x0601449e        0x2 
 .text          0x060144a0      0x1b4 e:/12gits/joengine/compiler/windows/bin/../lib/gcc/sh-elf/9.3.0/../../../../sh-elf/lib\libc.a(lib_a-signal.o)
                0x060144a0                _init_signal_r
                0x060144e0                _signal_r
                0x0601452c                _raise_r
                0x060145a4                __sigtramp_r
                0x06014608                raise
                0x0601461c                signal
                0x06014630                _init_signal
                0x06014640                __sigtramp
 .text          0x06014654       0x40 e:/12gits/joengine/compiler/windows/bin/../lib/gcc/sh-elf/9.3.0/../../../../sh-elf/lib\libc.a(lib_a-signalr.o)
                0x06014654                _kill_r
                0x06014688                _getpid_r
 *(.strings)
 *(SEGA_P)
 *(.eh_frame_hdr)
 *(.eh_frame)
                0x06014694                __etext = .

.text.startup   0x060146a0       0x40
 .text.startup  0x060146a0       0x40 ../../jo_engine/core.o
                0x060146a0                main

SLPROG          0x060146e0    0x10da0
                0x060146e0                __slprog_start = .
 *(SLPROG)
 SLPROG         0x060146e0     0x6540 ../../Compiler/COMMON/SGL_302j/LIB_ELF/SGLAREA.O
                0x060146e0                MasterStack
                0x060146e4                SlaveStack
                0x060146e8                MaxVertices
                0x060146ea                MaxPolygons
                0x060146ec                SortList
                0x060146f0                SortListSize
                0x060146f4                TransList
                0x060146f8                Zbuffer
                0x060146fc                SpriteBuf
                0x06014700                SpriteBufSize
                0x06014704                Pbuffer
                0x06014708                CommandBuf
                0x0601470c                CLOfstBuf
                0x06014710                PCM_Work
                0x06014714                PCM_WkSize
                0x06014718                MaxEvents
                0x0601471a                EventSize
                0x0601471c                MaxWorks
                0x0601471e                WorkSize
                0x06014720                RemainEvent
                0x06014820                RemainWork
                0x06014c20                EventBuf
                0x06016c20                WorkBuf
 SLPROG         0x0601ac20       0x18 ../../Compiler/COMMON/SGL_302j/LIB_ELF/LIBSGL.A(sglA15.o)
                0x0601ac20                slSlaveFunc
 *fill*         0x0601ac38        0x8 
 SLPROG         0x0601ac40       0x20 ../../Compiler/COMMON/SGL_302j/LIB_ELF/LIBSGL.A(sglB001.o)
                0x0601ac40                slTVOn
                0x0601ac4a                slTVOff
 SLPROG         0x0601ac60       0x24 ../../Compiler/COMMON/SGL_302j/LIB_ELF/LIBSGL.A(sglB011.o)
                0x0601ac60                slBitMapNbg1
 *fill*         0x0601ac84        0xc 
 SLPROG         0x0601ac90        0x8 ../../Compiler/COMMON/SGL_302j/LIB_ELF/LIBSGL.A(sglB014.o)
                0x0601ac90                slScrTransparent
 *fill*         0x0601ac98        0x8 
 SLPROG         0x0601aca0      0x40c ../../Compiler/COMMON/SGL_302j/LIB_ELF/LIBSGL.A(sglB015.o)
                0x0601aca0                slScrAutoDisp
 *fill*         0x0601b0ac        0x4 
 SLPROG         0x0601b0b0        0xc ../../Compiler/COMMON/SGL_302j/LIB_ELF/LIBSGL.A(sglB016.o)
                0x0601b0b0                slBack1ColSet
 *fill*         0x0601b0bc        0x4 
 SLPROG         0x0601b0c0       0x10 ../../Compiler/COMMON/SGL_302j/LIB_ELF/LIBSGL.A(sglB020.o)
                0x0601b0c0                slColorCalc
 SLPROG         0x0601b0d0        0xc ../../Compiler/COMMON/SGL_302j/LIB_ELF/LIBSGL.A(sglB021.o)
                0x0601b0d0                slColorCalcOn
 *fill*         0x0601b0dc        0x4 
 SLPROG         0x0601b0e0        0xc ../../Compiler/COMMON/SGL_302j/LIB_ELF/LIBSGL.A(sglB023.o)
                0x0601b0e0                slColRate
 *fill*         0x0601b0ec        0x4 
 SLPROG         0x0601b0f0       0xb4 ../../Compiler/COMMON/SGL_302j/LIB_ELF/LIBSGL.A(sglB032.o)
                0x0601b0f0                slMapNbg1
 *fill*         0x0601b1a4        0xc 
 SLPROG         0x0601b1b0       0xd4 ../../Compiler/COMMON/SGL_302j/LIB_ELF/LIBSGL.A(sglB035.o)
                0x0601b1b0                sl1MapRA
                0x0601b242                rbank_set
 *fill*         0x0601b284        0xc 
 SLPROG         0x0601b290       0xa0 ../../Compiler/COMMON/SGL_302j/LIB_ELF/LIBSGL.A(sglB036.o)
                0x0601b290                sl1MapRB
 SLPROG         0x0601b330       0x70 ../../Compiler/COMMON/SGL_302j/LIB_ELF/LIBSGL.A(sglB038.o)
                0x0601b330                slRparaInitSet
 SLPROG         0x0601b3a0       0x7e ../../Compiler/COMMON/SGL_302j/LIB_ELF/LIBSGL.A(sglB039.o)
                0x0601b3a0                slMakeKtable
 *fill*         0x0601b41e        0x2 
 SLPROG         0x0601b420       0x58 ../../Compiler/COMMON/SGL_302j/LIB_ELF/LIBSGL.A(sglB040.o)
                0x0601b420                slKtableRA
 *fill*         0x0601b478        0x8 
 SLPROG         0x0601b480       0x5c ../../Compiler/COMMON/SGL_302j/LIB_ELF/LIBSGL.A(sglB041.o)
                0x0601b480                slKtableRB
 *fill*         0x0601b4dc        0x4 
 SLPROG         0x0601b4e0        0x8 ../../Compiler/COMMON/SGL_302j/LIB_ELF/LIBSGL.A(sglB043.o)
                0x0601b4e0                slRparaMode
 *fill*         0x0601b4e8        0x8 
 SLPROG         0x0601b4f0        0xc ../../Compiler/COMMON/SGL_302j/LIB_ELF/LIBSGL.A(sglB047.o)
                0x0601b4f0                slOverRA
 *fill*         0x0601b4fc        0x4 
 SLPROG         0x0601b500       0x10 ../../Compiler/COMMON/SGL_302j/LIB_ELF/LIBSGL.A(sglB048.o)
                0x0601b500                slOverRB
 SLPROG         0x0601b510        0xc ../../Compiler/COMMON/SGL_302j/LIB_ELF/LIBSGL.A(sglB056.o)
                0x0601b510                slPlaneNbg1
 *fill*         0x0601b51c        0x4 
 SLPROG         0x0601b520        0xc ../../Compiler/COMMON/SGL_302j/LIB_ELF/LIBSGL.A(sglB059.o)
                0x0601b520                slPlaneRA
 *fill*         0x0601b52c        0x4 
 SLPROG         0x0601b530       0x10 ../../Compiler/COMMON/SGL_302j/LIB_ELF/LIBSGL.A(sglB060.o)
                0x0601b530                slPlaneRB
 SLPROG         0x0601b540        0xc ../../Compiler/COMMON/SGL_302j/LIB_ELF/LIBSGL.A(sglB063.o)
                0x0601b540                slPriority
 *fill*         0x0601b54c        0x4 
 SLPROG         0x0601b550       0x18 ../../Compiler/COMMON/SGL_302j/LIB_ELF/LIBSGL.A(sglB087.o)
                0x0601b550                slLineScrollTable0
 *fill*         0x0601b568        0x8 
 SLPROG         0x0601b570        0x8 ../../Compiler/COMMON/SGL_302j/LIB_ELF/LIBSGL.A(sglB088.o)
                0x0601b570                slLineScrollTable1
 *fill*         0x0601b578        0x8 
 SLPROG         0x0601b580        0xc ../../Compiler/COMMON/SGL_302j/LIB_ELF/LIBSGL.A(sglB090.o)
                0x0601b580                slLineScrollMode
 *fill*         0x0601b58c        0x4 
 SLPROG         0x0601b590      0x114 ../../Compiler/COMMON/SGL_302j/LIB_ELF/LIBSGL.A(sglB200.o)
                0x0601b590                slCharRbg0
                0x0601b59c                slCharNbg0
                0x0601b5a8                slCharNbg1
                0x0601b5b4                slCharNbg2
                0x0601b5ca                slCharNbg3
                0x0601b5e2                slPageRbg0
                0x0601b5f8                slPageNbg1
                0x0601b600                slPageNbg2
                0x0601b608                slPageNbg3
                0x0601b614                slPageNbg0
 *fill*         0x0601b6a4        0xc 
 SLPROG         0x0601b6b0       0x78 ../../Compiler/COMMON/SGL_302j/LIB_ELF/LIBSGL.A(sglC05.o)
                0x0601b6b0                slSetSprite
 *fill*         0x0601b728        0x8 
 SLPROG         0x0601b730       0xfa ../../Compiler/COMMON/SGL_302j/LIB_ELF/LIBSGL.A(sglC06.o)
                0x0601b730                slDispSprite
 *fill*         0x0601b82a        0x6 
 SLPROG         0x0601b830      0x162 ../../Compiler/COMMON/SGL_302j/LIB_ELF/LIBSGL.A(sglC07.o)
                0x0601b836                slPutSprite
 *fill*         0x0601b992        0xe 
 SLPROG         0x0601b9a0       0x4c ../../Compiler/COMMON/SGL_302j/LIB_ELF/LIBSGL.A(sglC17.o)
                0x0601b9a0                slDispSpriteHV
 *fill*         0x0601b9ec        0x4 
 SLPROG         0x0601b9f0       0xd4 ../../Compiler/COMMON/SGL_302j/LIB_ELF/LIBSGL.A(sglC19.o)
                0x0601b9f0                slDispSprite4P
 *fill*         0x0601bac4        0xc 
 SLPROG         0x0601bad0       0x40 ../../Compiler/COMMON/SGL_302j/LIB_ELF/LIBSGL.A(sglC20.o)
                0x0601bad0                SpriteEntry
 SLPROG         0x0601bb10      0x4ae ../../Compiler/COMMON/SGL_302j/LIB_ELF/LIBSGL.A(sglC21.o)
                0x0601bb98                RotSprite
                0x0601bc26                SetSprPosition
 *fill*         0x0601bfbe        0x2 
 SLPROG         0x0601bfc0       0x84 ../../Compiler/COMMON/SGL_302j/LIB_ELF/LIBSGL.A(sglD00.o)
                0x0601bfc0                slCpuDMACopy
                0x0601bfc0                slDMACopy
                0x0601c01a                CSH_AllClr
                0x0601c01a                slCashPurge
 *fill*         0x0601c044        0xc 
 SLPROG         0x0601c050       0xa0 ../../Compiler/COMMON/SGL_302j/LIB_ELF/LIBSGL.A(sglD01.o)
                0x0601c050                slDMAXCopy
 SLPROG         0x0601c0f0        0xc ../../Compiler/COMMON/SGL_302j/LIB_ELF/LIBSGL.A(sglD03.o)
                0x0601c0f0                slDMAStatus
 *fill*         0x0601c0fc        0x4 
 SLPROG         0x0601c100       0x20 ../../Compiler/COMMON/SGL_302j/LIB_ELF/LIBSGL.A(sglD15.o)
                0x0601c100                CSH_Purge
 SLPROG         0x0601c120       0x84 ../../Compiler/COMMON/SGL_302j/LIB_ELF/LIBSGL.A(sglD16.o)
                0x0601c120                DMA_ScuSetPrm
                0x0601c168                DMA_SCU_PRM0
 *fill*         0x0601c1a4        0xc 
 SLPROG         0x0601c1b0       0x88 ../../Compiler/COMMON/SGL_302j/LIB_ELF/LIBSGL.A(sglD17.o)
                0x0601c1b0                DMA_ScuStart
 *fill*         0x0601c238        0x8 
 SLPROG         0x0601c240       0x34 ../../Compiler/COMMON/SGL_302j/LIB_ELF/LIBSGL.A(sglD18.o)
                0x0601c240                DMA_ScuGetStatus
 *fill*         0x0601c274        0xc 
 SLPROG         0x0601c280       0x4e ../../Compiler/COMMON/SGL_302j/LIB_ELF/LIBSGL.A(sglF00.o)
                0x0601c280                slCurScrn
                0x0601c290                slCurColor
                0x0601c29a                slLocate
                0x0601c2cc                CurrentScreen
 *fill*         0x0601c2ce        0x2 
 SLPROG         0x0601c2d0       0x1c ../../Compiler/COMMON/SGL_302j/LIB_ELF/LIBSGL.A(sglF05.o)
                0x0601c2d0                slPrint
 *fill*         0x0601c2ec        0x4 
 SLPROG         0x0601c2f0       0x34 ../../Compiler/COMMON/SGL_302j/LIB_ELF/LIBSGL.A(sglF08.o)
                0x0601c2f0                slDec2Hex
 *fill*         0x0601c324        0xc 
 SLPROG         0x0601c330      0xfc8 ../../Compiler/COMMON/SGL_302j/LIB_ELF/LIBSGL.A(sglH00.o)
                0x0601c348                slGetPortDir1
                0x0601c350                slGetPortDir2
                0x0601c358                slSetPortDir1
                0x0601c382                slSetPortDir2
                0x0601c3bc                slGetPortData1
                0x0601c3c4                slGetPortData2
                0x0601c3cc                slSetPortData1
                0x0601c3d6                slSetPortData2
                0x0601c3e8                slGetPortSelect1
                0x0601c3f2                slGetPortSelect2
                0x0601c3fc                slSetPortSelect1
                0x0601c430                slSetPortSelect2
                0x0601c46c                slGetPortExt1
                0x0601c476                slGetPortExt2
                0x0601c480                slSetPortExt1
                0x0601c4b0                slSetPortExt2
                0x0601c624                slSmpcDirectAccess
                0x0601c6a4                slInitPeripheral
                0x0601c736                slSetResultBuffer
                0x0601c7c2                slCheckIntBackSet
                0x0601c7ce                slIntBackCancel
                0x0601c7f8                slCheckReset
                0x0601c802                slClearReset
                0x0601c9c8                slSmpcCashSend
                0x0601ca84                slSmpcCashBlow
                0x0601cb60                slGetOptimize
                0x0601cb6a                slSetOptimize
                0x0601cb90                slGetPortMode1
                0x0601cb9c                slGetPortMode2
                0x0601cbaa                slSetPortMode1
                0x0601cbe8                slSetPortMode2
                0x0601cd74                slRequestCommand
                0x0601cde4                Smpc_Status
                0x0601cde8                Smpc_Result
                0x0601cdec                Smpc_Peripheral
                0x0601cdf2                Per_Connect1
                0x0601cdf3                Per_Connect2
                0x0601ce14                SmpcStatusBuf
 *fill*         0x0601d2f8        0x8 
 SLPROG         0x0601d300       0xa8 ../../Compiler/COMMON/SGL_302j/LIB_ELF/LIBSGL.A(sglH01.o)
                0x0601d300                slGetLanguage
                0x0601d30a                slSetLanguage
                0x0601d32c                slGetSoundEffect
                0x0601d338                slSetSoundEffect
                0x0601d354                slGetSoundOutput
                0x0601d360                slSetSoundOutput
                0x0601d37c                slGetHelpWindow
                0x0601d388                slSetHelpWindow
 *fill*         0x0601d3a8        0x8 
 SLPROG         0x0601d3b0      0x470 ../../Compiler/COMMON/SGL_302j/LIB_ELF/LIBSGL.A(sglH02.o)
                0x0601d7a0                smpc_pfr_tbl
                0x0601d7e0                smpc_ptf_tbl
 SLPROG         0x0601d820       0x60 ../../Compiler/COMMON/SGL_302j/LIB_ELF/LIBSGL.A(sglH04.o)
                0x0601d820                slComPrmIntBack
                0x0601d834                slComPrmSetMemory
                0x0601d84a                slComPrmSetTime
 SLPROG         0x0601d880      0x3a4 ../../Compiler/COMMON/SGL_302j/LIB_ELF/LIBSGL.A(sglI01.o)
                0x0601d880                slInitSynch
                0x0601d89a                slSynch
                0x0601d990                slRandom
                0x0601d9ae                PCM_EndCheck
                0x0601da6a                RetPCMBuf
                0x0601db04                PCM_Buf
                0x0601dba4                Sound_Buf
 *fill*         0x0601dc24        0xc 
 SLPROG         0x0601dc30       0x10 ../../Compiler/COMMON/SGL_302j/LIB_ELF/LIBSGL.A(sglI04.o)
                0x0601dc30                slIntFunction
 SLPROG         0x0601dc40       0x74 ../../Compiler/COMMON/SGL_302j/LIB_ELF/LIBSGL.A(sglJ00.o)
                0x0601dc40                InitSlaveSH
                0x0601dca8                SlaveCommand
 *fill*         0x0601dcb4        0xc 
 SLPROG         0x0601dcc0      0x3d0 ../../Compiler/COMMON/SGL_302j/LIB_ELF/LIBSGL.A(sglJ01.o)
                0x0601dcc0                SlaveControl
                0x0601e07c                ErasePolygonData
 SLPROG         0x0601e090     0x12b8 ../../Compiler/COMMON/SGL_302j/LIB_ELF/LIBSGL.A(sglJ02.o)
                0x0601e090                sbMakePolygon
                0x0601e278                sbCalcPolygon
                0x0601efb0                SetTexture
                0x0601efbc                SetPolygon
                0x0601efc4                SetPosition
                0x0601effc                stvtc_4
                0x0601f0b4                stvtc_3
                0x0601f2c4                stvtc_1
                0x0601f2d8                stvtc_2
                0x0601f2ec                stvtc_0
 *fill*         0x0601f348        0x8 
 SLPROG         0x0601f350      0x140 ../../Compiler/COMMON/SGL_302j/LIB_ELF/LIBSGL.A(sglJ03.o)
                0x0601f350                sbMakeDMATable
 SLPROG         0x0601f490      0x470 ../../Compiler/COMMON/SGL_302j/LIB_ELF/LIBSGL.A(sglJ04.o)
                0x0601f4ee                sbMakeSprite
                0x0601f554                sbMakeRotSprite
 SLPROG         0x0601f900       0x3c ../../Compiler/COMMON/SGL_302j/LIB_ELF/LIBSGL.A(sglJ05.o)
                0x0601f900                sbSortEntry
 *fill*         0x0601f93c        0x4 
 SLPROG         0x0601f940       0x6a ../../Compiler/COMMON/SGL_302j/LIB_ELF/LIBSGL.A(sglM01.o)
                0x0601f940                slSetDepthLimit
                0x0601f96c                slSetDepthTbl
                0x0601f99c                DepthWorkArea
 *fill*         0x0601f9aa        0x6 
 SLPROG         0x0601f9b0       0x20 ../../Compiler/COMMON/SGL_302j/LIB_ELF/LIBSGL.A(sglA00.o)
                0x0601f9b0                set_imask
                0x0601f9b0                _builtin_set_imask
                0x0601f9c4                _builtin_get_imask
                0x0601f9c4                get_imask
 SLPROG         0x0601f9d0     0x411e ../../Compiler/COMMON/SGL_302j/LIB_ELF/LIBSGL.A(sglA01.o)
                0x0601f9d0                slSin
                0x0601f9f4                slCos
                0x0601fa18                GetSinCos
                0x0601faac                sin_cos_index_tbl
                0x0601faec                sin_tbl
 *fill*         0x06023aee        0x2 
 SLPROG         0x06023af0      0x42c ../../Compiler/COMMON/SGL_302j/LIB_ELF/LIBSGL.A(sglA20.o)
                0x06023af0                slInitMatrix
                0x06023afa                slPushUnitMatrix
                0x06023b0e                slUnitMatrix
 *fill*         0x06023f1c        0x4 
 SLPROG         0x06023f20      0xbd0 ../../Compiler/COMMON/SGL_302j/LIB_ELF/LIBSGL.A(sglB000.o)
                0x06023f20                slInitScroll
                0x06024040                setASC_1to8
                0x06024070                setASC_4to8
                0x06024180                TVSizeTbl
                0x06024200                TVModeTbl
                0x060243d8                SGL_ASCII_CG
 SLPROG         0x06024af0      0x134 ../../Compiler/COMMON/SGL_302j/LIB_ELF/LIBSGL.A(sglC00.o)
                0x06024af0                slInitSprite
 *fill*         0x06024c24        0xc 
 SLPROG         0x06024c30      0x75c ../../Compiler/COMMON/SGL_302j/LIB_ELF/LIBSGL.A(sglI00.o)
                0x06024f20                slInitInterrupt
 *fill*         0x0602538c        0x4 
 SLPROG         0x06025390       0xf0 ../../Compiler/COMMON/SGL_302j/LIB_ELF/LIBSGL.A(sglH03.o)
                0x060253f4                slSmpcIntBack
                0x06025480                __slprog_end = .

.tors           0x06025480        0x0
                0x06025480                ___ctors = .
 *(.ctors)
                0x06025480                ___ctors_end = .
                0x06025480                ___dtors = .
 *(.dtors)
                0x06025480                ___dtors_end = .

.data           0x06025480      0x4f0
 *(.data)
 .data          0x06025480        0x0 ../../Compiler/COMMON/SGL_302j/LIB_ELF/SGLAREA.O
 .data          0x06025480        0x0 main.o
 .data          0x06025480        0x0 ../../jo_engine/tga.o
 .data          0x06025480        0x4 ../../jo_engine/fs.o
 .data          0x06025484        0x0 ../../jo_engine/slave.o
 .data          0x06025484        0x0 ../../jo_engine/font.o
 .data          0x06025484        0x0 ../../jo_engine/input.o
 .data          0x06025484        0x0 ../../jo_engine/physics.o
 .data          0x06025484        0x0 ../../jo_engine/core.o
 .data          0x06025484        0x4 ../../jo_engine/math.o
                0x06025484                jo_random_seed
 .data          0x06025488        0x0 ../../jo_engine/malloc.o
 .data          0x06025488        0x0 ../../jo_engine/tools.o
 .data          0x06025488        0x0 ../../jo_engine/palette.o
 .data          0x06025488       0x2c ../../jo_engine/sprites.o
                0x0602548c                __jo_gouraud_shading_runtime_index
                0x06025490                __jo_sprite_pos
                0x0602549c                __jo_sprite_attributes
 .data          0x060254b4        0x0 ../../jo_engine/map.o
 .data          0x060254b4        0x0 ../../jo_engine/list.o
 .data          0x060254b4        0x4 ../../jo_engine/sprite_animator.o
 .data          0x060254b8        0x0 ../../jo_engine/image.o
 .data          0x060254b8        0x0 ../../jo_engine/vdp2.o
 .data          0x060254b8        0x0 ../../jo_engine/time.o
 .data          0x060254b8        0x0 ../../jo_engine/vdp1_command_pipeline.o
 .data          0x060254b8       0x10 ../../jo_engine/vdp2_malloc.o
 *fill*         0x060254c8        0x8 
 .data          0x060254d0        0x0 ../../Compiler/COMMON/SGL_302j/LIB_ELF/SEGA_SYS.A(sys_exit.o)
 .data          0x060254d0        0x0 ../../Compiler/COMMON/SGL_302j/LIB_ELF/SEGA_SYS.A(sys_sub.o)
 .data          0x060254d0        0x0 ../../Compiler/COMMON/SGL_302j/LIB_ELF/LIBCD.A(CDC_CMN.O)
 .data          0x060254d0        0x0 ../../Compiler/COMMON/SGL_302j/LIB_ELF/LIBCD.A(CDC_CFS.O)
 .data          0x060254d0        0x0 ../../Compiler/COMMON/SGL_302j/LIB_ELF/LIBCD.A(CDC_REG.O)
 .data          0x060254d0        0x0 ../../Compiler/COMMON/SGL_302j/LIB_ELF/LIBCD.A(CDC_SUB.O)
 .data          0x060254d0        0x0 ../../Compiler/COMMON/SGL_302j/LIB_ELF/LIBCD.A(GFS.O)
 .data          0x060254d0        0x0 ../../Compiler/COMMON/SGL_302j/LIB_ELF/LIBCD.A(GFS_BUF.O)
 .data          0x060254d0        0x0 ../../Compiler/COMMON/SGL_302j/LIB_ELF/LIBCD.A(GFS_CDB.O)
 .data          0x060254d0        0x0 ../../Compiler/COMMON/SGL_302j/LIB_ELF/LIBCD.A(GFS_CDC.O)
 .data          0x060254d0        0x0 ../../Compiler/COMMON/SGL_302j/LIB_ELF/LIBCD.A(GFS_CDF.O)
 .data          0x060254d0        0x0 ../../Compiler/COMMON/SGL_302j/LIB_ELF/LIBCD.A(GFS_DIR.O)
 .data          0x060254d0        0x0 ../../Compiler/COMMON/SGL_302j/LIB_ELF/LIBCD.A(GFS_TRN.O)
 .data          0x060254d0        0x0 ../../Compiler/COMMON/SGL_302j/LIB_ELF/LIBCD.A(CDC_DRV.O)
 .data          0x060254d0        0x0 ../../Compiler/COMMON/SGL_302j/LIB_ELF/LIBCD.A(CDC_DEV.O)
 .data          0x060254d0        0x0 ../../Compiler/COMMON/SGL_302j/LIB_ELF/LIBCD.A(CDC_SEL.O)
 .data          0x060254d0        0x0 ../../Compiler/COMMON/SGL_302j/LIB_ELF/LIBCD.A(CDC_BIF.O)
 .data          0x060254d0        0x0 ../../Compiler/COMMON/SGL_302j/LIB_ELF/LIBCD.A(CDC_BIO.O)
 .data          0x060254d0        0x0 ../../Compiler/COMMON/SGL_302j/LIB_ELF/LIBSGL.A(sglA15.o)
 .data          0x060254d0        0x0 ../../Compiler/COMMON/SGL_302j/LIB_ELF/LIBSGL.A(sglB001.o)
 .data          0x060254d0        0x0 ../../Compiler/COMMON/SGL_302j/LIB_ELF/LIBSGL.A(sglB011.o)
 .data          0x060254d0        0x0 ../../Compiler/COMMON/SGL_302j/LIB_ELF/LIBSGL.A(sglB014.o)
 .data          0x060254d0        0x0 ../../Compiler/COMMON/SGL_302j/LIB_ELF/LIBSGL.A(sglB015.o)
 .data          0x060254d0        0x0 ../../Compiler/COMMON/SGL_302j/LIB_ELF/LIBSGL.A(sglB016.o)
 .data          0x060254d0        0x0 ../../Compiler/COMMON/SGL_302j/LIB_ELF/LIBSGL.A(sglB020.o)
 .data          0x060254d0        0x0 ../../Compiler/COMMON/SGL_302j/LIB_ELF/LIBSGL.A(sglB021.o)
 .data          0x060254d0        0x0 ../../Compiler/COMMON/SGL_302j/LIB_ELF/LIBSGL.A(sglB023.o)
 .data          0x060254d0        0x0 ../../Compiler/COMMON/SGL_302j/LIB_ELF/LIBSGL.A(sglB032.o)
 .data          0x060254d0        0x0 ../../Compiler/COMMON/SGL_302j/LIB_ELF/LIBSGL.A(sglB035.o)
 .data          0x060254d0        0x0 ../../Compiler/COMMON/SGL_302j/LIB_ELF/LIBSGL.A(sglB036.o)
 .data          0x060254d0        0x0 ../../Compiler/COMMON/SGL_302j/LIB_ELF/LIBSGL.A(sglB038.o)
 .data          0x060254d0        0x0 ../../Compiler/COMMON/SGL_302j/LIB_ELF/LIBSGL.A(sglB039.o)
 .data          0x060254d0        0x0 ../../Compiler/COMMON/SGL_302j/LIB_ELF/LIBSGL.A(sglB040.o)
 .data          0x060254d0        0x0 ../../Compiler/COMMON/SGL_302j/LIB_ELF/LIBSGL.A(sglB041.o)
 .data          0x060254d0        0x0 ../../Compiler/COMMON/SGL_302j/LIB_ELF/LIBSGL.A(sglB043.o)
 .data          0x060254d0        0x0 ../../Compiler/COMMON/SGL_302j/LIB_ELF/LIBSGL.A(sglB047.o)
 .data          0x060254d0        0x0 ../../Compiler/COMMON/SGL_302j/LIB_ELF/LIBSGL.A(sglB048.o)
 .data          0x060254d0        0x0 ../../Compiler/COMMON/SGL_302j/LIB_ELF/LIBSGL.A(sglB056.o)
 .data          0x060254d0        0x0 ../../Compiler/COMMON/SGL_302j/LIB_ELF/LIBSGL.A(sglB059.o)
 .data          0x060254d0        0x0 ../../Compiler/COMMON/SGL_302j/LIB_ELF/LIBSGL.A(sglB060.o)
 .data          0x060254d0        0x0 ../../Compiler/COMMON/SGL_302j/LIB_ELF/LIBSGL.A(sglB063.o)
 .data          0x060254d0        0x0 ../../Compiler/COMMON/SGL_302j/LIB_ELF/LIBSGL.A(sglB087.o)
 .data          0x060254d0        0x0 ../../Compiler/COMMON/SGL_302j/LIB_ELF/LIBSGL.A(sglB088.o)
 .data          0x060254d0        0x0 ../../Compiler/COMMON/SGL_302j/LIB_ELF/LIBSGL.A(sglB090.o)
 .data          0x060254d0        0x0 ../../Compiler/COMMON/SGL_302j/LIB_ELF/LIBSGL.A(sglB200.o)
 .data          0x060254d0        0x0 ../../Compiler/COMMON/SGL_302j/LIB_ELF/LIBSGL.A(sglC05.o)
 .data          0x060254d0        0x0 ../../Compiler/COMMON/SGL_302j/LIB_ELF/LIBSGL.A(sglC06.o)
 .data          0x060254d0        0x0 ../../Compiler/COMMON/SGL_302j/LIB_ELF/LIBSGL.A(sglC07.o)
 .data          0x060254d0        0x0 ../../Compiler/COMMON/SGL_302j/LIB_ELF/LIBSGL.A(sglC17.o)
 .data          0x060254d0        0x0 ../../Compiler/COMMON/SGL_302j/LIB_ELF/LIBSGL.A(sglC19.o)
 .data          0x060254d0        0x0 ../../Compiler/COMMON/SGL_302j/LIB_ELF/LIBSGL.A(sglC20.o)
 .data          0x060254d0        0x0 ../../Compiler/COMMON/SGL_302j/LIB_ELF/LIBSGL.A(sglC21.o)
 .data          0x060254d0        0x0 ../../Compiler/COMMON/SGL_302j/LIB_ELF/LIBSGL.A(sglD00.o)
 .data          0x060254d0        0x0 ../../Compiler/COMMON/SGL_302j/LIB_ELF/LIBSGL.A(sglD01.o)
 .data          0x060254d0        0x0 ../../Compiler/COMMON/SGL_302j/LIB_ELF/LIBSGL.A(sglD03.o)
 .data          0x060254d0        0x0 ../../Compiler/COMMON/SGL_302j/LIB_ELF/LIBSGL.A(sglD15.o)
 .data          0x060254d0        0x0 ../../Compiler/COMMON/SGL_302j/LIB_ELF/LIBSGL.A(sglD16.o)
 .data          0x060254d0        0x0 ../../Compiler/COMMON/SGL_302j/LIB_ELF/LIBSGL.A(sglD17.o)
 .data          0x060254d0        0x0 ../../Compiler/COMMON/SGL_302j/LIB_ELF/LIBSGL.A(sglD18.o)
 .data          0x060254d0        0x0 ../../Compiler/COMMON/SGL_302j/LIB_ELF/LIBSGL.A(sglF00.o)
 .data          0x060254d0        0x0 ../../Compiler/COMMON/SGL_302j/LIB_ELF/LIBSGL.A(sglF05.o)
 .data          0x060254d0        0x0 ../../Compiler/COMMON/SGL_302j/LIB_ELF/LIBSGL.A(sglF08.o)
 .data          0x060254d0        0x0 ../../Compiler/COMMON/SGL_302j/LIB_ELF/LIBSGL.A(sglH00.o)
 .data          0x060254d0        0x0 ../../Compiler/COMMON/SGL_302j/LIB_ELF/LIBSGL.A(sglH01.o)
 .data          0x060254d0        0x0 ../../Compiler/COMMON/SGL_302j/LIB_ELF/LIBSGL.A(sglH02.o)
 .data          0x060254d0        0x0 ../../Compiler/COMMON/SGL_302j/LIB_ELF/LIBSGL.A(sglH04.o)
 .data          0x060254d0        0x0 ../../Compiler/COMMON/SGL_302j/LIB_ELF/LIBSGL.A(sglI01.o)
 .data          0x060254d0        0x0 ../../Compiler/COMMON/SGL_302j/LIB_ELF/LIBSGL.A(sglI04.o)
 .data          0x060254d0       0x80 ../../Compiler/COMMON/SGL_302j/LIB_ELF/LIBSGL.A(sglIc0.o)
                0x060254d0                IntPrioMask
 .data          0x06025550        0x0 ../../Compiler/COMMON/SGL_302j/LIB_ELF/LIBSGL.A(sglJ00.o)
 .data          0x06025550        0x0 ../../Compiler/COMMON/SGL_302j/LIB_ELF/LIBSGL.A(sglJ01.o)
 .data          0x06025550        0x0 ../../Compiler/COMMON/SGL_302j/LIB_ELF/LIBSGL.A(sglJ02.o)
 .data          0x06025550        0x0 ../../Compiler/COMMON/SGL_302j/LIB_ELF/LIBSGL.A(sglJ03.o)
 .data          0x06025550        0x0 ../../Compiler/COMMON/SGL_302j/LIB_ELF/LIBSGL.A(sglJ04.o)
 .data          0x06025550        0x0 ../../Compiler/COMMON/SGL_302j/LIB_ELF/LIBSGL.A(sglJ05.o)
 .data          0x06025550        0x0 ../../Compiler/COMMON/SGL_302j/LIB_ELF/LIBSGL.A(sglK01.o)
 .data          0x06025550        0x0 ../../Compiler/COMMON/SGL_302j/LIB_ELF/LIBSGL.A(sglM01.o)
 .data          0x06025550        0x0 ../../Compiler/COMMON/SGL_302j/LIB_ELF/LIBSGL.A(sglA00.o)
 .data          0x06025550        0x0 ../../Compiler/COMMON/SGL_302j/LIB_ELF/LIBSGL.A(sglA01.o)
 .data          0x06025550        0x0 ../../Compiler/COMMON/SGL_302j/LIB_ELF/LIBSGL.A(sglA20.o)
 .data          0x06025550        0x0 ../../Compiler/COMMON/SGL_302j/LIB_ELF/LIBSGL.A(sglB000.o)
 .data          0x06025550        0x0 ../../Compiler/COMMON/SGL_302j/LIB_ELF/LIBSGL.A(sglC00.o)
 .data          0x06025550        0x0 ../../Compiler/COMMON/SGL_302j/LIB_ELF/LIBSGL.A(sglI00.o)
 .data          0x06025550        0x0 ../../Compiler/COMMON/SGL_302j/LIB_ELF/LIBSGL.A(sglH03.o)
 .data          0x06025550        0x0 e:/12gits/joengine/compiler/windows/bin/../lib/gcc/sh-elf/9.3.0\libgcc.a(_ashiftrt.o)
 .data          0x06025550        0x0 e:/12gits/joengine/compiler/windows/bin/../lib/gcc/sh-elf/9.3.0\libgcc.a(_ashiftrt_n.o)
 .data          0x06025550        0x0 e:/12gits/joengine/compiler/windows/bin/../lib/gcc/sh-elf/9.3.0\libgcc.a(_ashiftlt.o)
 .data          0x06025550        0x0 e:/12gits/joengine/compiler/windows/bin/../lib/gcc/sh-elf/9.3.0\libgcc.a(_lshiftrt.o)
 .data          0x06025550        0x0 e:/12gits/joengine/compiler/windows/bin/../lib/gcc/sh-elf/9.3.0\libgcc.a(_sdivsi3.o)
 .data          0x06025550        0x0 e:/12gits/joengine/compiler/windows/bin/../lib/gcc/sh-elf/9.3.0\libgcc.a(_udivsi3.o)
 .data          0x06025550        0x0 e:/12gits/joengine/compiler/windows/bin/../lib/gcc/sh-elf/9.3.0\libgcc.a(_addsub_sf.o)
 .data          0x06025550        0x0 e:/12gits/joengine/compiler/windows/bin/../lib/gcc/sh-elf/9.3.0\libgcc.a(_mul_sf.o)
 .data          0x06025550        0x0 e:/12gits/joengine/compiler/windows/bin/../lib/gcc/sh-elf/9.3.0\libgcc.a(_div_sf.o)
 .data          0x06025550        0x0 e:/12gits/joengine/compiler/windows/bin/../lib/gcc/sh-elf/9.3.0\libgcc.a(_gt_sf.o)
 .data          0x06025550        0x0 e:/12gits/joengine/compiler/windows/bin/../lib/gcc/sh-elf/9.3.0\libgcc.a(_ge_sf.o)
 .data          0x06025550        0x0 e:/12gits/joengine/compiler/windows/bin/../lib/gcc/sh-elf/9.3.0\libgcc.a(_lt_sf.o)
 .data          0x06025550        0x0 e:/12gits/joengine/compiler/windows/bin/../lib/gcc/sh-elf/9.3.0\libgcc.a(_le_sf.o)
 .data          0x06025550        0x0 e:/12gits/joengine/compiler/windows/bin/../lib/gcc/sh-elf/9.3.0\libgcc.a(_si_to_sf.o)
 .data          0x06025550        0x0 e:/12gits/joengine/compiler/windows/bin/../lib/gcc/sh-elf/9.3.0\libgcc.a(_sf_to_si.o)
 .data          0x06025550        0x0 e:/12gits/joengine/compiler/windows/bin/../lib/gcc/sh-elf/9.3.0\libgcc.a(_sf_to_df.o)
 .data          0x06025550        0x0 e:/12gits/joengine/compiler/windows/bin/../lib/gcc/sh-elf/9.3.0\libgcc.a(_thenan_sf.o)
 .data          0x06025550        0x0 e:/12gits/joengine/compiler/windows/bin/../lib/gcc/sh-elf/9.3.0\libgcc.a(_usi_to_sf.o)
 .data          0x06025550        0x0 e:/12gits/joengine/compiler/windows/bin/../lib/gcc/sh-elf/9.3.0\libgcc.a(_addsub_df.o)
 .data          0x06025550        0x0 e:/12gits/joengine/compiler/windows/bin/../lib/gcc/sh-elf/9.3.0\libgcc.a(_mul_df.o)
 .data          0x06025550        0x0 e:/12gits/joengine/compiler/windows/bin/../lib/gcc/sh-elf/9.3.0\libgcc.a(_si_to_df.o)
 .data          0x06025550        0x0 e:/12gits/joengine/compiler/windows/bin/../lib/gcc/sh-elf/9.3.0\libgcc.a(_df_to_si.o)
 .data          0x06025550        0x0 e:/12gits/joengine/compiler/windows/bin/../lib/gcc/sh-elf/9.3.0\libgcc.a(_make_df.o)
 .data          0x06025550        0x0 e:/12gits/joengine/compiler/windows/bin/../lib/gcc/sh-elf/9.3.0\libgcc.a(_df_to_sf.o)
 .data          0x06025550        0x0 e:/12gits/joengine/compiler/windows/bin/../lib/gcc/sh-elf/9.3.0\libgcc.a(_thenan_df.o)
 .data          0x06025550        0x0 e:/12gits/joengine/compiler/windows/bin/../lib/gcc/sh-elf/9.3.0\libgcc.a(_clzsi2.o)
 .data          0x06025550        0x0 e:/12gits/joengine/compiler/windows/bin/../lib/gcc/sh-elf/9.3.0\libgcc.a(_pack_sf.o)
 .data          0x06025550        0x0 e:/12gits/joengine/compiler/windows/bin/../lib/gcc/sh-elf/9.3.0\libgcc.a(_unpack_sf.o)
 .data          0x06025550        0x0 e:/12gits/joengine/compiler/windows/bin/../lib/gcc/sh-elf/9.3.0\libgcc.a(_fpcmp_parts_sf.o)
 .data          0x06025550        0x0 e:/12gits/joengine/compiler/windows/bin/../lib/gcc/sh-elf/9.3.0\libgcc.a(_make_sf.o)
 .data          0x06025550        0x0 e:/12gits/joengine/compiler/windows/bin/../lib/gcc/sh-elf/9.3.0\libgcc.a(_pack_df.o)
 .data          0x06025550        0x0 e:/12gits/joengine/compiler/windows/bin/../lib/gcc/sh-elf/9.3.0\libgcc.a(_unpack_df.o)
 .data          0x06025550        0x0 e:/12gits/joengine/compiler/windows/bin/../lib/gcc/sh-elf/9.3.0\libgcc.a(_clz.o)
 .data          0x06025550        0x0 e:/12gits/joengine/compiler/windows/bin/../lib/gcc/sh-elf/9.3.0/../../../../sh-elf/lib\libc.a(lib_a-memcmp.o)
 .data          0x06025550        0x0 e:/12gits/joengine/compiler/windows/bin/../lib/gcc/sh-elf/9.3.0/../../../../sh-elf/lib\libc.a(lib_a-memcpy.o)
 .data          0x06025550        0x0 e:/12gits/joengine/compiler/windows/bin/../lib/gcc/sh-elf/9.3.0/../../../../sh-elf/lib\libc.a(lib_a-memset.o)
 .data          0x06025550        0x0 e:/12gits/joengine/compiler/windows/bin/../lib/gcc/sh-elf/9.3.0/../../../../sh-elf/lib\libc.a(lib_a-sprintf.o)
 .data          0x06025550        0x0 e:/12gits/joengine/compiler/windows/bin/../lib/gcc/sh-elf/9.3.0/../../../../sh-elf/lib\libc.a(lib_a-strncmp.o)
 .data          0x06025550        0x0 e:/12gits/joengine/compiler/windows/bin/../lib/gcc/sh-elf/9.3.0/../../../../sh-elf/lib\libc.a(lib_a-strncpy.o)
 .data          0x06025550      0x41c e:/12gits/joengine/compiler/windows/bin/../lib/gcc/sh-elf/9.3.0/../../../../sh-elf/lib\libc.a(lib_a-impure.o)
                0x06025550                _impure_ptr
 .data          0x0602596c        0x0 e:/12gits/joengine/compiler/windows/bin/../lib/gcc/sh-elf/9.3.0/../../../../sh-elf/lib\libc.a(lib_a-nano-svfprintf.o)
 .data          0x0602596c        0x0 e:/12gits/joengine/compiler/windows/bin/../lib/gcc/sh-elf/9.3.0/../../../../sh-elf/lib\libc.a(lib_a-nano-vfprintf_i.o)
 .data          0x0602596c        0x0 e:/12gits/joengine/compiler/windows/bin/../lib/gcc/sh-elf/9.3.0/../../../../sh-elf/lib\libc.a(lib_a-memchr.o)
 .data          0x0602596c        0x0 e:/12gits/joengine/compiler/windows/bin/../lib/gcc/sh-elf/9.3.0/../../../../sh-elf/lib\libc.a(lib_a-memmove.o)
 .data          0x0602596c        0x0 e:/12gits/joengine/compiler/windows/bin/../lib/gcc/sh-elf/9.3.0/../../../../sh-elf/lib\libc.a(lib_a-nano-freer.o)
 .data          0x0602596c        0x0 e:/12gits/joengine/compiler/windows/bin/../lib/gcc/sh-elf/9.3.0/../../../../sh-elf/lib\libc.a(lib_a-nano-mallocr.o)
 .data          0x0602596c        0x0 e:/12gits/joengine/compiler/windows/bin/../lib/gcc/sh-elf/9.3.0/../../../../sh-elf/lib\libc.a(lib_a-nano-reallocr.o)
 .data          0x0602596c        0x0 e:/12gits/joengine/compiler/windows/bin/../lib/gcc/sh-elf/9.3.0/../../../../sh-elf/lib\libc.a(lib_a-sbrkr.o)
 .data          0x0602596c        0x0 e:/12gits/joengine/compiler/windows/bin/../lib/gcc/sh-elf/9.3.0/../../../../sh-elf/lib\libc.a(lib_a-syscalls.o)
 .data          0x0602596c        0x0 e:/12gits/joengine/compiler/windows/bin/../lib/gcc/sh-elf/9.3.0/../../../../sh-elf/lib\libc.a(lib_a-trap.o)
 .data          0x0602596c        0x0 e:/12gits/joengine/compiler/windows/bin/../lib/gcc/sh-elf/9.3.0/../../../../sh-elf/lib\libc.a(lib_a-abort.o)
 .data          0x0602596c        0x0 e:/12gits/joengine/compiler/windows/bin/../lib/gcc/sh-elf/9.3.0/../../../../sh-elf/lib\libc.a(lib_a-mlock.o)
 .data          0x0602596c        0x0 e:/12gits/joengine/compiler/windows/bin/../lib/gcc/sh-elf/9.3.0/../../../../sh-elf/lib\libc.a(lib_a-nano-msizer.o)
 .data          0x0602596c        0x0 e:/12gits/joengine/compiler/windows/bin/../lib/gcc/sh-elf/9.3.0/../../../../sh-elf/lib\libc.a(lib_a-signal.o)
 .data          0x0602596c        0x0 e:/12gits/joengine/compiler/windows/bin/../lib/gcc/sh-elf/9.3.0/../../../../sh-elf/lib\libc.a(lib_a-signalr.o)
                0x0602596c                __edata = .

.rodata         0x06025980      0x150
 *(.rodata)
 .rodata        0x06025980       0x10 ../../jo_engine/math.o
 .rodata        0x06025990        0xa ../../jo_engine/sprites.o
 *fill*         0x0602599a        0x2 
 .rodata        0x0602599c       0x10 e:/12gits/joengine/compiler/windows/bin/../lib/gcc/sh-elf/9.3.0\libgcc.a(_thenan_sf.o)
                0x0602599c                __thenan_sf
 .rodata        0x060259ac       0x14 e:/12gits/joengine/compiler/windows/bin/../lib/gcc/sh-elf/9.3.0\libgcc.a(_thenan_df.o)
                0x060259ac                __thenan_df
 .rodata        0x060259c0      0x100 e:/12gits/joengine/compiler/windows/bin/../lib/gcc/sh-elf/9.3.0\libgcc.a(_clz.o)
                0x060259c0                __clz_tab
 .rodata        0x06025ac0        0x4 e:/12gits/joengine/compiler/windows/bin/../lib/gcc/sh-elf/9.3.0/../../../../sh-elf/lib\libc.a(lib_a-impure.o)
                0x06025ac0                _global_impure_ptr

.rodata.str1.4  0x06025ad0      0xd50
 .rodata.str1.4
                0x06025ad0        0xb main.o
 *fill*         0x06025adb        0x1 
 .rodata.str1.4
                0x06025adc      0x142 ../../jo_engine/tga.o
 *fill*         0x06025c1e        0x2 
 .rodata.str1.4
                0x06025c20      0x203 ../../jo_engine/fs.o
 *fill*         0x06025e23        0x1 
 .rodata.str1.4
                0x06025e24       0x67 ../../jo_engine/slave.o
 *fill*         0x06025e8b        0x1 
 .rodata.str1.4
                0x06025e8c       0xb9 ../../jo_engine/font.o
 *fill*         0x06025f45        0x3 
 .rodata.str1.4
                0x06025f48      0x20d ../../jo_engine/core.o
 *fill*         0x06026155        0x3 
 .rodata.str1.4
                0x06026158       0x2f ../../jo_engine/math.o
 *fill*         0x06026187        0x1 
 .rodata.str1.4
                0x06026188       0xdf ../../jo_engine/malloc.o
 *fill*         0x06026267        0x1 
 .rodata.str1.4
                0x06026268       0x65 ../../jo_engine/tools.o
 *fill*         0x060262cd        0x3 
 .rodata.str1.4
                0x060262d0       0x6a ../../jo_engine/palette.o
 *fill*         0x0602633a        0x2 
 .rodata.str1.4
                0x0602633c      0x137 ../../jo_engine/sprites.o
 *fill*         0x06026473        0x1 
 .rodata.str1.4
                0x06026474       0x82 ../../jo_engine/map.o
 *fill*         0x060264f6        0x2 
 .rodata.str1.4
                0x060264f8       0x2e ../../jo_engine/list.o
 *fill*         0x06026526        0x2 
 .rodata.str1.4
                0x06026528       0x7b ../../jo_engine/sprite_animator.o
 *fill*         0x060265a3        0x1 
 .rodata.str1.4
                0x060265a4      0x17c ../../jo_engine/image.o
 .rodata.str1.4
                0x06026720       0x69 ../../jo_engine/vdp2.o
 *fill*         0x06026789        0x3 
 .rodata.str1.4
                0x0602678c       0x3b ../../jo_engine/vdp2_malloc.o
 *fill*         0x060267c7        0x1 
 .rodata.str1.4
                0x060267c8       0x13 e:/12gits/joengine/compiler/windows/bin/../lib/gcc/sh-elf/9.3.0/../../../../sh-elf/lib\libc.a(lib_a-nano-svfprintf.o)
 *fill*         0x060267db        0x1 
 .rodata.str1.4
                0x060267dc       0x25 e:/12gits/joengine/compiler/windows/bin/../lib/gcc/sh-elf/9.3.0/../../../../sh-elf/lib\libc.a(lib_a-nano-vfprintf_i.o)
 *fill*         0x06026801        0x3 
 .rodata.str1.4
                0x06026804       0x1a e:/12gits/joengine/compiler/windows/bin/../lib/gcc/sh-elf/9.3.0/../../../../sh-elf/lib\libc.a(lib_a-syscalls.o)

.bss            0x06026820    0x63e60
                0x06026820                __bstart = .
 *(.bss)
 .bss           0x06026820        0x0 ../../Compiler/COMMON/SGL_302j/LIB_ELF/SGLAREA.O
 .bss           0x06026820        0x0 main.o
 .bss           0x06026820        0x4 ../../jo_engine/tga.o
 .bss           0x06026824     0x2534 ../../jo_engine/fs.o
                0x06026824                __jo_fs_background_job_count
 .bss           0x06028d58       0x14 ../../jo_engine/slave.o
                0x06028d58                __jo_slave_done_flag
                0x06028d5c                __slave_callbacks
 .bss           0x06028d6c        0x0 ../../jo_engine/font.o
 .bss           0x06028d6c      0x120 ../../jo_engine/input.o
                0x06028d6c                jo_inputs
 .bss           0x06028e8c        0x0 ../../jo_engine/physics.o
 .bss           0x06028e8c    0x60064 ../../jo_engine/core.o
                0x06028e8c                __jo_last_error
 .bss           0x06088ef0        0x0 ../../jo_engine/math.o
 .bss           0x06088ef0       0x70 ../../jo_engine/malloc.o
 .bss           0x06088f60       0x40 ../../jo_engine/tools.o
                0x06088f60                __jo_sprintf_buf
 .bss           0x06088fa0        0x0 ../../jo_engine/palette.o
 .bss           0x06088fa0     0x13f0 ../../jo_engine/sprites.o
                0x06088fa0                __jo_hash_table
                0x0608939c                __jo_sprite_pic
                0x06089b94                __jo_sprite_def
 .bss           0x0608a390       0x50 ../../jo_engine/map.o
 .bss           0x0608a3e0        0x0 ../../jo_engine/list.o
 .bss           0x0608a3e0       0xc1 ../../jo_engine/sprite_animator.o
                0x0608a3e0                __jo_sprite_anim_tab
 .bss           0x0608a4a1        0x0 ../../jo_engine/image.o
 *fill*         0x0608a4a1        0x3 
 .bss           0x0608a4a4       0x34 ../../jo_engine/vdp2.o
                0x0608a4a4                nbg1_bitmap
 .bss           0x0608a4d8        0xc ../../jo_engine/time.o
                0x0608a4d8                delta_time
                0x0608a4dc                time_in_seconds
 .bss           0x0608a4e4        0x0 ../../jo_engine/vdp1_command_pipeline.o
 .bss           0x0608a4e4      0x124 ../../jo_engine/vdp2_malloc.o
                0x0608a4e4                __jo_current_palette_id
 *fill*         0x0608a608        0x8 
 .bss           0x0608a610        0x4 ../../Compiler/COMMON/SGL_302j/LIB_ELF/SEGA_SYS.A(sys_exit.o)
 *fill*         0x0608a614        0xc 
 .bss           0x0608a620        0x0 ../../Compiler/COMMON/SGL_302j/LIB_ELF/SEGA_SYS.A(sys_sub.o)
 .bss           0x0608a620        0x0 ../../Compiler/COMMON/SGL_302j/LIB_ELF/LIBCD.A(CDC_CMN.O)
 .bss           0x0608a620        0x0 ../../Compiler/COMMON/SGL_302j/LIB_ELF/LIBCD.A(CDC_CFS.O)
 .bss           0x0608a620        0x2 ../../Compiler/COMMON/SGL_302j/LIB_ELF/LIBCD.A(CDC_REG.O)
 *fill*         0x0608a622        0xe 
 .bss           0x0608a630        0xc ../../Compiler/COMMON/SGL_302j/LIB_ELF/LIBCD.A(CDC_SUB.O)
 *fill*         0x0608a63c        0x4 
 .bss           0x0608a640        0x0 ../../Compiler/COMMON/SGL_302j/LIB_ELF/LIBCD.A(GFS.O)
 .bss           0x0608a640        0x0 ../../Compiler/COMMON/SGL_302j/LIB_ELF/LIBCD.A(GFS_BUF.O)
 .bss           0x0608a640        0x0 ../../Compiler/COMMON/SGL_302j/LIB_ELF/LIBCD.A(GFS_CDB.O)
 .bss           0x0608a640        0x0 ../../Compiler/COMMON/SGL_302j/LIB_ELF/LIBCD.A(GFS_CDC.O)
 .bss           0x0608a640        0x0 ../../Compiler/COMMON/SGL_302j/LIB_ELF/LIBCD.A(GFS_CDF.O)
 .bss           0x0608a640        0x0 ../../Compiler/COMMON/SGL_302j/LIB_ELF/LIBCD.A(GFS_DIR.O)
 .bss           0x0608a640        0xc ../../Compiler/COMMON/SGL_302j/LIB_ELF/LIBCD.A(GFS_TRN.O)
 *fill*         0x0608a64c        0x4 
 .bss           0x0608a650        0x0 ../../Compiler/COMMON/SGL_302j/LIB_ELF/LIBCD.A(CDC_DRV.O)
 .bss           0x0608a650        0x0 ../../Compiler/COMMON/SGL_302j/LIB_ELF/LIBCD.A(CDC_DEV.O)
 .bss           0x0608a650        0x0 ../../Compiler/COMMON/SGL_302j/LIB_ELF/LIBCD.A(CDC_SEL.O)
 .bss           0x0608a650        0x0 ../../Compiler/COMMON/SGL_302j/LIB_ELF/LIBCD.A(CDC_BIF.O)
 .bss           0x0608a650        0x0 ../../Compiler/COMMON/SGL_302j/LIB_ELF/LIBCD.A(CDC_BIO.O)
 .bss           0x0608a650        0x0 ../../Compiler/COMMON/SGL_302j/LIB_ELF/LIBSGL.A(sglA15.o)
 .bss           0x0608a650        0x0 ../../Compiler/COMMON/SGL_302j/LIB_ELF/LIBSGL.A(sglB001.o)